10.100.60.144 - - [16/Sep/2018:22:41:03 +0545] "GET / HTTP/1.1" 200 59013 "http://m.facebook.com" "Mozilla/5.0 (iPhone; CPU iPhone OS 11_2 like Mac OS X) AppleWebKit/604.4.7 (KHTML, like Gecko) Mobile/15C114 [FBAN/FBIOS;FBAV/172.0.0.46.94;FBBV/108425359;FBDV/iPhone6,2;FBMD/iPhone;FBSN/iOS;FBSV/11.2;FBSS/2;FBCR/Carrier;FBID/phone;FBLC/en_US;FBOP/5;FBRV/110216689]"
66.249.64.201 - - [16/Sep/2018:22:52:46 +0545] "GET /robots.txt HTTP/1.1" 200 67 "-" "Mozilla/5.0 (compatible; Googlebot/2.1; +http://www.google.com/bot.html)"
66.249.64.205 - - [16/Sep/2018:22:52:47 +0545] "GET /locus-2018/ HTTP/1.1" 200 47788 "-" "Mozilla/5.0 (Linux; Android 6.0.1; Nexus 5X Build/MMB29P) AppleWebKit/537.36 (KHTML, like Gecko) Chrome/41.0.2272.96 Mobile Safari/537.36 (compatible; Googlebot/2.1; +http://www.google.com/bot.html)"
46.229.168.133 - - [16/Sep/2018:22:57:11 +0545] "GET /robots.txt HTTP/1.1" 200 67 "-" "Mozilla/5.0 (compatible; SemrushBot/2~bl; +http://www.semrush.com/bot.html)"
46.229.168.131 - - [16/Sep/2018:22:57:13 +0545] "GET / HTTP/1.1" 301 - "-" "Mozilla/5.0 (compatible; SemrushBot/2~bl; +http://www.semrush.com/bot.html)"
46.229.168.136 - - [16/Sep/2018:22:57:18 +0545] "GET / HTTP/1.1" 200 59014 "-" "Mozilla/5.0 (compatible; SemrushBot/2~bl; +http://www.semrush.com/bot.html)"
216.244.66.232 - - [16/Sep/2018:23:06:35 +0545] "GET /img/team/ashuta.jpg HTTP/1.1" 404 33545 "-" "Mozilla/5.0 (compatible; DotBot/1.1; http://www.opensiteexplorer.org/dotbot, help@moz.com)"
46.229.168.139 - - [16/Sep/2018:23:22:20 +0545] "GET /locus-2018/ HTTP/1.1" 200 47787 "-" "Mozilla/5.0 (compatible; SemrushBot/2~bl; +http://www.semrush.com/bot.html)"
66.249.64.203 - - [16/Sep/2018:23:30:39 +0545] "GET /contact-us/ HTTP/1.1" 200 37546 "-" "Mozilla/5.0 (Linux; Android 6.0.1; Nexus 5X Build/MMB29P) AppleWebKit/537.36 (KHTML, like Gecko) Chrome/41.0.2272.96 Mobile Safari/537.36 (compatible; Googlebot/2.1; +http://www.google.com/bot.html)"
192.168.10.1 - - [16/Sep/2018:23:52:06 +0545] "POST /wp-cron.php?doing_wp_cron=1537121226.9092860221862792968750 HTTP/1.1" 200 - "https://locus.pcampus.edu.np/wp-cron.php?doing_wp_cron=1537121226.9092860221862792968750" "WordPress/4.9.8; https://locus.pcampus.edu.np"
54.36.150.125 - - [16/Sep/2018:23:52:06 +0545] "GET /robots.txt HTTP/1.1" 200 67 "-" "Mozilla/5.0 (compatible; AhrefsBot/5.2; +http://ahrefs.com/robot/)"
54.36.148.35 - - [16/Sep/2018:23:52:08 +0545] "GET /portfolio/yomari-code-camp/ HTTP/1.1" 200 76456 "-" "Mozilla/5.0 (compatible; AhrefsBot/5.2; +http://ahrefs.com/robot/)"
66.249.64.201 - - [17/Sep/2018:00:10:24 +0545] "GET /locus-2015/ HTTP/1.1" 200 48880 "-" "Mozilla/5.0 (Linux; Android 6.0.1; Nexus 5X Build/MMB29P) AppleWebKit/537.36 (KHTML, like Gecko) Chrome/41.0.2272.96 Mobile Safari/537.36 (compatible; Googlebot/2.1; +http://www.google.com/bot.html)"
46.229.168.136 - - [17/Sep/2018:00:12:47 +0545] "GET /robots.txt HTTP/1.1" 200 67 "-" "Mozilla/5.0 (compatible; SemrushBot/2~bl; +http://www.semrush.com/bot.html)"
46.229.168.140 - - [17/Sep/2018:00:12:51 +0545] "GET /portfolio/photography/ HTTP/1.1" 200 38667 "-" "Mozilla/5.0 (compatible; SemrushBot/2~bl; +http://www.semrush.com/bot.html)"
192.168.10.1 - - [17/Sep/2018:00:46:26 +0545] "POST /wp-cron.php?doing_wp_cron=1537124486.8955988883972167968750 HTTP/1.1" 200 - "https://locus.pcampus.edu.np/wp-cron.php?doing_wp_cron=1537124486.8955988883972167968750" "WordPress/4.9.8; https://locus.pcampus.edu.np"
66.249.64.205 - - [17/Sep/2018:00:46:26 +0545] "GET /portfolio/robo-warz HTTP/1.1" 301 - "-" "Mozilla/5.0 (Linux; Android 6.0.1; Nexus 5X Build/MMB29P) AppleWebKit/537.36 (KHTML, like Gecko) Chrome/41.0.2272.96 Mobile Safari/537.36 (compatible; Googlebot/2.1; +http://www.google.com/bot.html)"
88.99.2.203 - - [17/Sep/2018:00:49:43 +0545] "GET /comments/feed/ HTTP/1.1" 304 - "-" "AwarioRssBot/1.0 (+https://awario.com/bots.html; bots@awario.com)"
18.234.236.19 - - [17/Sep/2018:01:23:23 +0545] "GET / HTTP/1.1" 301 - "-" "Mozilla/5.0 (compatible; SurdotlyBot/1.0; +http://sur.ly/bot.html)"
18.234.236.19 - - [17/Sep/2018:01:23:26 +0545] "GET / HTTP/1.1" 200 59014 "-" "Mozilla/5.0 (compatible; SurdotlyBot/1.0; +http://sur.ly/bot.html)"
192.168.10.1 - - [17/Sep/2018:01:23:23 +0545] "POST /wp-cron.php?doing_wp_cron=1537126703.6743400096893310546875 HTTP/1.1" 200 - "http://locus.pcampus.edu.np/wp-cron.php?doing_wp_cron=1537126703.6743400096893310546875" "WordPress/4.9.8; https://locus.pcampus.edu.np"
66.249.64.201 - - [17/Sep/2018:01:25:22 +0545] "GET /wp-admin/admin-ajax.php HTTP/1.1" 400 1 "-" "Mozilla/5.0 (Linux; Android 6.0.1; Nexus 5X Build/MMB29P) AppleWebKit/537.36 (KHTML, like Gecko) Chrome/41.0.2272.96 Mobile Safari/537.36 (compatible; Googlebot/2.1; +http://www.google.com/bot.html)"
192.168.10.1 - - [17/Sep/2018:02:02:13 +0545] "POST /wp-cron.php?doing_wp_cron=1537129033.5734949111938476562500 HTTP/1.1" 200 - "https://locus.pcampus.edu.np/wp-cron.php?doing_wp_cron=1537129033.5734949111938476562500" "WordPress/4.9.8; https://locus.pcampus.edu.np"
66.249.64.205 - - [17/Sep/2018:02:02:13 +0545] "GET /locus-2018-project-form/ HTTP/1.1" 200 36795 "-" "Mozilla/5.0 (Linux; Android 6.0.1; Nexus 5X Build/MMB29P) AppleWebKit/537.36 (KHTML, like Gecko) Chrome/41.0.2272.96 Mobile Safari/537.36 (compatible; Googlebot/2.1; +http://www.google.com/bot.html)"
192.168.10.1 - - [17/Sep/2018:02:41:12 +0545] "POST /wp-cron.php?doing_wp_cron=1537131372.8662319183349609375000 HTTP/1.1" 200 - "https://locus.pcampus.edu.np/wp-cron.php?doing_wp_cron=1537131372.8662319183349609375000" "WordPress/4.9.8; https://locus.pcampus.edu.np"
66.249.64.201 - - [17/Sep/2018:02:41:12 +0545] "GET /comments/feed/ HTTP/1.1" 200 7179 "-" "Mozilla/5.0 (Linux; Android 6.0.1; Nexus 5X Build/MMB29P) AppleWebKit/537.36 (KHTML, like Gecko) Chrome/41.0.2272.96 Mobile Safari/537.36 (compatible; Googlebot/2.1; +http://www.google.com/bot.html)"
46.229.168.143 - - [17/Sep/2018:03:16:17 +0545] "GET /robots.txt HTTP/1.1" 200 67 "-" "Mozilla/5.0 (compatible; SemrushBot/2~bl; +http://www.semrush.com/bot.html)"
46.229.168.136 - - [17/Sep/2018:03:16:19 +0545] "GET /robots.txt HTTP/1.1" 200 67 "-" "Mozilla/5.0 (compatible; SemrushBot/2~bl; +http://www.semrush.com/bot.html)"
46.229.168.133 - - [17/Sep/2018:03:16:20 +0545] "GET / HTTP/1.1" 301 - "-" "Mozilla/5.0 (compatible; SemrushBot/2~bl; +http://www.semrush.com/bot.html)"
46.229.168.136 - - [17/Sep/2018:03:16:22 +0545] "GET / HTTP/1.1" 200 59014 "-" "Mozilla/5.0 (compatible; SemrushBot/2~bl; +http://www.semrush.com/bot.html)"
66.249.64.203 - - [17/Sep/2018:03:18:00 +0545] "GET /portfolio/photography/ HTTP/1.1" 200 68508 "-" "Mozilla/5.0 (Linux; Android 6.0.1; Nexus 5X Build/MMB29P) AppleWebKit/537.36 (KHTML, like Gecko) Chrome/41.0.2272.96 Mobile Safari/537.36 (compatible; Googlebot/2.1; +http://www.google.com/bot.html)"
46.229.168.135 - - [17/Sep/2018:03:21:13 +0545] "GET /2018/01/08/robo-warz-registration/ HTTP/1.1" 200 44339 "-" "Mozilla/5.0 (compatible; SemrushBot/2~bl; +http://www.semrush.com/bot.html)"
54.36.150.125 - - [17/Sep/2018:03:31:52 +0545] "GET /robots.txt HTTP/1.1" 200 67 "-" "Mozilla/5.0 (compatible; AhrefsBot/5.2; +http://ahrefs.com/robot/)"
54.36.149.55 - - [17/Sep/2018:03:31:53 +0545] "GET / HTTP/1.1" 301 - "-" "Mozilla/5.0 (compatible; AhrefsBot/5.2; +http://ahrefs.com/robot/)"
192.168.10.1 - - [17/Sep/2018:03:42:22 +0545] "POST /wp-cron.php?doing_wp_cron=1537135042.7784149646759033203125 HTTP/1.1" 200 - "https://locus.pcampus.edu.np/wp-cron.php?doing_wp_cron=1537135042.7784149646759033203125" "WordPress/4.9.8; https://locus.pcampus.edu.np"
46.229.168.140 - - [17/Sep/2018:03:42:22 +0545] "GET /author/locus/ HTTP/1.1" 200 40018 "-" "Mozilla/5.0 (compatible; SemrushBot/2~bl; +http://www.semrush.com/bot.html)"
31.184.238.23 - - [17/Sep/2018:03:50:33 +0545] "GET /portfolio/hack-a-week/ HTTP/1.0" 200 45630 "https://locus.pcampus.edu.np/portfolio/hack-a-week/#comment-2421/" "Mozilla/5.0 (Windows NT 6.1; Win64; x64) AppleWebKit/537.36 (KHTML, like Gecko) Chrome/67.0.3396.79 Safari/537.36"
31.184.238.23 - - [17/Sep/2018:03:50:35 +0545] "POST /wp-comments-post.php HTTP/1.0" 200 2832 "https://locus.pcampus.edu.np/portfolio/hack-a-week/#comment-2421/" "Mozilla/5.0 (Windows NT 6.1; Win64; x64) AppleWebKit/537.36 (KHTML, like Gecko) Chrome/67.0.3396.79 Safari/537.36"
31.184.238.23 - - [17/Sep/2018:03:50:36 +0545] "GET /portfolio/hack-a-week/ HTTP/1.0" 200 45590 "http://locus.pcampus.edu.np/portfolio/hack-a-week/#comment-2421/" "Mozilla/5.0 (Windows NT 6.1; Win64; x64) AppleWebKit/537.36 (KHTML, like Gecko) Chrome/67.0.3396.79 Safari/537.36"
31.184.238.23 - - [17/Sep/2018:03:50:37 +0545] "GET /portfolio/hack-a-week/ HTTP/1.0" 200 45590 "http://locus.pcampus.edu.np/portfolio/hack-a-week/#comment-2421/" "Mozilla/5.0 (Windows NT 6.1; Win64; x64) AppleWebKit/537.36 (KHTML, like Gecko) Chrome/67.0.3396.79 Safari/537.36"
66.249.64.205 - - [17/Sep/2018:03:55:56 +0545] "GET /portfolio/yomari-code-camp/ HTTP/1.1" 200 46614 "-" "Mozilla/5.0 (Linux; Android 6.0.1; Nexus 5X Build/MMB29P) AppleWebKit/537.36 (KHTML, like Gecko) Chrome/41.0.2272.96 Mobile Safari/537.36 (compatible; Googlebot/2.1; +http://www.google.com/bot.html)"
66.249.64.201 - - [17/Sep/2018:04:35:28 +0545] "GET /portfolio/logpoint-codejam/ HTTP/1.1" 200 42458 "-" "Mozilla/5.0 (Linux; Android 6.0.1; Nexus 5X Build/MMB29P) AppleWebKit/537.36 (KHTML, like Gecko) Chrome/41.0.2272.96 Mobile Safari/537.36 (compatible; Googlebot/2.1; +http://www.google.com/bot.html)"
192.168.10.1 - - [17/Sep/2018:04:36:53 +0545] "POST /wp-cron.php?doing_wp_cron=1537138313.1347999572753906250000 HTTP/1.1" 200 - "https://locus.pcampus.edu.np/wp-cron.php?doing_wp_cron=1537138313.1347999572753906250000" "WordPress/4.9.8; https://locus.pcampus.edu.np"
54.36.149.95 - - [17/Sep/2018:04:36:53 +0545] "GET /portfolio/photography/ HTTP/1.1" 200 38667 "-" "Mozilla/5.0 (compatible; AhrefsBot/5.2; +http://ahrefs.com/robot/)"
18.237.227.177 - - [17/Sep/2018:04:47:32 +0545] "GET / HTTP/1.1" 301 - "-" "Mozilla/5.0 (X11; Ubuntu; Linux x86_64) AppleWebKit/537.36 (KHTML, like Gecko) Chrome/60.0.3112.101 Safari/537.36"
18.237.227.177 - - [17/Sep/2018:04:47:35 +0545] "GET / HTTP/1.1" 200 59014 "-" "Mozilla/5.0 (X11; Ubuntu; Linux x86_64) AppleWebKit/537.36 (KHTML, like Gecko) Chrome/60.0.3112.101 Safari/537.36"
46.229.168.145 - - [17/Sep/2018:04:48:31 +0545] "GET /robots.txt HTTP/1.1" 200 67 "-" "Mozilla/5.0 (compatible; SemrushBot/2~bl; +http://www.semrush.com/bot.html)"
46.229.168.143 - - [17/Sep/2018:04:48:35 +0545] "GET /portfolio/logpoint-codejam/ HTTP/1.1" 200 72303 "-" "Mozilla/5.0 (compatible; SemrushBot/2~bl; +http://www.semrush.com/bot.html)"
18.237.226.223 - - [17/Sep/2018:04:50:31 +0545] "GET / HTTP/1.1" 301 - "-" "Mozilla/5.0 (X11; Ubuntu; Linux x86_64) AppleWebKit/537.36 (KHTML, like Gecko) Chrome/60.0.3112.101 Safari/537.36"
18.237.226.223 - - [17/Sep/2018:04:50:39 +0545] "GET / HTTP/1.1" 200 59014 "-" "Mozilla/5.0 (X11; Ubuntu; Linux x86_64) AppleWebKit/537.36 (KHTML, like Gecko) Chrome/60.0.3112.101 Safari/537.36"
66.249.64.203 - - [17/Sep/2018:05:11:40 +0545] "GET /portfolio/locus-project-competition/ HTTP/1.1" 200 45885 "-" "Mozilla/5.0 (Linux; Android 6.0.1; Nexus 5X Build/MMB29P) AppleWebKit/537.36 (KHTML, like Gecko) Chrome/41.0.2272.96 Mobile Safari/537.36 (compatible; Googlebot/2.1; +http://www.google.com/bot.html)"
216.244.66.232 - - [17/Sep/2018:05:36:02 +0545] "GET /robots.txt HTTP/1.1" 200 67 "-" "Mozilla/5.0 (compatible; DotBot/1.1; http://www.opensiteexplorer.org/dotbot, help@moz.com)"
192.168.10.1 - - [17/Sep/2018:05:50:34 +0545] "POST /wp-cron.php?doing_wp_cron=1537142734.4413480758666992187500 HTTP/1.1" 200 - "https://locus.pcampus.edu.np/wp-cron.php?doing_wp_cron=1537142734.4413480758666992187500" "WordPress/4.9.8; https://locus.pcampus.edu.np"
66.249.64.201 - - [17/Sep/2018:05:50:34 +0545] "GET /portfolio/hackathon/feed/ HTTP/1.1" 200 777 "-" "Mozilla/5.0 (Linux; Android 6.0.1; Nexus 5X Build/MMB29P) AppleWebKit/537.36 (KHTML, like Gecko) Chrome/41.0.2272.96 Mobile Safari/537.36 (compatible; Googlebot/2.1; +http://www.google.com/bot.html)"
66.249.64.213 - - [17/Sep/2018:06:27:27 +0545] "GET /portfolio/robo-warz/feed/ HTTP/1.1" 200 790 "-" "Mozilla/5.0 (Linux; Android 6.0.1; Nexus 5X Build/MMB29P) AppleWebKit/537.36 (KHTML, like Gecko) Chrome/41.0.2272.96 Mobile Safari/537.36 (compatible; Googlebot/2.1; +http://www.google.com/bot.html)"
192.168.10.1 - - [17/Sep/2018:07:03:14 +0545] "POST /wp-cron.php?doing_wp_cron=1537147094.5843150615692138671875 HTTP/1.1" 200 - "http://locus.pcampus.edu.np/wp-cron.php?doing_wp_cron=1537147094.5843150615692138671875" "WordPress/4.9.8; https://locus.pcampus.edu.np"
180.97.35.89 - - [17/Sep/2018:07:03:14 +0545] "GET / HTTP/1.1" 301 - "http://www.baidu.com/s?wd=TDO" "Mozilla/5.0 (Windows NT 6.1; WOW64; rv:43.0) Gecko/20100101 Firefox/43.0"
180.97.35.219 - - [17/Sep/2018:07:03:16 +0545] "GET / HTTP/1.1" 200 59013 "-" "Mozilla/5.0 (Windows NT 6.1; WOW64; rv:43.0) Gecko/20100101 Firefox/43.0"
180.97.35.219 - - [17/Sep/2018:07:03:17 +0545] "GET /wp-includes/js/wp-emoji-release.min.js?ver=4.9.8 HTTP/1.1" 200 12026 "https://locus.pcampus.edu.np/" "Mozilla/5.0 (Windows NT 6.1; WOW64; rv:43.0) Gecko/20100101 Firefox/43.0"
180.97.35.219 - - [17/Sep/2018:07:03:17 +0545] "GET /wp-content/plugins/accesspress-social-icons/css/frontend.css?ver=1.6.9 HTTP/1.1" 200 2559 "https://locus.pcampus.edu.np/" "Mozilla/5.0 (Windows NT 6.1; WOW64; rv:43.0) Gecko/20100101 Firefox/43.0"
180.97.35.88 - - [17/Sep/2018:07:03:17 +0545] "GET /wp-content/plugins/accesspress-social-icons/css/animate.css?ver=1.6.9 HTTP/1.1" 200 72922 "https://locus.pcampus.edu.np/" "Mozilla/5.0 (Windows NT 6.1; WOW64; rv:43.0) Gecko/20100101 Firefox/43.0"
180.97.35.91 - - [17/Sep/2018:07:03:17 +0545] "GET /wp-content/plugins/contact-form-7/includes/css/styles.css?ver=4.9.2 HTTP/1.1" 200 1606 "https://locus.pcampus.edu.np/" "Mozilla/5.0 (Windows NT 6.1; WOW64; rv:43.0) Gecko/20100101 Firefox/43.0"
180.97.35.165 - - [17/Sep/2018:07:03:17 +0545] "GET /wp-content/plugins/easy-facebook-likebox/public/assets/css/public.css?ver=4.3.5 HTTP/1.1" 200 12658 "https://locus.pcampus.edu.np/" "Mozilla/5.0 (Windows NT 6.1; WOW64; rv:43.0) Gecko/20100101 Firefox/43.0"
180.97.35.20 - - [17/Sep/2018:07:03:17 +0545] "GET /wp-content/plugins/easy-facebook-likebox/public/assets/css/font-awesome.css?ver=4.3.5 HTTP/1.1" 200 30546 "https://locus.pcampus.edu.np/" "Mozilla/5.0 (Windows NT 6.1; WOW64; rv:43.0) Gecko/20100101 Firefox/43.0"
180.97.35.219 - - [17/Sep/2018:07:03:17 +0545] "GET /wp-content/plugins/easy-facebook-likebox/public/assets/css/animate.css?ver=4.3.5 HTTP/1.1" 200 72259 "https://locus.pcampus.edu.np/" "Mozilla/5.0 (Windows NT 6.1; WOW64; rv:43.0) Gecko/20100101 Firefox/43.0"
180.97.35.219 - - [17/Sep/2018:07:03:18 +0545] "GET /wp-content/plugins/easy-facebook-likebox/public/assets/popup/magnific-popup.css?ver=4.3.5 HTTP/1.1" 200 7789 "https://locus.pcampus.edu.np/" "Mozilla/5.0 (Windows NT 6.1; WOW64; rv:43.0) Gecko/20100101 Firefox/43.0"
180.97.35.91 - - [17/Sep/2018:07:03:18 +0545] "GET /wp-content/plugins/jquery-t-countdown-widget/css/cloud-city/style.css?ver=2.0 HTTP/1.1" 200 2055 "https://locus.pcampus.edu.np/" "Mozilla/5.0 (Windows NT 6.1; WOW64; rv:43.0) Gecko/20100101 Firefox/43.0"
180.97.35.165 - - [17/Sep/2018:07:03:18 +0545] "GET /wp-content/plugins/siteorigin-panels/css/front-flex.css?ver=2.6.2 HTTP/1.1" 200 1315 "https://locus.pcampus.edu.np/" "Mozilla/5.0 (Windows NT 6.1; WOW64; rv:43.0) Gecko/20100101 Firefox/43.0"
180.97.35.219 - - [17/Sep/2018:07:03:18 +0545] "GET /wp-content/plugins/ultimate-faqs/css/ewd-ufaq-styles.css?ver=4.9.8 HTTP/1.1" 200 10645 "https://locus.pcampus.edu.np/" "Mozilla/5.0 (Windows NT 6.1; WOW64; rv:43.0) Gecko/20100101 Firefox/43.0"
180.97.35.91 - - [17/Sep/2018:07:03:18 +0545] "GET /wp-content/plugins/ultimate-faqs/css/rrssb-min.css?ver=4.9.8 HTTP/1.1" 200 11079 "https://locus.pcampus.edu.np/" "Mozilla/5.0 (Windows NT 6.1; WOW64; rv:43.0) Gecko/20100101 Firefox/43.0"
180.97.35.165 - - [17/Sep/2018:07:03:18 +0545] "GET /wp-content/themes/flash/css/font-awesome.min.css?ver=4.9.8 HTTP/1.1" 200 31000 "https://locus.pcampus.edu.np/" "Mozilla/5.0 (Windows NT 6.1; WOW64; rv:43.0) Gecko/20100101 Firefox/43.0"
180.97.35.219 - - [17/Sep/2018:07:03:18 +0545] "GET /wp-content/themes/flash/style.css?ver=4.9.8 HTTP/1.1" 200 78834 "https://locus.pcampus.edu.np/" "Mozilla/5.0 (Windows NT 6.1; WOW64; rv:43.0) Gecko/20100101 Firefox/43.0"
180.97.35.20 - - [17/Sep/2018:07:03:18 +0545] "GET /wp-content/themes/flash/css/responsive.min.css?ver=4.9.8 HTTP/1.1" 200 10127 "https://locus.pcampus.edu.np/" "Mozilla/5.0 (Windows NT 6.1; WOW64; rv:43.0) Gecko/20100101 Firefox/43.0"
180.97.35.219 - - [17/Sep/2018:07:03:18 +0545] "GET /wp-content/themes/flash/css/swiper.min.css?ver=4.9.8 HTTP/1.1" 200 17216 "https://locus.pcampus.edu.np/" "Mozilla/5.0 (Windows NT 6.1; WOW64; rv:43.0) Gecko/20100101 Firefox/43.0"
180.97.35.88 - - [17/Sep/2018:07:03:19 +0545] "GET /wp-includes/js/jquery/jquery.js?ver=1.12.4 HTTP/1.1" 200 97184 "https://locus.pcampus.edu.np/" "Mozilla/5.0 (Windows NT 6.1; WOW64; rv:43.0) Gecko/20100101 Firefox/43.0"
180.97.35.91 - - [17/Sep/2018:07:03:19 +0545] "GET /wp-includes/js/jquery/jquery-migrate.min.js?ver=1.4.1 HTTP/1.1" 200 10056 "https://locus.pcampus.edu.np/" "Mozilla/5.0 (Windows NT 6.1; WOW64; rv:43.0) Gecko/20100101 Firefox/43.0"
180.97.35.219 - - [17/Sep/2018:07:03:19 +0545] "GET /wp-content/plugins/accesspress-social-icons/js/frontend.js?ver=1.6.9 HTTP/1.1" 200 1729 "https://locus.pcampus.edu.np/" "Mozilla/5.0 (Windows NT 6.1; WOW64; rv:43.0) Gecko/20100101 Firefox/43.0"
180.97.35.20 - - [17/Sep/2018:07:03:19 +0545] "GET /wp-content/plugins/easy-facebook-likebox/public/assets/popup/jquery.magnific-popup.min.js?ver=4.3.5 HTTP/1.1" 200 21094 "https://locus.pcampus.edu.np/" "Mozilla/5.0 (Windows NT 6.1; WOW64; rv:43.0) Gecko/20100101 Firefox/43.0"
180.97.35.219 - - [17/Sep/2018:07:03:19 +0545] "GET /wp-content/plugins/easy-facebook-likebox/public/assets/js/jquery.cookie.js?ver=4.3.5 HTTP/1.1" 200 3128 "https://locus.pcampus.edu.np/" "Mozilla/5.0 (Windows NT 6.1; WOW64; rv:43.0) Gecko/20100101 Firefox/43.0"
180.97.35.91 - - [17/Sep/2018:07:03:19 +0545] "GET /wp-content/plugins/easy-facebook-likebox/public/assets/js/public.js?ver=4.3.5 HTTP/1.1" 200 5553 "https://locus.pcampus.edu.np/" "Mozilla/5.0 (Windows NT 6.1; WOW64; rv:43.0) Gecko/20100101 Firefox/43.0"
180.97.35.165 - - [17/Sep/2018:07:03:19 +0545] "GET /wp-content/plugins/contact-form-7/includes/js/scripts.js?ver=4.9.2 HTTP/1.1" 200 14092 "https://locus.pcampus.edu.np/" "Mozilla/5.0 (Windows NT 6.1; WOW64; rv:43.0) Gecko/20100101 Firefox/43.0"
180.97.35.219 - - [17/Sep/2018:07:03:19 +0545] "GET /wp-content/plugins/jquery-t-countdown-widget/js/jquery.t-countdown.js?ver=1.5.12 HTTP/1.1" 200 8868 "https://locus.pcampus.edu.np/" "Mozilla/5.0 (Windows NT 6.1; WOW64; rv:43.0) Gecko/20100101 Firefox/43.0"
180.97.35.20 - - [17/Sep/2018:07:03:19 +0545] "GET /wp-content/themes/flash/js/jquery.sticky.min.js?ver=4.9.8 HTTP/1.1" 200 4781 "https://locus.pcampus.edu.np/" "Mozilla/5.0 (Windows NT 6.1; WOW64; rv:43.0) Gecko/20100101 Firefox/43.0"
180.97.35.219 - - [17/Sep/2018:07:03:19 +0545] "GET /wp-content/themes/flash/js/jquery.nav.min.js?ver=4.9.8 HTTP/1.1" 200 2627 "https://locus.pcampus.edu.np/" "Mozilla/5.0 (Windows NT 6.1; WOW64; rv:43.0) Gecko/20100101 Firefox/43.0"
180.97.35.88 - - [17/Sep/2018:07:03:19 +0545] "GET /wp-content/themes/flash/js/flash.min.js?ver=4.9.8 HTTP/1.1" 200 3603 "https://locus.pcampus.edu.np/" "Mozilla/5.0 (Windows NT 6.1; WOW64; rv:43.0) Gecko/20100101 Firefox/43.0"
180.97.35.91 - - [17/Sep/2018:07:03:19 +0545] "GET /wp-content/themes/flash/js/skip-link-focus-fix.js?ver=20151215 HTTP/1.1" 200 880 "https://locus.pcampus.edu.np/" "Mozilla/5.0 (Windows NT 6.1; WOW64; rv:43.0) Gecko/20100101 Firefox/43.0"
180.97.35.165 - - [17/Sep/2018:07:03:19 +0545] "GET /wp-content/plugins/easy-twitter-feed-widget/js/twitter-widgets.js?ver=1.0 HTTP/1.1" 200 486 "https://locus.pcampus.edu.np/" "Mozilla/5.0 (Windows NT 6.1; WOW64; rv:43.0) Gecko/20100101 Firefox/43.0"
180.97.35.219 - - [17/Sep/2018:07:03:19 +0545] "GET /wp-content/themes/flash/js/swiper.jquery.min.js?ver=4.9.8 HTTP/1.1" 200 68716 "https://locus.pcampus.edu.np/" "Mozilla/5.0 (Windows NT 6.1; WOW64; rv:43.0) Gecko/20100101 Firefox/43.0"
180.97.35.20 - - [17/Sep/2018:07:03:20 +0545] "GET /wp-content/themes/flash/js/isotope.pkgd.min.js?ver=4.9.8 HTTP/1.1" 200 34695 "https://locus.pcampus.edu.np/" "Mozilla/5.0 (Windows NT 6.1; WOW64; rv:43.0) Gecko/20100101 Firefox/43.0"
180.97.35.219 - - [17/Sep/2018:07:03:20 +0545] "GET /wp-includes/js/wp-embed.min.js?ver=4.9.8 HTTP/1.1" 200 1398 "https://locus.pcampus.edu.np/" "Mozilla/5.0 (Windows NT 6.1; WOW64; rv:43.0) Gecko/20100101 Firefox/43.0"
180.97.35.88 - - [17/Sep/2018:07:03:20 +0545] "GET /wp-content/plugins/siteorigin-panels/js/styling-262.min.js?ver=2.6.2 HTTP/1.1" 200 848 "https://locus.pcampus.edu.np/" "Mozilla/5.0 (Windows NT 6.1; WOW64; rv:43.0) Gecko/20100101 Firefox/43.0"
180.97.35.165 - - [17/Sep/2018:07:03:20 +0545] "GET /wp-content/plugins/google-maps-widget/js/jquery.colorbox.min.js?ver=3.77 HTTP/1.1" 200 11929 "https://locus.pcampus.edu.np/" "Mozilla/5.0 (Windows NT 6.1; WOW64; rv:43.0) Gecko/20100101 Firefox/43.0"
180.97.35.91 - - [17/Sep/2018:07:03:20 +0545] "GET /wp-content/plugins/google-maps-widget/js/gmw.js?ver=3.77 HTTP/1.1" 200 4372 "https://locus.pcampus.edu.np/" "Mozilla/5.0 (Windows NT 6.1; WOW64; rv:43.0) Gecko/20100101 Firefox/43.0"
180.97.35.219 - - [17/Sep/2018:07:03:21 +0545] "GET /wp-content/themes/flash/fonts/fontawesome-webfont.woff?v=4.7.0 HTTP/1.1" 200 98024 "https://locus.pcampus.edu.np/" "Mozilla/5.0 (Windows NT 6.1; WOW64; rv:43.0) Gecko/20100101 Firefox/43.0"
180.97.35.20 - - [17/Sep/2018:07:03:21 +0545] "GET /wp-content/plugins/easy-facebook-likebox/public/assets/fonts/fontawesome-webfont.woff?v=4.3.0 HTTP/1.1" 200 90412 "https://locus.pcampus.edu.np/" "Mozilla/5.0 (Windows NT 6.1; WOW64; rv:43.0) Gecko/20100101 Firefox/43.0"
180.97.35.88 - - [17/Sep/2018:07:03:22 +0545] "GET /wp-content/plugins/google-maps-widget/css/gmw.css?ver=3.77 HTTP/1.1" 200 6001 "https://locus.pcampus.edu.np/" "Mozilla/5.0 (Windows NT 6.1; WOW64; rv:43.0) Gecko/20100101 Firefox/43.0"
66.249.64.203 - - [17/Sep/2018:07:05:37 +0545] "GET /portfolio/dronacharya/feed/ HTTP/1.1" 200 796 "-" "Mozilla/5.0 (Linux; Android 6.0.1; Nexus 5X Build/MMB29P) AppleWebKit/537.36 (KHTML, like Gecko) Chrome/41.0.2272.96 Mobile Safari/537.36 (compatible; Googlebot/2.1; +http://www.google.com/bot.html)"
66.249.64.215 - - [17/Sep/2018:07:10:43 +0545] "GET /robots.txt HTTP/1.1" 200 67 "-" "Mozilla/5.0 (compatible; Googlebot/2.1; +http://www.google.com/bot.html)"
66.249.64.219 - - [17/Sep/2018:07:10:43 +0545] "GET / HTTP/1.1" 301 - "-" "Mozilla/5.0 (Linux; Android 6.0.1; Nexus 5X Build/MMB29P) AppleWebKit/537.36 (KHTML, like Gecko) Chrome/41.0.2272.96 Mobile Safari/537.36 (compatible; Googlebot/2.1; +http://www.google.com/bot.html)"
66.249.64.203 - - [17/Sep/2018:07:10:45 +0545] "GET / HTTP/1.1" 200 59014 "-" "Mozilla/5.0 (Linux; Android 6.0.1; Nexus 5X Build/MMB29P) AppleWebKit/537.36 (KHTML, like Gecko) Chrome/41.0.2272.96 Mobile Safari/537.36 (compatible; Googlebot/2.1; +http://www.google.com/bot.html)"
141.8.142.38 - - [17/Sep/2018:07:28:47 +0545] "GET /robots.txt HTTP/1.1" 200 67 "-" "Mozilla/5.0 (compatible; YandexBot/3.0; +http://yandex.com/bots)"
178.154.244.56 - - [17/Sep/2018:07:28:47 +0545] "GET /robots.txt HTTP/1.1" 200 67 "-" "Mozilla/5.0 (compatible; YandexBot/3.0; +http://yandex.com/bots)"
141.8.142.38 - - [17/Sep/2018:07:28:50 +0545] "GET / HTTP/1.1" 301 - "-" "Mozilla/5.0 (compatible; YandexBot/3.0; +http://yandex.com/bots)"
178.154.244.56 - - [17/Sep/2018:07:28:50 +0545] "GET / HTTP/1.1" 200 59013 "-" "Mozilla/5.0 (compatible; YandexBot/3.0; +http://yandex.com/bots)"
49.244.14.241 - - [17/Sep/2018:07:37:36 +0545] "GET /wp-content/uploads/2017/12/theme_draft_LOCUS_2018.pdf HTTP/1.1" 200 1614251 "https://www.google.com.np/url?sa=t&rct=j&q=&esrc=s&source=web&cd=2&ved=2ahUKEwjUgdbm9sDdAhVEsY8KHSqnCwMQFjABegQICRAC&url=https%3A%2F%2Flocus.pcampus.edu.np%2Fwp-content%2Fuploads%2F2017%2F12%2Ftheme_draft_LOCUS_2018.pdf&usg=AOvVaw2_i_tS7SXyI0MaMRC3fsfQ" "Mozilla/5.0 (Windows NT 6.1; WOW64; Trident/7.0; MALCJS; rv:11.0) like Gecko"
192.168.10.1 - - [17/Sep/2018:07:43:14 +0545] "POST /wp-cron.php?doing_wp_cron=1537149494.5670359134674072265625 HTTP/1.1" 200 - "https://locus.pcampus.edu.np/wp-cron.php?doing_wp_cron=1537149494.5670359134674072265625" "WordPress/4.9.8; https://locus.pcampus.edu.np"
66.249.64.205 - - [17/Sep/2018:07:43:14 +0545] "GET /portfolio/hack-a-week/feed/ HTTP/1.1" 200 796 "-" "Mozilla/5.0 (Linux; Android 6.0.1; Nexus 5X Build/MMB29P) AppleWebKit/537.36 (KHTML, like Gecko) Chrome/41.0.2272.96 Mobile Safari/537.36 (compatible; Googlebot/2.1; +http://www.google.com/bot.html)"
54.36.148.197 - - [17/Sep/2018:07:46:16 +0545] "GET /portfolio/robo-warz/ HTTP/1.1" 200 48218 "-" "Mozilla/5.0 (compatible; AhrefsBot/5.2; +http://ahrefs.com/robot/)"
37.187.158.97 - - [17/Sep/2018:07:50:19 +0545] "GET /wp-admin/install.php HTTP/1.1" 200 1129 "-" "python-requests/2.19.1"
37.187.158.97 - - [17/Sep/2018:07:50:22 +0545] "GET /wp/wp-admin/install.php HTTP/1.1" 404 33547 "-" "python-requests/2.19.1"
37.187.158.97 - - [17/Sep/2018:07:50:25 +0545] "GET /wordpress/wp-admin/install.php HTTP/1.1" 404 33547 "-" "python-requests/2.19.1"
37.187.158.97 - - [17/Sep/2018:07:50:30 +0545] "GET /new/wp-admin/install.php HTTP/1.1" 404 33545 "-" "python-requests/2.19.1"
37.187.158.97 - - [17/Sep/2018:07:50:33 +0545] "GET /bk/wp-admin/install.php HTTP/1.1" 404 33547 "-" "python-requests/2.19.1"
37.187.158.97 - - [17/Sep/2018:07:50:36 +0545] "GET /backup/wp-admin/install.php HTTP/1.1" 404 63387 "-" "python-requests/2.19.1"
46.229.168.142 - - [17/Sep/2018:08:08:24 +0545] "GET /robots.txt HTTP/1.1" 200 67 "-" "Mozilla/5.0 (compatible; SemrushBot/2~bl; +http://www.semrush.com/bot.html)"
46.229.168.133 - - [17/Sep/2018:08:08:32 +0545] "GET /portfolio/inter-college-quiz/ HTTP/1.1" 200 38433 "-" "Mozilla/5.0 (compatible; SemrushBot/2~bl; +http://www.semrush.com/bot.html)"
178.154.244.56 - - [17/Sep/2018:08:13:12 +0545] "GET /?p=72 HTTP/1.1" 301 - "-" "Mozilla/5.0 (compatible; YandexBot/3.0; +http://yandex.com/bots)"
178.154.244.56 - - [17/Sep/2018:08:13:15 +0545] "GET /portfolio/photography/ HTTP/1.1" 200 38667 "-" "Mozilla/5.0 (compatible; YandexBot/3.0; +http://yandex.com/bots)"
66.249.64.203 - - [17/Sep/2018:08:21:07 +0545] "GET /portfolio/inter-college-quiz/feed/ HTTP/1.1" 200 804 "-" "Mozilla/5.0 (Linux; Android 6.0.1; Nexus 5X Build/MMB29P) AppleWebKit/537.36 (KHTML, like Gecko) Chrome/41.0.2272.96 Mobile Safari/537.36 (compatible; Googlebot/2.1; +http://www.google.com/bot.html)"
40.77.253.103 - - [17/Sep/2018:08:29:48 +0545] "GET /wp-includes/js/wp-emoji-release.min.js?ver=4.9.8 HTTP/1.1" 200 12026 "-" "Mozilla/5.0 (Windows NT 6.1; WOW64) AppleWebKit/534+ (KHTML, like Gecko) BingPreview/1.0b"
40.77.192.31 - - [17/Sep/2018:08:29:49 +0545] "GET /wp-content/plugins/accesspress-social-icons/css/animate.css?ver=1.6.9 HTTP/1.1" 200 72922 "-" "Mozilla/5.0 (Windows NT 6.1; WOW64) AppleWebKit/534+ (KHTML, like Gecko) BingPreview/1.0b"
40.77.195.159 - - [17/Sep/2018:08:29:51 +0545] "GET /wp-content/plugins/accesspress-social-icons/css/frontend.css?ver=1.6.9 HTTP/1.1" 200 2559 "-" "Mozilla/5.0 (Windows NT 6.1; WOW64) AppleWebKit/534+ (KHTML, like Gecko) BingPreview/1.0b"
40.77.193.206 - - [17/Sep/2018:08:29:53 +0545] "GET /wp-content/plugins/contact-form-7/includes/css/styles.css?ver=4.9.2 HTTP/1.1" 200 1606 "-" "Mozilla/5.0 (Windows NT 6.1; WOW64) AppleWebKit/534+ (KHTML, like Gecko) BingPreview/1.0b"
40.77.194.143 - - [17/Sep/2018:08:29:54 +0545] "GET /wp-content/plugins/easy-facebook-likebox/public/assets/css/public.css?ver=4.3.5 HTTP/1.1" 200 12658 "-" "Mozilla/5.0 (Windows NT 6.1; WOW64) AppleWebKit/534+ (KHTML, like Gecko) BingPreview/1.0b"
40.77.192.236 - - [17/Sep/2018:08:29:56 +0545] "GET /wp-content/plugins/easy-facebook-likebox/public/assets/popup/magnific-popup.css?ver=4.3.5 HTTP/1.1" 200 7789 "-" "Mozilla/5.0 (Windows NT 6.1; WOW64) AppleWebKit/534+ (KHTML, like Gecko) BingPreview/1.0b"
40.77.253.160 - - [17/Sep/2018:08:29:57 +0545] "GET /wp-content/plugins/jquery-t-countdown-widget/css/cloud-city/style.css?ver=2.0 HTTP/1.1" 200 2055 "-" "Mozilla/5.0 (Windows NT 6.1; WOW64) AppleWebKit/534+ (KHTML, like Gecko) BingPreview/1.0b"
40.77.194.4 - - [17/Sep/2018:08:29:58 +0545] "GET /wp-content/plugins/ultimate-faqs/css/ewd-ufaq-styles.css?ver=4.9.8 HTTP/1.1" 200 10645 "-" "Mozilla/5.0 (Windows NT 6.1; WOW64) AppleWebKit/534+ (KHTML, like Gecko) BingPreview/1.0b"
40.77.193.150 - - [17/Sep/2018:08:30:00 +0545] "GET /wp-content/plugins/ultimate-faqs/css/rrssb-min.css?ver=4.9.8 HTTP/1.1" 200 11079 "-" "Mozilla/5.0 (Windows NT 6.1; WOW64) AppleWebKit/534+ (KHTML, like Gecko) BingPreview/1.0b"
40.77.253.2 - - [17/Sep/2018:08:30:01 +0545] "GET /wp-content/themes/flash/css/font-awesome.min.css?ver=4.9.8 HTTP/1.1" 200 31000 "-" "Mozilla/5.0 (Windows NT 6.1; WOW64) AppleWebKit/534+ (KHTML, like Gecko) BingPreview/1.0b"
40.77.194.143 - - [17/Sep/2018:08:30:02 +0545] "GET /wp-content/themes/flash/style.css?ver=4.9.8 HTTP/1.1" 200 78834 "-" "Mozilla/5.0 (Windows NT 6.1; WOW64) AppleWebKit/534+ (KHTML, like Gecko) BingPreview/1.0b"
40.77.194.120 - - [17/Sep/2018:08:30:04 +0545] "GET /wp-content/themes/flash/css/responsive.min.css?ver=4.9.8 HTTP/1.1" 200 10127 "-" "Mozilla/5.0 (Windows NT 6.1; WOW64) AppleWebKit/534+ (KHTML, like Gecko) BingPreview/1.0b"
40.77.193.206 - - [17/Sep/2018:08:30:05 +0545] "GET /wp-content/themes/flash/css/swiper.min.css?ver=4.9.8 HTTP/1.1" 200 17216 "-" "Mozilla/5.0 (Windows NT 6.1; WOW64) AppleWebKit/534+ (KHTML, like Gecko) BingPreview/1.0b"
40.77.194.223 - - [17/Sep/2018:08:30:08 +0545] "GET /wp-includes/js/jquery/jquery.js?ver=1.12.4 HTTP/1.1" 200 97184 "-" "Mozilla/5.0 (Windows NT 6.1; WOW64) AppleWebKit/534+ (KHTML, like Gecko) BingPreview/1.0b"
40.77.192.162 - - [17/Sep/2018:08:30:10 +0545] "GET /wp-includes/js/jquery/jquery-migrate.min.js?ver=1.4.1 HTTP/1.1" 200 10056 "-" "Mozilla/5.0 (Windows NT 6.1; WOW64) AppleWebKit/534+ (KHTML, like Gecko) BingPreview/1.0b"
40.77.253.99 - - [17/Sep/2018:08:30:11 +0545] "GET /wp-content/plugins/accesspress-social-icons/js/frontend.js?ver=1.6.9 HTTP/1.1" 200 1729 "-" "Mozilla/5.0 (Windows NT 6.1; WOW64) AppleWebKit/534+ (KHTML, like Gecko) BingPreview/1.0b"
40.77.192.31 - - [17/Sep/2018:08:30:13 +0545] "GET /wp-content/plugins/easy-facebook-likebox/public/assets/js/public.js?ver=4.3.5 HTTP/1.1" 200 5553 "-" "Mozilla/5.0 (Windows NT 6.1; WOW64) AppleWebKit/534+ (KHTML, like Gecko) BingPreview/1.0b"
40.77.193.232 - - [17/Sep/2018:08:30:16 +0545] "GET /wp-content/plugins/contact-form-7/includes/js/scripts.js?ver=4.9.2 HTTP/1.1" 200 14092 "-" "Mozilla/5.0 (Windows NT 6.1; WOW64) AppleWebKit/534+ (KHTML, like Gecko) BingPreview/1.0b"
40.77.192.208 - - [17/Sep/2018:08:30:18 +0545] "GET /wp-content/plugins/jquery-t-countdown-widget/js/jquery.t-countdown.js?ver=1.5.12 HTTP/1.1" 200 8868 "-" "Mozilla/5.0 (Windows NT 6.1; WOW64) AppleWebKit/534+ (KHTML, like Gecko) BingPreview/1.0b"
40.77.253.213 - - [17/Sep/2018:08:30:19 +0545] "GET /wp-content/themes/flash/js/jquery.sticky.min.js?ver=4.9.8 HTTP/1.1" 200 4781 "-" "Mozilla/5.0 (Windows NT 6.1; WOW64) AppleWebKit/534+ (KHTML, like Gecko) BingPreview/1.0b"
40.77.253.86 - - [17/Sep/2018:08:30:20 +0545] "GET /wp-content/themes/flash/js/jquery.nav.min.js?ver=4.9.8 HTTP/1.1" 200 2627 "-" "Mozilla/5.0 (Windows NT 6.1; WOW64) AppleWebKit/534+ (KHTML, like Gecko) BingPreview/1.0b"
40.77.253.85 - - [17/Sep/2018:08:30:22 +0545] "GET /wp-content/themes/flash/js/flash.min.js?ver=4.9.8 HTTP/1.1" 200 3603 "-" "Mozilla/5.0 (Windows NT 6.1; WOW64) AppleWebKit/534+ (KHTML, like Gecko) BingPreview/1.0b"
40.77.193.15 - - [17/Sep/2018:08:30:23 +0545] "GET /wp-content/themes/flash/js/skip-link-focus-fix.js?ver=20151215 HTTP/1.1" 200 880 "-" "Mozilla/5.0 (Windows NT 6.1; WOW64) AppleWebKit/534+ (KHTML, like Gecko) BingPreview/1.0b"
40.77.194.236 - - [17/Sep/2018:08:30:24 +0545] "GET /wp-content/plugins/easy-twitter-feed-widget/js/twitter-widgets.js?ver=1.0 HTTP/1.1" 200 486 "-" "Mozilla/5.0 (Windows NT 6.1; WOW64) AppleWebKit/534+ (KHTML, like Gecko) BingPreview/1.0b"
40.77.194.223 - - [17/Sep/2018:08:30:26 +0545] "GET /wp-content/themes/flash/js/swiper.jquery.min.js?ver=4.9.8 HTTP/1.1" 200 68716 "-" "Mozilla/5.0 (Windows NT 6.1; WOW64) AppleWebKit/534+ (KHTML, like Gecko) BingPreview/1.0b"
40.77.193.58 - - [17/Sep/2018:08:30:28 +0545] "GET /wp-includes/js/wp-embed.min.js?ver=4.9.8 HTTP/1.1" 200 1398 "-" "Mozilla/5.0 (Windows NT 6.1; WOW64) AppleWebKit/534+ (KHTML, like Gecko) BingPreview/1.0b"
40.77.192.31 - - [17/Sep/2018:08:30:29 +0545] "GET /wp-content/plugins/google-maps-widget/js/jquery.colorbox.min.js?ver=3.77 HTTP/1.1" 200 11929 "-" "Mozilla/5.0 (Windows NT 6.1; WOW64) AppleWebKit/534+ (KHTML, like Gecko) BingPreview/1.0b"
40.77.194.94 - - [17/Sep/2018:08:30:30 +0545] "GET /wp-content/plugins/google-maps-widget/js/gmw.js?ver=3.77 HTTP/1.1" 200 4372 "-" "Mozilla/5.0 (Windows NT 6.1; WOW64) AppleWebKit/534+ (KHTML, like Gecko) BingPreview/1.0b"
40.77.192.244 - - [17/Sep/2018:08:30:33 +0545] "GET /wp-content/plugins/google-maps-widget/css/gmw.css?ver=3.77 HTTP/1.1" 200 6001 "-" "Mozilla/5.0 (Windows NT 6.1; WOW64) AppleWebKit/534+ (KHTML, like Gecko) BingPreview/1.0b"
192.168.10.1 - - [17/Sep/2018:08:47:54 +0545] "POST /wp-cron.php?doing_wp_cron=1537153374.4993600845336914062500 HTTP/1.1" 200 - "https://locus.pcampus.edu.np/wp-cron.php?doing_wp_cron=1537153374.4993600845336914062500" "WordPress/4.9.8; https://locus.pcampus.edu.np"
71.187.157.111 - - [17/Sep/2018:08:47:54 +0545] "GET /locus-2018/ HTTP/1.1" 200 47788 "https://locus.pcampus.edu.np/" "Mozilla/5.0 (Macintosh; Intel Mac OS X 10_13_6) AppleWebKit/537.36 (KHTML, like Gecko) Chrome/68.0.3440.106 Safari/537.36"
71.187.157.111 - - [17/Sep/2018:08:47:55 +0545] "GET /wp-content/plugins/accesspress-social-icons/css/animate.css?ver=1.6.9 HTTP/1.1" 200 72922 "https://locus.pcampus.edu.np/locus-2018/" "Mozilla/5.0 (Macintosh; Intel Mac OS X 10_13_6) AppleWebKit/537.36 (KHTML, like Gecko) Chrome/68.0.3440.106 Safari/537.36"
71.187.157.111 - - [17/Sep/2018:08:47:55 +0545] "GET /wp-content/plugins/accesspress-social-icons/css/frontend.css?ver=1.6.9 HTTP/1.1" 200 2559 "https://locus.pcampus.edu.np/locus-2018/" "Mozilla/5.0 (Macintosh; Intel Mac OS X 10_13_6) AppleWebKit/537.36 (KHTML, like Gecko) Chrome/68.0.3440.106 Safari/537.36"
71.187.157.111 - - [17/Sep/2018:08:47:55 +0545] "GET /wp-content/plugins/contact-form-7/includes/css/styles.css?ver=4.9.2 HTTP/1.1" 200 1606 "https://locus.pcampus.edu.np/locus-2018/" "Mozilla/5.0 (Macintosh; Intel Mac OS X 10_13_6) AppleWebKit/537.36 (KHTML, like Gecko) Chrome/68.0.3440.106 Safari/537.36"
71.187.157.111 - - [17/Sep/2018:08:47:55 +0545] "GET /wp-content/plugins/easy-facebook-likebox/public/assets/css/public.css?ver=4.3.5 HTTP/1.1" 200 12658 "https://locus.pcampus.edu.np/locus-2018/" "Mozilla/5.0 (Macintosh; Intel Mac OS X 10_13_6) AppleWebKit/537.36 (KHTML, like Gecko) Chrome/68.0.3440.106 Safari/537.36"
71.187.157.111 - - [17/Sep/2018:08:47:55 +0545] "GET /wp-content/plugins/easy-facebook-likebox/public/assets/css/font-awesome.css?ver=4.3.5 HTTP/1.1" 200 30546 "https://locus.pcampus.edu.np/locus-2018/" "Mozilla/5.0 (Macintosh; Intel Mac OS X 10_13_6) AppleWebKit/537.36 (KHTML, like Gecko) Chrome/68.0.3440.106 Safari/537.36"
71.187.157.111 - - [17/Sep/2018:08:47:55 +0545] "GET /wp-content/plugins/easy-facebook-likebox/public/assets/css/animate.css?ver=4.3.5 HTTP/1.1" 200 72259 "https://locus.pcampus.edu.np/locus-2018/" "Mozilla/5.0 (Macintosh; Intel Mac OS X 10_13_6) AppleWebKit/537.36 (KHTML, like Gecko) Chrome/68.0.3440.106 Safari/537.36"
71.187.157.111 - - [17/Sep/2018:08:47:55 +0545] "GET /wp-content/plugins/easy-facebook-likebox/public/assets/popup/magnific-popup.css?ver=4.3.5 HTTP/1.1" 200 7789 "https://locus.pcampus.edu.np/locus-2018/" "Mozilla/5.0 (Macintosh; Intel Mac OS X 10_13_6) AppleWebKit/537.36 (KHTML, like Gecko) Chrome/68.0.3440.106 Safari/537.36"
71.187.157.111 - - [17/Sep/2018:08:47:55 +0545] "GET /wp-content/plugins/ultimate-faqs/css/ewd-ufaq-styles.css?ver=4.9.8 HTTP/1.1" 200 10645 "https://locus.pcampus.edu.np/locus-2018/" "Mozilla/5.0 (Macintosh; Intel Mac OS X 10_13_6) AppleWebKit/537.36 (KHTML, like Gecko) Chrome/68.0.3440.106 Safari/537.36"
71.187.157.111 - - [17/Sep/2018:08:47:55 +0545] "GET /wp-content/plugins/ultimate-faqs/css/rrssb-min.css?ver=4.9.8 HTTP/1.1" 200 11079 "https://locus.pcampus.edu.np/locus-2018/" "Mozilla/5.0 (Macintosh; Intel Mac OS X 10_13_6) AppleWebKit/537.36 (KHTML, like Gecko) Chrome/68.0.3440.106 Safari/537.36"
71.187.157.111 - - [17/Sep/2018:08:47:56 +0545] "GET /wp-content/themes/flash/css/swiper.min.css?ver=4.9.8 HTTP/1.1" 200 17216 "https://locus.pcampus.edu.np/locus-2018/" "Mozilla/5.0 (Macintosh; Intel Mac OS X 10_13_6) AppleWebKit/537.36 (KHTML, like Gecko) Chrome/68.0.3440.106 Safari/537.36"
71.187.157.111 - - [17/Sep/2018:08:47:56 +0545] "GET /wp-content/uploads/2017/12/Basanta-1.jpg HTTP/1.1" 200 24078 "https://locus.pcampus.edu.np/locus-2018/" "Mozilla/5.0 (Macintosh; Intel Mac OS X 10_13_6) AppleWebKit/537.36 (KHTML, like Gecko) Chrome/68.0.3440.106 Safari/537.36"
71.187.157.111 - - [17/Sep/2018:08:47:56 +0545] "GET /wp-content/uploads/2017/12/Prasidhha-1.jpg HTTP/1.1" 200 165667 "https://locus.pcampus.edu.np/locus-2018/" "Mozilla/5.0 (Macintosh; Intel Mac OS X 10_13_6) AppleWebKit/537.36 (KHTML, like Gecko) Chrome/68.0.3440.106 Safari/537.36"
71.187.157.111 - - [17/Sep/2018:08:47:56 +0545] "GET /wp-content/uploads/2017/12/Shankar-1.jpg HTTP/1.1" 200 14622 "https://locus.pcampus.edu.np/locus-2018/" "Mozilla/5.0 (Macintosh; Intel Mac OS X 10_13_6) AppleWebKit/537.36 (KHTML, like Gecko) Chrome/68.0.3440.106 Safari/537.36"
71.187.157.111 - - [17/Sep/2018:08:47:56 +0545] "GET /wp-content/uploads/2017/12/sagar.jpg HTTP/1.1" 200 22693 "https://locus.pcampus.edu.np/locus-2018/" "Mozilla/5.0 (Macintosh; Intel Mac OS X 10_13_6) AppleWebKit/537.36 (KHTML, like Gecko) Chrome/68.0.3440.106 Safari/537.36"
71.187.157.111 - - [17/Sep/2018:08:47:56 +0545] "GET /wp-content/uploads/2017/12/Sampada-1.jpg HTTP/1.1" 200 21926 "https://locus.pcampus.edu.np/locus-2018/" "Mozilla/5.0 (Macintosh; Intel Mac OS X 10_13_6) AppleWebKit/537.36 (KHTML, like Gecko) Chrome/68.0.3440.106 Safari/537.36"
71.187.157.111 - - [17/Sep/2018:08:47:56 +0545] "GET /wp-content/uploads/2017/12/Swekchyya-2.jpg HTTP/1.1" 200 19359 "https://locus.pcampus.edu.np/locus-2018/" "Mozilla/5.0 (Macintosh; Intel Mac OS X 10_13_6) AppleWebKit/537.36 (KHTML, like Gecko) Chrome/68.0.3440.106 Safari/537.36"
71.187.157.111 - - [17/Sep/2018:08:47:56 +0545] "GET /wp-content/uploads/2017/12/Ajit-2.jpg HTTP/1.1" 200 47716 "https://locus.pcampus.edu.np/locus-2018/" "Mozilla/5.0 (Macintosh; Intel Mac OS X 10_13_6) AppleWebKit/537.36 (KHTML, like Gecko) Chrome/68.0.3440.106 Safari/537.36"
71.187.157.111 - - [17/Sep/2018:08:47:56 +0545] "GET /wp-content/uploads/2017/12/biplab-2.jpg HTTP/1.1" 200 19245 "https://locus.pcampus.edu.np/locus-2018/" "Mozilla/5.0 (Macintosh; Intel Mac OS X 10_13_6) AppleWebKit/537.36 (KHTML, like Gecko) Chrome/68.0.3440.106 Safari/537.36"
71.187.157.111 - - [17/Sep/2018:08:47:56 +0545] "GET /wp-content/uploads/2017/12/gaurav.jpg HTTP/1.1" 200 22891 "https://locus.pcampus.edu.np/locus-2018/" "Mozilla/5.0 (Macintosh; Intel Mac OS X 10_13_6) AppleWebKit/537.36 (KHTML, like Gecko) Chrome/68.0.3440.106 Safari/537.36"
71.187.157.111 - - [17/Sep/2018:08:47:56 +0545] "GET /wp-content/uploads/2017/12/tara-2.jpg HTTP/1.1" 200 69622 "https://locus.pcampus.edu.np/locus-2018/" "Mozilla/5.0 (Macintosh; Intel Mac OS X 10_13_6) AppleWebKit/537.36 (KHTML, like Gecko) Chrome/68.0.3440.106 Safari/537.36"
71.187.157.111 - - [17/Sep/2018:08:47:56 +0545] "GET /wp-content/uploads/2017/12/Prakriti-2.jpg HTTP/1.1" 200 14442 "https://locus.pcampus.edu.np/locus-2018/" "Mozilla/5.0 (Macintosh; Intel Mac OS X 10_13_6) AppleWebKit/537.36 (KHTML, like Gecko) Chrome/68.0.3440.106 Safari/537.36"
71.187.157.111 - - [17/Sep/2018:08:47:56 +0545] "GET /wp-content/uploads/2017/12/Jaiky-3.jpg HTTP/1.1" 200 131048 "https://locus.pcampus.edu.np/locus-2018/" "Mozilla/5.0 (Macintosh; Intel Mac OS X 10_13_6) AppleWebKit/537.36 (KHTML, like Gecko) Chrome/68.0.3440.106 Safari/537.36"
71.187.157.111 - - [17/Sep/2018:08:47:56 +0545] "GET /wp-content/uploads/2017/12/Damodar-2.jpg HTTP/1.1" 200 20658 "https://locus.pcampus.edu.np/locus-2018/" "Mozilla/5.0 (Macintosh; Intel Mac OS X 10_13_6) AppleWebKit/537.36 (KHTML, like Gecko) Chrome/68.0.3440.106 Safari/537.36"
71.187.157.111 - - [17/Sep/2018:08:47:57 +0545] "GET /wp-content/uploads/2017/12/enish-2.jpg HTTP/1.1" 200 54454 "https://locus.pcampus.edu.np/locus-2018/" "Mozilla/5.0 (Macintosh; Intel Mac OS X 10_13_6) AppleWebKit/537.36 (KHTML, like Gecko) Chrome/68.0.3440.106 Safari/537.36"
71.187.157.111 - - [17/Sep/2018:08:47:57 +0545] "GET /wp-content/plugins/google-maps-widget/css/gmw.css?ver=3.77 HTTP/1.1" 200 6001 "https://locus.pcampus.edu.np/locus-2018/" "Mozilla/5.0 (Macintosh; Intel Mac OS X 10_13_6) AppleWebKit/537.36 (KHTML, like Gecko) Chrome/68.0.3440.106 Safari/537.36"
71.187.157.111 - - [17/Sep/2018:08:47:57 +0545] "GET /wp-content/uploads/2017/12/Prabesh.jpg HTTP/1.1" 200 21301 "https://locus.pcampus.edu.np/locus-2018/" "Mozilla/5.0 (Macintosh; Intel Mac OS X 10_13_6) AppleWebKit/537.36 (KHTML, like Gecko) Chrome/68.0.3440.106 Safari/537.36"
71.187.157.111 - - [17/Sep/2018:08:48:06 +0545] "GET /locus-2018-project-form/ HTTP/1.1" 200 36795 "https://locus.pcampus.edu.np/locus-2018/" "Mozilla/5.0 (Macintosh; Intel Mac OS X 10_13_6) AppleWebKit/537.36 (KHTML, like Gecko) Chrome/68.0.3440.106 Safari/537.36"
71.187.157.111 - - [17/Sep/2018:08:48:06 +0545] "GET /wp-content/uploads/2017/12/Locus-Logo_Final__Expanded-Apeearance_-_1_-300x300.png HTTP/1.1" 200 24851 "https://locus.pcampus.edu.np/locus-2018-project-form/" "Mozilla/5.0 (Macintosh; Intel Mac OS X 10_13_6) AppleWebKit/537.36 (KHTML, like Gecko) Chrome/68.0.3440.106 Safari/537.36"
71.187.157.111 - - [17/Sep/2018:08:48:06 +0545] "GET /wp-content/plugins/contact-form-7/images/ajax-loader.gif HTTP/1.1" 200 847 "https://locus.pcampus.edu.np/wp-content/plugins/contact-form-7/includes/css/styles.css?ver=4.9.2" "Mozilla/5.0 (Macintosh; Intel Mac OS X 10_13_6) AppleWebKit/537.36 (KHTML, like Gecko) Chrome/68.0.3440.106 Safari/537.36"
71.187.157.111 - - [17/Sep/2018:08:48:11 +0545] "GET / HTTP/1.1" 200 59014 "https://locus.pcampus.edu.np/locus-2018-project-form/" "Mozilla/5.0 (Macintosh; Intel Mac OS X 10_13_6) AppleWebKit/537.36 (KHTML, like Gecko) Chrome/68.0.3440.106 Safari/537.36"
71.187.157.111 - - [17/Sep/2018:08:48:12 +0545] "GET /wp-content/uploads/2017/12/locus-first.jpg HTTP/1.1" 200 81038 "https://locus.pcampus.edu.np/" "Mozilla/5.0 (Macintosh; Intel Mac OS X 10_13_6) AppleWebKit/537.36 (KHTML, like Gecko) Chrome/68.0.3440.106 Safari/537.36"
71.187.157.111 - - [17/Sep/2018:08:48:13 +0545] "GET /wp-content/plugins/siteorigin-panels/js/styling-262.min.js?ver=2.6.2 HTTP/1.1" 200 848 "https://locus.pcampus.edu.np/" "Mozilla/5.0 (Macintosh; Intel Mac OS X 10_13_6) AppleWebKit/537.36 (KHTML, like Gecko) Chrome/68.0.3440.106 Safari/537.36"
71.187.157.111 - - [17/Sep/2018:08:48:13 +0545] "GET /wp-content/uploads/2017/12/Locus-Logo_Final__Expanded-Apeearance_-_1_-2-e1514309672902.png HTTP/1.1" 200 22029 "https://locus.pcampus.edu.np/" "Mozilla/5.0 (Macintosh; Intel Mac OS X 10_13_6) AppleWebKit/537.36 (KHTML, like Gecko) Chrome/68.0.3440.106 Safari/537.36"
71.187.157.111 - - [17/Sep/2018:08:48:12 +0545] "GET /wp-content/uploads/2017/12/Locus-Front-1.jpg HTTP/1.1" 200 380319 "https://locus.pcampus.edu.np/" "Mozilla/5.0 (Macintosh; Intel Mac OS X 10_13_6) AppleWebKit/537.36 (KHTML, like Gecko) Chrome/68.0.3440.106 Safari/537.36"
71.187.157.111 - - [17/Sep/2018:08:48:13 +0545] "GET /wp-content/uploads/2017/12/IOE-Dean-Note-1.jpg HTTP/1.1" 200 21890 "https://locus.pcampus.edu.np/" "Mozilla/5.0 (Macintosh; Intel Mac OS X 10_13_6) AppleWebKit/537.36 (KHTML, like Gecko) Chrome/68.0.3440.106 Safari/537.36"
71.187.157.111 - - [17/Sep/2018:08:48:13 +0545] "GET /wp-content/uploads/2018/01/Picture1-1.jpg HTTP/1.1" 200 53495 "https://locus.pcampus.edu.np/" "Mozilla/5.0 (Macintosh; Intel Mac OS X 10_13_6) AppleWebKit/537.36 (KHTML, like Gecko) Chrome/68.0.3440.106 Safari/537.36"
71.187.157.111 - - [17/Sep/2018:08:48:13 +0545] "GET /wp-content/uploads/2018/01/Code-Jam-01-1-1024x680-1.jpg HTTP/1.1" 200 61942 "https://locus.pcampus.edu.np/" "Mozilla/5.0 (Macintosh; Intel Mac OS X 10_13_6) AppleWebKit/537.36 (KHTML, like Gecko) Chrome/68.0.3440.106 Safari/537.36"
71.187.157.111 - - [17/Sep/2018:08:48:13 +0545] "GET /wp-content/uploads/2017/12/Locus-Front-2.jpg HTTP/1.1" 200 355134 "https://locus.pcampus.edu.np/" "Mozilla/5.0 (Macintosh; Intel Mac OS X 10_13_6) AppleWebKit/537.36 (KHTML, like Gecko) Chrome/68.0.3440.106 Safari/537.36"
71.187.157.111 - - [17/Sep/2018:08:48:13 +0545] "GET /wp-content/uploads/2017/12/Locus-Front-4.jpg HTTP/1.1" 200 396772 "https://locus.pcampus.edu.np/" "Mozilla/5.0 (Macintosh; Intel Mac OS X 10_13_6) AppleWebKit/537.36 (KHTML, like Gecko) Chrome/68.0.3440.106 Safari/537.36"
71.187.157.111 - - [17/Sep/2018:08:48:13 +0545] "GET /wp-content/uploads/2017/01/dornacharya.jpg HTTP/1.1" 200 103393 "https://locus.pcampus.edu.np/" "Mozilla/5.0 (Macintosh; Intel Mac OS X 10_13_6) AppleWebKit/537.36 (KHTML, like Gecko) Chrome/68.0.3440.106 Safari/537.36"
71.187.157.111 - - [17/Sep/2018:08:48:13 +0545] "GET /wp-content/uploads/2017/01/Hackathon.jpg HTTP/1.1" 200 102588 "https://locus.pcampus.edu.np/" "Mozilla/5.0 (Macintosh; Intel Mac OS X 10_13_6) AppleWebKit/537.36 (KHTML, like Gecko) Chrome/68.0.3440.106 Safari/537.36"
71.187.157.111 - - [17/Sep/2018:08:48:14 +0545] "GET /wp-content/uploads/2017/01/Inter-College-Quiz.jpg HTTP/1.1" 200 60574 "https://locus.pcampus.edu.np/" "Mozilla/5.0 (Macintosh; Intel Mac OS X 10_13_6) AppleWebKit/537.36 (KHTML, like Gecko) Chrome/68.0.3440.106 Safari/537.36"
71.187.157.111 - - [17/Sep/2018:08:48:14 +0545] "GET /wp-content/uploads/2017/01/photography.jpg HTTP/1.1" 200 64712 "https://locus.pcampus.edu.np/" "Mozilla/5.0 (Macintosh; Intel Mac OS X 10_13_6) AppleWebKit/537.36 (KHTML, like Gecko) Chrome/68.0.3440.106 Safari/537.36"
71.187.157.111 - - [17/Sep/2018:08:48:14 +0545] "GET /wp-content/uploads/2017/01/Locus-Project-Competition.jpg HTTP/1.1" 200 92829 "https://locus.pcampus.edu.np/" "Mozilla/5.0 (Macintosh; Intel Mac OS X 10_13_6) AppleWebKit/537.36 (KHTML, like Gecko) Chrome/68.0.3440.106 Safari/537.36"
71.187.157.111 - - [17/Sep/2018:08:48:14 +0545] "GET /wp-content/uploads/2017/01/Robo-Warz.jpg HTTP/1.1" 200 57135 "https://locus.pcampus.edu.np/" "Mozilla/5.0 (Macintosh; Intel Mac OS X 10_13_6) AppleWebKit/537.36 (KHTML, like Gecko) Chrome/68.0.3440.106 Safari/537.36"
71.187.157.111 - - [17/Sep/2018:08:48:14 +0545] "GET /wp-content/uploads/2017/01/Tech-Debate.jpg HTTP/1.1" 200 50009 "https://locus.pcampus.edu.np/" "Mozilla/5.0 (Macintosh; Intel Mac OS X 10_13_6) AppleWebKit/537.36 (KHTML, like Gecko) Chrome/68.0.3440.106 Safari/537.36"
71.187.157.111 - - [17/Sep/2018:08:48:14 +0545] "GET /wp-content/uploads/2018/02/logpoint-Title-Sponsor.png HTTP/1.1" 200 137508 "https://locus.pcampus.edu.np/" "Mozilla/5.0 (Macintosh; Intel Mac OS X 10_13_6) AppleWebKit/537.36 (KHTML, like Gecko) Chrome/68.0.3440.106 Safari/537.36"
71.187.157.111 - - [17/Sep/2018:08:48:14 +0545] "GET /wp-content/uploads/2018/02/NTA-Gold-Sponsor.png HTTP/1.1" 200 149162 "https://locus.pcampus.edu.np/" "Mozilla/5.0 (Macintosh; Intel Mac OS X 10_13_6) AppleWebKit/537.36 (KHTML, like Gecko) Chrome/68.0.3440.106 Safari/537.36"
71.187.157.111 - - [17/Sep/2018:08:48:14 +0545] "GET /wp-content/uploads/2018/02/yomari-Associate-Sponsor.png HTTP/1.1" 200 136363 "https://locus.pcampus.edu.np/" "Mozilla/5.0 (Macintosh; Intel Mac OS X 10_13_6) AppleWebKit/537.36 (KHTML, like Gecko) Chrome/68.0.3440.106 Safari/537.36"
71.187.157.111 - - [17/Sep/2018:08:48:13 +0545] "GET /wp-content/uploads/2017/01/hackaweeklatest0-01-1-e1516459387969.png HTTP/1.1" 200 1237587 "https://locus.pcampus.edu.np/" "Mozilla/5.0 (Macintosh; Intel Mac OS X 10_13_6) AppleWebKit/537.36 (KHTML, like Gecko) Chrome/68.0.3440.106 Safari/537.36"
71.187.157.111 - - [17/Sep/2018:08:48:14 +0545] "GET /wp-content/uploads/2018/02/landmark-education-Gold-Sponsor.png HTTP/1.1" 200 139520 "https://locus.pcampus.edu.np/" "Mozilla/5.0 (Macintosh; Intel Mac OS X 10_13_6) AppleWebKit/537.36 (KHTML, like Gecko) Chrome/68.0.3440.106 Safari/537.36"
71.187.157.111 - - [17/Sep/2018:08:48:15 +0545] "GET /wp-content/uploads/2018/02/slt-Hardware-Partner.png HTTP/1.1" 200 142089 "https://locus.pcampus.edu.np/" "Mozilla/5.0 (Macintosh; Intel Mac OS X 10_13_6) AppleWebKit/537.36 (KHTML, like Gecko) Chrome/68.0.3440.106 Safari/537.36"
71.187.157.111 - - [17/Sep/2018:08:48:15 +0545] "GET /wp-content/uploads/2018/02/rajdhani-print-media-partner.png HTTP/1.1" 200 141569 "https://locus.pcampus.edu.np/" "Mozilla/5.0 (Macintosh; Intel Mac OS X 10_13_6) AppleWebKit/537.36 (KHTML, like Gecko) Chrome/68.0.3440.106 Safari/537.36"
71.187.157.111 - - [17/Sep/2018:08:48:15 +0545] "GET /wp-content/uploads/2018/02/gadget-byte-nepal-Online-Partner.png HTTP/1.1" 200 134963 "https://locus.pcampus.edu.np/" "Mozilla/5.0 (Macintosh; Intel Mac OS X 10_13_6) AppleWebKit/537.36 (KHTML, like Gecko) Chrome/68.0.3440.106 Safari/537.36"
