66.249.64.201 - - [16/Sep/2018:15:18:08 +0545] "GET /portfolio/robo-warz/ HTTP/1.1" 200 48215 "-" "Mozilla/5.0 (Linux; Android 6.0.1; Nexus 5X Build/MMB29P) AppleWebKit/537.36 (KHTML, like Gecko) Chrome/41.0.2272.96 Mobile Safari/537.36 (compatible; Googlebot/2.1; +http://www.google.com/bot.html)"
192.168.10.1 - - [16/Sep/2018:15:55:59 +0545] "POST /wp-cron.php?doing_wp_cron=1537092659.0825839042663574218750 HTTP/1.1" 200 - "https://locus.pcampus.edu.np/wp-cron.php?doing_wp_cron=1537092659.0825839042663574218750" "WordPress/4.9.8; https://locus.pcampus.edu.np"
66.249.64.201 - - [16/Sep/2018:15:55:58 +0545] "GET /portfolio/hackathon/ HTTP/1.1" 200 38839 "-" "Mozilla/5.0 (Linux; Android 6.0.1; Nexus 5X Build/MMB29P) AppleWebKit/537.36 (KHTML, like Gecko) Chrome/41.0.2272.96 Mobile Safari/537.36 (compatible; Googlebot/2.1; +http://www.google.com/bot.html)"
123.136.116.168 - - [16/Sep/2018:16:12:02 +0545] "GET /wp-content/uploads/2017/12/Locus-Logo_Final__Expanded-Apeearance_-_1_-300x300.png HTTP/1.1" 200 24851 "http://anta.expocoaching.co/locus-form/" "Mozilla/5.0 (Linux; Android 5.0.2; Redmi Note 2 Build/LRX22G) AppleWebKit/537.36 (KHTML, like Gecko) Chrome/65.0.3325.109 Mobile Safari/537.36"
66.249.64.205 - - [16/Sep/2018:16:35:18 +0545] "GET /portfolio/hack-a-week/ HTTP/1.1" 200 45627 "-" "Mozilla/5.0 (Linux; Android 6.0.1; Nexus 5X Build/MMB29P) AppleWebKit/537.36 (KHTML, like Gecko) Chrome/41.0.2272.96 Mobile Safari/537.36 (compatible; Googlebot/2.1; +http://www.google.com/bot.html)"
192.168.10.1 - - [16/Sep/2018:16:53:32 +0545] "POST /wp-cron.php?doing_wp_cron=1537096112.7367279529571533203125 HTTP/1.1" 200 - "http://locus.pcampus.edu.np/wp-cron.php?doing_wp_cron=1537096112.7367279529571533203125" "WordPress/4.9.8; https://locus.pcampus.edu.np"
146.247.25.206 - - [16/Sep/2018:16:53:32 +0545] "GET /index.php?page=12'&ipp=10'\" HTTP/1.1" 301 - "-" "-"
146.247.25.206 - - [16/Sep/2018:16:53:34 +0545] "GET /page/12/?ipp=10%5C%27%5C HTTP/1.1" 200 59061 "-" "-"
146.247.25.206 - - [16/Sep/2018:16:53:36 +0545] "GET /index.php?ipp=10&page=12 HTTP/1.1" 301 - "-" "-"
146.247.25.206 - - [16/Sep/2018:16:53:37 +0545] "GET /page/12/?ipp=10 HTTP/1.1" 200 59061 "-" "-"
146.247.25.206 - - [16/Sep/2018:16:53:38 +0545] "GET /index.php?ipp=10&page=122121121121212.1 HTTP/1.1" 301 - "-" "-"
146.247.25.206 - - [16/Sep/2018:16:53:39 +0545] "GET /page/122121121121212/?ipp=10 HTTP/1.1" 200 59112 "-" "-"
146.247.25.206 - - [16/Sep/2018:16:53:41 +0545] "GET /index.php?ipp=10&page=12%20and%201%3D1 HTTP/1.1" 301 - "-" "-"
146.247.25.206 - - [16/Sep/2018:16:53:42 +0545] "GET /page/12/?ipp=10 HTTP/1.1" 200 59061 "-" "-"
146.247.25.206 - - [16/Sep/2018:16:53:44 +0545] "GET /index.php?ipp=10&page=12%20and%201%3E1 HTTP/1.1" 301 - "-" "-"
146.247.25.206 - - [16/Sep/2018:16:53:45 +0545] "GET /page/12/?ipp=10 HTTP/1.1" 200 59061 "-" "-"
146.247.25.206 - - [16/Sep/2018:16:53:46 +0545] "GET /index.php?ipp=10&page=12%27%20and%20%27x%27%3D%27x HTTP/1.1" 301 - "-" "-"
146.247.25.206 - - [16/Sep/2018:16:53:47 +0545] "GET /page/12/?ipp=10 HTTP/1.1" 200 59061 "-" "-"
146.247.25.206 - - [16/Sep/2018:16:53:49 +0545] "GET /index.php?ipp=10&page=12%27%20and%20%27x%27%3D%27y HTTP/1.1" 301 - "-" "-"
146.247.25.206 - - [16/Sep/2018:16:53:50 +0545] "GET /page/12/?ipp=10 HTTP/1.1" 200 59060 "-" "-"
146.247.25.206 - - [16/Sep/2018:16:53:51 +0545] "GET /index.php?ipp=10&page=12\"%20and%20\"x\"%3D\"x HTTP/1.1" 301 - "-" "-"
146.247.25.206 - - [16/Sep/2018:16:53:52 +0545] "GET /page/12/?ipp=10 HTTP/1.1" 200 59061 "-" "-"
146.247.25.206 - - [16/Sep/2018:16:53:54 +0545] "GET /index.php?ipp=10&page=12%22%20and%20%22x%22%3D%22y HTTP/1.1" 301 - "-" "-"
146.247.25.206 - - [16/Sep/2018:16:53:55 +0545] "GET /page/12/?ipp=10 HTTP/1.1" 200 59061 "-" "-"
146.247.25.206 - - [16/Sep/2018:16:53:56 +0545] "GET /index.php?ipp=10&page=12%20AND%201=1 HTTP/1.1" 301 - "-" "-"
146.247.25.206 - - [16/Sep/2018:16:53:57 +0545] "GET /page/12/?ipp=10 HTTP/1.1" 200 59061 "-" "-"
146.247.25.206 - - [16/Sep/2018:16:53:59 +0545] "GET /index.php?page=12&ipp=10 HTTP/1.1" 301 - "-" "-"
146.247.25.206 - - [16/Sep/2018:16:54:00 +0545] "GET /page/12/?ipp=10 HTTP/1.1" 200 59059 "-" "-"
146.247.25.206 - - [16/Sep/2018:16:54:02 +0545] "GET /index.php?page=12&ipp=102121121121212.1 HTTP/1.1" 301 - "-" "-"
146.247.25.206 - - [16/Sep/2018:16:54:03 +0545] "GET /page/12/?ipp=102121121121212.1 HTTP/1.1" 200 59060 "-" "-"
146.247.25.206 - - [16/Sep/2018:16:54:04 +0545] "GET /index.php?page=12&ipp=10%20and%201%3D1 HTTP/1.1" 301 - "-" "-"
146.247.25.206 - - [16/Sep/2018:16:54:05 +0545] "GET /page/12/?ipp=10%20and%201%3D1 HTTP/1.1" 200 59060 "-" "-"
146.247.25.206 - - [16/Sep/2018:16:54:07 +0545] "GET /index.php?page=12&ipp=10%20and%201%3E1 HTTP/1.1" 301 - "-" "-"
146.247.25.206 - - [16/Sep/2018:16:54:08 +0545] "GET /page/12/?ipp=10%20and%201%3E1 HTTP/1.1" 200 59060 "-" "-"
146.247.25.206 - - [16/Sep/2018:16:54:10 +0545] "GET /index.php?page=12&ipp=10%27%20and%20%27x%27%3D%27x HTTP/1.1" 301 - "-" "-"
146.247.25.206 - - [16/Sep/2018:16:54:11 +0545] "GET /page/12/?ipp=10%27%20and%20%27x%27%3D%27x HTTP/1.1" 200 59061 "-" "-"
146.247.25.206 - - [16/Sep/2018:16:54:12 +0545] "GET /index.php?page=12&ipp=10%27%20and%20%27x%27%3D%27y HTTP/1.1" 301 - "-" "-"
146.247.25.206 - - [16/Sep/2018:16:54:14 +0545] "GET /page/12/?ipp=10%27%20and%20%27x%27%3D%27y HTTP/1.1" 200 59061 "-" "-"
146.247.25.206 - - [16/Sep/2018:16:54:15 +0545] "GET /index.php?page=12&ipp=10\"%20and%20\"x\"%3D\"x HTTP/1.1" 301 - "-" "-"
146.247.25.206 - - [16/Sep/2018:16:54:16 +0545] "GET /page/12/?ipp=10%5C%22%20and%20%5C%22x%5C%22%3D%5C%22x HTTP/1.1" 200 59061 "-" "-"
146.247.25.206 - - [16/Sep/2018:16:54:18 +0545] "GET /index.php?page=12&ipp=10%22%20and%20%22x%22%3D%22y HTTP/1.1" 301 - "-" "-"
146.247.25.206 - - [16/Sep/2018:16:54:19 +0545] "GET /page/12/?ipp=10%22%20and%20%22x%22%3D%22y HTTP/1.1" 200 59061 "-" "-"
146.247.25.206 - - [16/Sep/2018:16:54:21 +0545] "GET /index.php?page=12&ipp=10%20AND%201=1 HTTP/1.1" 301 - "-" "-"
146.247.25.206 - - [16/Sep/2018:16:54:22 +0545] "GET /page/12/?ipp=10%20AND%201%3D1 HTTP/1.1" 200 59061 "-" "-"
146.247.25.206 - - [16/Sep/2018:16:54:31 +0545] "GET /index.php?page=12&ipp=10999999.1%20union%20select%20unhex(hex(version()))%20--%20and%201%3D1 HTTP/1.1" 301 - "-" "-"
146.247.25.206 - - [16/Sep/2018:16:54:33 +0545] "GET /page/12/?ipp=10999999.1%20union%20select%20unhex%28hex%28version%28%29%29%29%20--%20and%201%3D1 HTTP/1.1" 200 59061 "-" "-"
146.247.25.206 - - [16/Sep/2018:16:54:35 +0545] "GET /index.php?page=12&ipp=1099999%27%20union%20select%20unhex(hex(version()))%20--%20%27x%27=%27x HTTP/1.1" 301 - "-" "-"
146.247.25.206 - - [16/Sep/2018:16:54:36 +0545] "GET /page/12/?ipp=1099999%27%20union%20select%20unhex%28hex%28version%28%29%29%29%20--%20%27x%27%3D%27x HTTP/1.1" 200 59061 "-" "-"
146.247.25.206 - - [16/Sep/2018:16:54:38 +0545] "GET /index.php?page=12&ipp=1099999%22%20union%20select%20unhex(hex(version()))%20--%20%22x%22=%22x HTTP/1.1" 301 - "-" "-"
146.247.25.206 - - [16/Sep/2018:16:54:39 +0545] "GET /page/12/?ipp=1099999%22%20union%20select%20unhex%28hex%28version%28%29%29%29%20--%20%22x%22%3D%22x HTTP/1.1" 200 59061 "-" "-"
146.247.25.206 - - [16/Sep/2018:16:54:40 +0545] "GET /index.php?page=12&ipp=10%20or%20(1,2)=(select*from(select%20name_const(CHAR(111,108,111,108,111,115,104,101,114),1),name_const(CHAR(111,108,111,108,111,115,104,101,114),1))a)%20--%20and%201%3D1 HTTP/1.1" 301 - "-" "-"
146.247.25.206 - - [16/Sep/2018:16:54:41 +0545] "GET /page/12/?ipp=10%20or%20%281%2C2%29%3D%28select%2Afrom%28select%20name_const%28CHAR%28111%2C108%2C111%2C108%2C111%2C115%2C104%2C101%2C114%29%2C1%29%2Cname_const%28CHAR%28111%2C108%2C111%2C108%2C111%2C115%2C104%2C101%2C114%29%2C1%29%29a%29%20--%20and%201%3D1 HTTP/1.1" 200 59061 "-" "-"
146.247.25.206 - - [16/Sep/2018:16:54:43 +0545] "GET /index.php?page=12&ipp=10%27%20or%20(1,2)=(select*from(select%20name_const(CHAR(111,108,111,108,111,115,104,101,114),1),name_const(CHAR(111,108,111,108,111,115,104,101,114),1))a)%20--%20%27x%27=%27x HTTP/1.1" 301 - "-" "-"
146.247.25.206 - - [16/Sep/2018:16:54:44 +0545] "GET /page/12/?ipp=10%27%20or%20%281%2C2%29%3D%28select%2Afrom%28select%20name_const%28CHAR%28111%2C108%2C111%2C108%2C111%2C115%2C104%2C101%2C114%29%2C1%29%2Cname_const%28CHAR%28111%2C108%2C111%2C108%2C111%2C115%2C104%2C101%2C114%29%2C1%29%29a%29%20--%20%27x%27%3D%27x HTTP/1.1" 200 59061 "-" "-"
146.247.25.206 - - [16/Sep/2018:16:54:46 +0545] "GET /index.php?page=12&ipp=10%22%20or%20(1,2)=(select*from(select%20name_const(CHAR(111,108,111,108,111,115,104,101,114),1),name_const(CHAR(111,108,111,108,111,115,104,101,114),1))a)%20--%20%22x%22=%22x HTTP/1.1" 301 - "-" "-"
146.247.25.206 - - [16/Sep/2018:16:54:48 +0545] "GET /page/12/?ipp=10%22%20or%20%281%2C2%29%3D%28select%2Afrom%28select%20name_const%28CHAR%28111%2C108%2C111%2C108%2C111%2C115%2C104%2C101%2C114%29%2C1%29%2Cname_const%28CHAR%28111%2C108%2C111%2C108%2C111%2C115%2C104%2C101%2C114%29%2C1%29%29a%29%20--%20%22x%22%3D%22x HTTP/1.1" 200 59061 "-" "-"
213.136.87.65 - - [16/Sep/2018:16:57:27 +0545] "GET /portfolio/hack-a-week/ HTTP/1.1" 200 45588 "http://locus.pcampus.edu.np/portfolio/hack-a-week/" "Mozilla/5.0 (Windows NT 10.1; rv:40.1) Gecko/20100101 Firefox/40.1"
213.136.87.65 - - [16/Sep/2018:16:57:31 +0545] "POST /wp-comments-post.php HTTP/1.1" 200 2832 "http://locus.pcampus.edu.np/portfolio/hack-a-week/" "Mozilla/5.0 (Windows NT 10.1; rv:40.1) Gecko/20100101 Firefox/40.1"
213.136.87.65 - - [16/Sep/2018:16:57:31 +0545] "GET /portfolio/hack-a-week/ HTTP/1.1" 200 75436 "http://locus.pcampus.edu.np/portfolio/hack-a-week/" "Mozilla/5.0 (Windows NT 10.1; rv:40.1) Gecko/20100101 Firefox/40.1"
66.249.64.205 - - [16/Sep/2018:17:11:45 +0545] "GET /portfolio/dronacharya/ HTTP/1.1" 200 45534 "-" "Mozilla/5.0 (Linux; Android 6.0.1; Nexus 5X Build/MMB29P) AppleWebKit/537.36 (KHTML, like Gecko) Chrome/41.0.2272.96 Mobile Safari/537.36 (compatible; Googlebot/2.1; +http://www.google.com/bot.html)"
192.157.88.164 - - [16/Sep/2018:17:32:36 +0545] "GET / HTTP/1.1" 200 59013 "-" "Mozilla/5.0 (Macintosh; Intel Mac OS X 10_12_1) AppleWebKit/602.2.14 (KHTML, like Gecko) Version/10.0.1 Safari/602.2.14"
192.157.88.164 - - [16/Sep/2018:17:32:43 +0545] "GET /wp-content/uploads/2017/12/IOE-Dean-Note-1.jpg HTTP/1.1" 200 21890 "-" "Mozilla/5.0 (Macintosh; Intel Mac OS X 10_12_1) AppleWebKit/602.2.14 (KHTML, like Gecko) Version/10.0.1 Safari/602.2.14"
192.168.10.1 - - [16/Sep/2018:17:40:30 +0545] "POST /wp-cron.php?doing_wp_cron=1537098930.6643750667572021484375 HTTP/1.1" 200 - "http://locus.pcampus.edu.np/wp-cron.php?doing_wp_cron=1537098930.6643750667572021484375" "WordPress/4.9.8; https://locus.pcampus.edu.np"
173.244.135.52 - - [16/Sep/2018:17:40:30 +0545] "GET /feed/ HTTP/1.1" 200 13870 "" "Mozilla/5.0 (X11; Linux x86_64) AppleWebKit/537.36 (KHTML, like Gecko) Chrome/59.0.3071.115 Safari/537.36; +collection@infegy.com"
66.70.185.71 - - [16/Sep/2018:17:42:15 +0545] "GET /robots.txt HTTP/1.1" 200 67 "-" "Mozilla/5.0 (compatible; YaK/1.0; http://linkfluence.com/; bot@linkfluence.com)"
66.249.64.201 - - [16/Sep/2018:17:50:24 +0545] "GET /portfolio/tech-debate/ HTTP/1.1" 200 68491 "-" "Mozilla/5.0 (Linux; Android 6.0.1; Nexus 5X Build/MMB29P) AppleWebKit/537.36 (KHTML, like Gecko) Chrome/41.0.2272.96 Mobile Safari/537.36 (compatible; Googlebot/2.1; +http://www.google.com/bot.html)"
202.52.231.50 - - [16/Sep/2018:17:52:22 +0545] "GET /wp-content/uploads/2018/01/aavaas-gajurel.png HTTP/1.1" 200 107070 "https://www.google.com/" "Mozilla/5.0 (Windows NT 6.1; Win64; x64) AppleWebKit/537.36 (KHTML, like Gecko) Chrome/70.0.3538.16 Safari/537.36"
84.63.78.80 - - [16/Sep/2018:18:12:54 +0545] "GET / HTTP/1.1" 200 59013 "-" "Mozilla/5.0 (compatible; Yahoo! Slurp; http://help.yahoo.com/help/us/ysearch/slurp)"
120.131.5.232 - - [16/Sep/2018:18:21:39 +0545] "GET / HTTP/1.1" 301 - "-" "PycURL/7.43.0.2 libcurl/7.60.0 OpenSSL/1.1.0h zlib/1.2.11 c-ares/1.14.0 WinIDN libssh2/1.8.0 nghttp2/1.32.0"
66.249.64.201 - - [16/Sep/2018:18:27:32 +0545] "GET /portfolio/inter-college-quiz/ HTTP/1.1" 200 38433 "-" "Mozilla/5.0 (Linux; Android 6.0.1; Nexus 5X Build/MMB29P) AppleWebKit/537.36 (KHTML, like Gecko) Chrome/41.0.2272.96 Mobile Safari/537.36 (compatible; Googlebot/2.1; +http://www.google.com/bot.html)"
192.168.10.1 - - [16/Sep/2018:18:44:37 +0545] "POST /wp-cron.php?doing_wp_cron=1537102777.3170890808105468750000 HTTP/1.1" 200 - "https://locus.pcampus.edu.np/wp-cron.php?doing_wp_cron=1537102777.3170890808105468750000" "WordPress/4.9.8; https://locus.pcampus.edu.np"
46.229.168.149 - - [16/Sep/2018:18:44:37 +0545] "GET /robots.txt HTTP/1.1" 200 67 "-" "Mozilla/5.0 (compatible; SemrushBot/2~bl; +http://www.semrush.com/bot.html)"
46.229.168.142 - - [16/Sep/2018:18:44:38 +0545] "GET / HTTP/1.1" 200 59013 "-" "Mozilla/5.0 (compatible; SemrushBot/2~bl; +http://www.semrush.com/bot.html)"
66.249.64.203 - - [16/Sep/2018:19:05:27 +0545] "GET /feed/ HTTP/1.1" 200 13871 "-" "Mozilla/5.0 (Linux; Android 6.0.1; Nexus 5X Build/MMB29P) AppleWebKit/537.36 (KHTML, like Gecko) Chrome/41.0.2272.96 Mobile Safari/537.36 (compatible; Googlebot/2.1; +http://www.google.com/bot.html)"
137.74.162.138 - - [16/Sep/2018:19:07:20 +0545] "GET /portfolio/tech-debate/ HTTP/1.1" 200 38599 "-" "Mozilla/5.0 (Windows NT 6.1; Win64; x64; rv:25.0) Gecko/20100101 Firefox/25.0"
137.74.162.138 - - [16/Sep/2018:19:07:23 +0545] "GET /portfolio/tech-debate/ HTTP/1.1" 200 38600 "-" "Mozilla/5.0 (Windows NT 6.1; Win64; x64; rv:25.0) Gecko/20100101 Firefox/25.0"
137.74.162.138 - - [16/Sep/2018:19:07:24 +0545] "GET /wp-json/wp/v2/posts/?per_page=100 HTTP/1.1" 200 36430 "-" "Mozilla/4.0 (compatible; MSIE 6.0; Windows NT 5.1"
137.74.162.138 - - [16/Sep/2018:19:07:25 +0545] "GET /wp-json/wp/v2/posts/?per_page=100 HTTP/1.1" 200 36430 "-" "Mozilla/4.0 (compatible; MSIE 6.0; Windows NT 5.1"
137.74.162.138 - - [16/Sep/2018:19:07:38 +0545] "POST /wp-json/wp/v2/posts/941 HTTP/1.1" 400 133 "-" "Mozilla/4.0 (compatible; MSIE 6.0; Windows NT 5.1"
137.74.162.138 - - [16/Sep/2018:19:07:39 +0545] "GET /wp-json/wp/v2/posts/66 HTTP/1.1" 404 82 "-" "Mozilla/4.0 (compatible; MSIE 6.0; Windows NT 5.1"
137.74.162.138 - - [16/Sep/2018:19:07:39 +0545] "POST /wp-json/wp/v2/posts/941 HTTP/1.1" 400 133 "-" "Mozilla/4.0 (compatible; MSIE 6.0; Windows NT 5.1"
137.74.162.138 - - [16/Sep/2018:19:07:39 +0545] "GET /wp-json/wp/v2/users HTTP/1.1" 200 580 "-" "Mozilla/5.0 (Windows NT 6.1; WOW64) AppleWebKit/537.36 (KHTML, like Gecko) Chrome/36.0.1985.67 Safari/537.36"
137.74.162.138 - - [16/Sep/2018:19:07:40 +0545] "GET /wp-json/wp/v2/posts/66 HTTP/1.1" 404 82 "-" "Mozilla/4.0 (compatible; MSIE 6.0; Windows NT 5.1"
137.74.162.138 - - [16/Sep/2018:19:07:40 +0545] "GET /wp-json/wp/v2/users HTTP/1.1" 200 580 "-" "Mozilla/5.0 (Windows NT 6.1; WOW64) AppleWebKit/537.36 (KHTML, like Gecko) Chrome/36.0.1985.67 Safari/537.36"
66.249.64.215 - - [16/Sep/2018:19:10:43 +0545] "GET /debate HTTP/1.1" 404 33545 "-" "Mozilla/5.0 (Linux; Android 6.0.1; Nexus 5X Build/MMB29P) AppleWebKit/537.36 (KHTML, like Gecko) Chrome/41.0.2272.96 Mobile Safari/537.36 (compatible; Googlebot/2.1; +http://www.google.com/bot.html)"
66.220.149.29 - - [16/Sep/2018:19:14:22 +0545] "GET /wp-content/uploads/2018/02/result-image-2.png HTTP/1.1" 200 455288 "-" "facebookexternalhit/1.1 (+http://www.facebook.com/externalhit_uatext.php)"
216.244.66.232 - - [16/Sep/2018:19:21:24 +0545] "GET /robots.txt HTTP/1.1" 200 67 "-" "Mozilla/5.0 (compatible; DotBot/1.1; http://www.opensiteexplorer.org/dotbot, help@moz.com)"
66.220.149.8 - - [16/Sep/2018:19:29:52 +0545] "GET /wp-content/uploads/2018/02/result-image-2.png HTTP/1.1" 200 455288 "-" "facebookexternalhit/1.1 (+http://www.facebook.com/externalhit_uatext.php)"
192.168.10.1 - - [16/Sep/2018:19:41:28 +0545] "POST /wp-cron.php?doing_wp_cron=1537106188.0123639106750488281250 HTTP/1.1" 200 - "http://locus.pcampus.edu.np/wp-cron.php?doing_wp_cron=1537106188.0123639106750488281250" "WordPress/4.9.8; https://locus.pcampus.edu.np"
216.244.66.232 - - [16/Sep/2018:19:41:27 +0545] "GET /2018/01/07/hack-a-week-registration-form/feed/ HTTP/1.1" 200 1686 "-" "Mozilla/5.0 (compatible; DotBot/1.1; http://www.opensiteexplorer.org/dotbot, help@moz.com)"
66.249.64.201 - - [16/Sep/2018:19:43:19 +0545] "GET /theme/ HTTP/1.1" 200 37661 "-" "Mozilla/5.0 (Linux; Android 6.0.1; Nexus 5X Build/MMB29P) AppleWebKit/537.36 (KHTML, like Gecko) Chrome/41.0.2272.96 Mobile Safari/537.36 (compatible; Googlebot/2.1; +http://www.google.com/bot.html)"
10.100.60.144 - - [16/Sep/2018:19:57:01 +0545] "GET / HTTP/1.1" 200 59012 "http://m.facebook.com" "Mozilla/5.0 (iPhone; CPU iPhone OS 11_2 like Mac OS X) AppleWebKit/604.4.7 (KHTML, like Gecko) Mobile/15C114 [FBAN/FBIOS;FBAV/172.0.0.46.94;FBBV/108425359;FBDV/iPhone6,2;FBMD/iPhone;FBSN/iOS;FBSV/11.2;FBSS/2;FBCR/Carrier;FBID/phone;FBLC/en_US;FBOP/5;FBRV/110216689]"
66.249.64.205 - - [16/Sep/2018:20:21:12 +0545] "GET /events/ HTTP/1.1" 200 75528 "-" "Mozilla/5.0 (Linux; Android 6.0.1; Nexus 5X Build/MMB29P) AppleWebKit/537.36 (KHTML, like Gecko) Chrome/41.0.2272.96 Mobile Safari/537.36 (compatible; Googlebot/2.1; +http://www.google.com/bot.html)"
10.100.60.144 - - [16/Sep/2018:20:22:42 +0545] "GET / HTTP/1.1" 200 59014 "http://m.facebook.com" "Mozilla/5.0 (iPhone; CPU iPhone OS 11_2 like Mac OS X) AppleWebKit/604.4.7 (KHTML, like Gecko) Mobile/15C114 [FBAN/FBIOS;FBAV/172.0.0.46.94;FBBV/108425359;FBDV/iPhone6,2;FBMD/iPhone;FBSN/iOS;FBSV/11.2;FBSS/2;FBCR/Carrier;FBID/phone;FBLC/en_US;FBOP/5;FBRV/110216689]"
10.100.60.144 - - [16/Sep/2018:20:22:53 +0545] "GET / HTTP/1.1" 301 - "http://m.facebook.com" "Mozilla/5.0 (iPhone; CPU iPhone OS 11_2 like Mac OS X) AppleWebKit/604.4.7 (KHTML, like Gecko) Mobile/15C114 [FBAN/FBIOS;FBAV/172.0.0.46.94;FBBV/108425359;FBDV/iPhone6,2;FBMD/iPhone;FBSN/iOS;FBSV/11.2;FBSS/2;FBCR/Carrier;FBID/phone;FBLC/en_US;FBOP/5;FBRV/110216689]"
10.100.60.144 - - [16/Sep/2018:20:22:54 +0545] "GET / HTTP/1.1" 200 59014 "http://m.facebook.com" "Mozilla/5.0 (iPhone; CPU iPhone OS 11_2 like Mac OS X) AppleWebKit/604.4.7 (KHTML, like Gecko) Mobile/15C114 [FBAN/FBIOS;FBAV/172.0.0.46.94;FBBV/108425359;FBDV/iPhone6,2;FBMD/iPhone;FBSN/iOS;FBSV/11.2;FBSS/2;FBCR/Carrier;FBID/phone;FBLC/en_US;FBOP/5;FBRV/110216689]"
173.252.95.27 - - [16/Sep/2018:20:22:56 +0545] "GET /wp-content/uploads/2018/02/result-image-2.png HTTP/1.1" 200 455288 "-" "facebookexternalhit/1.1 (+http://www.facebook.com/externalhit_uatext.php)"
66.220.149.18 - - [16/Sep/2018:20:25:34 +0545] "GET /wp-content/uploads/2018/02/result-image-2.png HTTP/1.1" 200 455288 "-" "facebookexternalhit/1.1 (+http://www.facebook.com/externalhit_uatext.php)"
66.220.149.14 - - [16/Sep/2018:20:25:41 +0545] "GET /wp-content/uploads/2018/02/result-image-2.png HTTP/1.1" 200 455288 "-" "facebookexternalhit/1.1 (+http://www.facebook.com/externalhit_uatext.php)"
66.220.149.24 - - [16/Sep/2018:20:25:43 +0545] "GET /wp-content/uploads/2018/02/result-image-2.png HTTP/1.1" 200 455288 "-" "facebookexternalhit/1.1 (+http://www.facebook.com/externalhit_uatext.php)"
62.210.5.92 - - [16/Sep/2018:20:30:56 +0545] "GET /portfolio/hack-a-week/ HTTP/1.0" 200 45590 "-" "Mozilla/5.0 (Windows NT 6.1; Win64; x64) AppleWebKit/537.36 (KHTML, like Gecko) Chrome/62.0.3202.94 Safari/537.36"
192.168.10.1 - - [16/Sep/2018:21:01:09 +0545] "POST /wp-cron.php?doing_wp_cron=1537110969.8305940628051757812500 HTTP/1.1" 200 - "https://locus.pcampus.edu.np/wp-cron.php?doing_wp_cron=1537110969.8305940628051757812500" "WordPress/4.9.8; https://locus.pcampus.edu.np"
66.249.64.205 - - [16/Sep/2018:21:01:09 +0545] "GET /portfolio/ HTTP/1.1" 200 71985 "-" "Mozilla/5.0 (Linux; Android 6.0.1; Nexus 5X Build/MMB29P) AppleWebKit/537.36 (KHTML, like Gecko) Chrome/41.0.2272.96 Mobile Safari/537.36 (compatible; Googlebot/2.1; +http://www.google.com/bot.html)"
66.220.149.28 - - [16/Sep/2018:21:09:19 +0545] "GET /wp-content/uploads/2018/02/result-image-2.png HTTP/1.1" 200 455288 "-" "facebookexternalhit/1.1 (+http://www.facebook.com/externalhit_uatext.php)"
66.220.149.31 - - [16/Sep/2018:21:09:20 +0545] "GET /wp-content/uploads/2018/02/result-image-2.png HTTP/1.1" 200 455288 "-" "facebookexternalhit/1.1 (+http://www.facebook.com/externalhit_uatext.php)"
14.192.208.58 - - [16/Sep/2018:21:09:34 +0545] "GET /wp-content/uploads/2017/01/26196361_628071880696648_5794534421416214484_n.jpg HTTP/1.1" 200 81895 "https://www.google.com/" "Mozilla/5.0 (Windows NT 6.3; WOW64) AppleWebKit/537.36 (KHTML, like Gecko) Chrome/68.0.3440.106 Safari/537.36"
69.171.251.40 - - [16/Sep/2018:21:12:23 +0545] "GET /wp-content/uploads/2017/12/locus-first.jpg HTTP/1.1" 200 81038 "-" "facebookexternalhit/1.1 (+http://www.facebook.com/externalhit_uatext.php)"
192.168.10.1 - - [16/Sep/2018:21:37:03 +0545] "POST /wp-cron.php?doing_wp_cron=1537113122.9708731174468994140625 HTTP/1.1" 200 - "https://locus.pcampus.edu.np/wp-cron.php?doing_wp_cron=1537113122.9708731174468994140625" "WordPress/4.9.8; https://locus.pcampus.edu.np"
66.249.64.201 - - [16/Sep/2018:21:37:02 +0545] "GET /locus-2017/ HTTP/1.1" 200 47617 "-" "Mozilla/5.0 (Linux; Android 6.0.1; Nexus 5X Build/MMB29P) AppleWebKit/537.36 (KHTML, like Gecko) Chrome/41.0.2272.96 Mobile Safari/537.36 (compatible; Googlebot/2.1; +http://www.google.com/bot.html)"
66.220.149.13 - - [16/Sep/2018:21:53:14 +0545] "GET /wp-content/uploads/2018/02/result-image-2.png HTTP/1.1" 200 455288 "-" "facebookexternalhit/1.1 (+http://www.facebook.com/externalhit_uatext.php)"
66.220.149.12 - - [16/Sep/2018:21:58:00 +0545] "GET /wp-content/uploads/2018/02/result-image-2.png HTTP/1.1" 200 455288 "-" "facebookexternalhit/1.1 (+http://www.facebook.com/externalhit_uatext.php)"
66.220.149.6 - - [16/Sep/2018:21:58:02 +0545] "GET /wp-content/uploads/2018/02/result-image-2.png HTTP/1.1" 200 455288 "-" "facebookexternalhit/1.1 (+http://www.facebook.com/externalhit_uatext.php)"
66.220.149.21 - - [16/Sep/2018:21:58:04 +0545] "GET /wp-content/uploads/2018/02/result-image-2.png HTTP/1.1" 200 455288 "-" "facebookexternalhit/1.1 (+http://www.facebook.com/externalhit_uatext.php)"
216.244.66.232 - - [16/Sep/2018:22:08:31 +0545] "GET /robots.txt HTTP/1.1" 200 67 "-" "Mozilla/5.0 (compatible; DotBot/1.1; http://www.opensiteexplorer.org/dotbot, help@moz.com)"
71.187.157.111 - - [16/Sep/2018:22:11:18 +0545] "GET / HTTP/1.1" 200 59014 "https://www.google.com/" "Mozilla/5.0 (Macintosh; Intel Mac OS X 10_13_6) AppleWebKit/537.36 (KHTML, like Gecko) Chrome/68.0.3440.106 Safari/537.36"
71.187.157.111 - - [16/Sep/2018:22:11:18 +0545] "GET /wp-content/plugins/accesspress-social-icons/css/animate.css?ver=1.6.9 HTTP/1.1" 200 72922 "https://locus.pcampus.edu.np/" "Mozilla/5.0 (Macintosh; Intel Mac OS X 10_13_6) AppleWebKit/537.36 (KHTML, like Gecko) Chrome/68.0.3440.106 Safari/537.36"
71.187.157.111 - - [16/Sep/2018:22:11:19 +0545] "GET /wp-content/plugins/siteorigin-panels/css/front-flex.css?ver=2.6.2 HTTP/1.1" 200 1315 "https://locus.pcampus.edu.np/" "Mozilla/5.0 (Macintosh; Intel Mac OS X 10_13_6) AppleWebKit/537.36 (KHTML, like Gecko) Chrome/68.0.3440.106 Safari/537.36"
71.187.157.111 - - [16/Sep/2018:22:11:19 +0545] "GET /wp-content/plugins/jquery-t-countdown-widget/css/cloud-city/style.css?ver=2.0 HTTP/1.1" 200 2055 "https://locus.pcampus.edu.np/" "Mozilla/5.0 (Macintosh; Intel Mac OS X 10_13_6) AppleWebKit/537.36 (KHTML, like Gecko) Chrome/68.0.3440.106 Safari/537.36"
71.187.157.111 - - [16/Sep/2018:22:11:20 +0545] "GET /wp-content/plugins/easy-facebook-likebox/public/assets/popup/magnific-popup.css?ver=4.3.5 HTTP/1.1" 200 7789 "https://locus.pcampus.edu.np/" "Mozilla/5.0 (Macintosh; Intel Mac OS X 10_13_6) AppleWebKit/537.36 (KHTML, like Gecko) Chrome/68.0.3440.106 Safari/537.36"
71.187.157.111 - - [16/Sep/2018:22:11:20 +0545] "GET /wp-content/plugins/ultimate-faqs/css/ewd-ufaq-styles.css?ver=4.9.8 HTTP/1.1" 200 10645 "https://locus.pcampus.edu.np/" "Mozilla/5.0 (Macintosh; Intel Mac OS X 10_13_6) AppleWebKit/537.36 (KHTML, like Gecko) Chrome/68.0.3440.106 Safari/537.36"
71.187.157.111 - - [16/Sep/2018:22:11:20 +0545] "GET /wp-content/themes/flash/css/font-awesome.min.css?ver=4.9.8 HTTP/1.1" 200 31000 "https://locus.pcampus.edu.np/" "Mozilla/5.0 (Macintosh; Intel Mac OS X 10_13_6) AppleWebKit/537.36 (KHTML, like Gecko) Chrome/68.0.3440.106 Safari/537.36"
71.187.157.111 - - [16/Sep/2018:22:11:20 +0545] "GET /wp-content/themes/flash/css/responsive.min.css?ver=4.9.8 HTTP/1.1" 200 10127 "https://locus.pcampus.edu.np/" "Mozilla/5.0 (Macintosh; Intel Mac OS X 10_13_6) AppleWebKit/537.36 (KHTML, like Gecko) Chrome/68.0.3440.106 Safari/537.36"
71.187.157.111 - - [16/Sep/2018:22:11:20 +0545] "GET /wp-content/themes/flash/style.css?ver=4.9.8 HTTP/1.1" 200 78834 "https://locus.pcampus.edu.np/" "Mozilla/5.0 (Macintosh; Intel Mac OS X 10_13_6) AppleWebKit/537.36 (KHTML, like Gecko) Chrome/68.0.3440.106 Safari/537.36"
71.187.157.111 - - [16/Sep/2018:22:11:20 +0545] "GET /wp-content/plugins/ultimate-faqs/css/rrssb-min.css?ver=4.9.8 HTTP/1.1" 200 11079 "https://locus.pcampus.edu.np/" "Mozilla/5.0 (Macintosh; Intel Mac OS X 10_13_6) AppleWebKit/537.36 (KHTML, like Gecko) Chrome/68.0.3440.106 Safari/537.36"
71.187.157.111 - - [16/Sep/2018:22:11:20 +0545] "GET /wp-includes/js/jquery/jquery.js?ver=1.12.4 HTTP/1.1" 200 97184 "https://locus.pcampus.edu.np/" "Mozilla/5.0 (Macintosh; Intel Mac OS X 10_13_6) AppleWebKit/537.36 (KHTML, like Gecko) Chrome/68.0.3440.106 Safari/537.36"
71.187.157.111 - - [16/Sep/2018:22:11:20 +0545] "GET /wp-includes/js/jquery/jquery-migrate.min.js?ver=1.4.1 HTTP/1.1" 200 10056 "https://locus.pcampus.edu.np/" "Mozilla/5.0 (Macintosh; Intel Mac OS X 10_13_6) AppleWebKit/537.36 (KHTML, like Gecko) Chrome/68.0.3440.106 Safari/537.36"
71.187.157.111 - - [16/Sep/2018:22:11:21 +0545] "GET /wp-content/plugins/easy-facebook-likebox/public/assets/popup/jquery.magnific-popup.min.js?ver=4.3.5 HTTP/1.1" 200 21094 "https://locus.pcampus.edu.np/" "Mozilla/5.0 (Macintosh; Intel Mac OS X 10_13_6) AppleWebKit/537.36 (KHTML, like Gecko) Chrome/68.0.3440.106 Safari/537.36"
71.187.157.111 - - [16/Sep/2018:22:11:21 +0545] "GET /wp-content/plugins/accesspress-social-icons/js/frontend.js?ver=1.6.9 HTTP/1.1" 200 1729 "https://locus.pcampus.edu.np/" "Mozilla/5.0 (Macintosh; Intel Mac OS X 10_13_6) AppleWebKit/537.36 (KHTML, like Gecko) Chrome/68.0.3440.106 Safari/537.36"
71.187.157.111 - - [16/Sep/2018:22:11:21 +0545] "GET /wp-content/plugins/accesspress-social-icons/css/frontend.css?ver=1.6.9 HTTP/1.1" 200 2559 "https://locus.pcampus.edu.np/" "Mozilla/5.0 (Macintosh; Intel Mac OS X 10_13_6) AppleWebKit/537.36 (KHTML, like Gecko) Chrome/68.0.3440.106 Safari/537.36"
71.187.157.111 - - [16/Sep/2018:22:11:21 +0545] "GET /wp-content/themes/flash/css/swiper.min.css?ver=4.9.8 HTTP/1.1" 200 17216 "https://locus.pcampus.edu.np/" "Mozilla/5.0 (Macintosh; Intel Mac OS X 10_13_6) AppleWebKit/537.36 (KHTML, like Gecko) Chrome/68.0.3440.106 Safari/537.36"
71.187.157.111 - - [16/Sep/2018:22:11:21 +0545] "GET /wp-content/plugins/contact-form-7/includes/css/styles.css?ver=4.9.2 HTTP/1.1" 200 1606 "https://locus.pcampus.edu.np/" "Mozilla/5.0 (Macintosh; Intel Mac OS X 10_13_6) AppleWebKit/537.36 (KHTML, like Gecko) Chrome/68.0.3440.106 Safari/537.36"
71.187.157.111 - - [16/Sep/2018:22:11:22 +0545] "GET /wp-content/plugins/easy-facebook-likebox/public/assets/js/jquery.cookie.js?ver=4.3.5 HTTP/1.1" 200 3128 "https://locus.pcampus.edu.np/" "Mozilla/5.0 (Macintosh; Intel Mac OS X 10_13_6) AppleWebKit/537.36 (KHTML, like Gecko) Chrome/68.0.3440.106 Safari/537.36"
71.187.157.111 - - [16/Sep/2018:22:11:22 +0545] "GET /wp-content/plugins/easy-facebook-likebox/public/assets/css/font-awesome.css?ver=4.3.5 HTTP/1.1" 200 30546 "https://locus.pcampus.edu.np/" "Mozilla/5.0 (Macintosh; Intel Mac OS X 10_13_6) AppleWebKit/537.36 (KHTML, like Gecko) Chrome/68.0.3440.106 Safari/537.36"
71.187.157.111 - - [16/Sep/2018:22:11:22 +0545] "GET /wp-content/plugins/easy-facebook-likebox/public/assets/css/animate.css?ver=4.3.5 HTTP/1.1" 200 72259 "https://locus.pcampus.edu.np/" "Mozilla/5.0 (Macintosh; Intel Mac OS X 10_13_6) AppleWebKit/537.36 (KHTML, like Gecko) Chrome/68.0.3440.106 Safari/537.36"
71.187.157.111 - - [16/Sep/2018:22:11:22 +0545] "GET /wp-includes/js/wp-emoji-release.min.js?ver=4.9.8 HTTP/1.1" 200 12026 "https://locus.pcampus.edu.np/" "Mozilla/5.0 (Macintosh; Intel Mac OS X 10_13_6) AppleWebKit/537.36 (KHTML, like Gecko) Chrome/68.0.3440.106 Safari/537.36"
71.187.157.111 - - [16/Sep/2018:22:11:22 +0545] "GET /wp-content/plugins/easy-facebook-likebox/public/assets/js/public.js?ver=4.3.5 HTTP/1.1" 200 5553 "https://locus.pcampus.edu.np/" "Mozilla/5.0 (Macintosh; Intel Mac OS X 10_13_6) AppleWebKit/537.36 (KHTML, like Gecko) Chrome/68.0.3440.106 Safari/537.36"
71.187.157.111 - - [16/Sep/2018:22:11:23 +0545] "GET /wp-content/uploads/2017/12/Locus-Logo_Final__Expanded-Apeearance_-_1_-e1514207204800.png HTTP/1.1" 200 2825 "https://locus.pcampus.edu.np/" "Mozilla/5.0 (Macintosh; Intel Mac OS X 10_13_6) AppleWebKit/537.36 (KHTML, like Gecko) Chrome/68.0.3440.106 Safari/537.36"
71.187.157.111 - - [16/Sep/2018:22:11:23 +0545] "GET /wp-content/plugins/easy-facebook-likebox/public/assets/css/public.css?ver=4.3.5 HTTP/1.1" 200 12658 "https://locus.pcampus.edu.np/" "Mozilla/5.0 (Macintosh; Intel Mac OS X 10_13_6) AppleWebKit/537.36 (KHTML, like Gecko) Chrome/68.0.3440.106 Safari/537.36"
71.187.157.111 - - [16/Sep/2018:22:11:22 +0545] "GET /wp-content/uploads/2018/02/result-image-2.png HTTP/1.1" 200 455288 "https://locus.pcampus.edu.np/" "Mozilla/5.0 (Macintosh; Intel Mac OS X 10_13_6) AppleWebKit/537.36 (KHTML, like Gecko) Chrome/68.0.3440.106 Safari/537.36"
71.187.157.111 - - [16/Sep/2018:22:11:23 +0545] "GET /wp-content/plugins/jquery-t-countdown-widget/js/jquery.t-countdown.js?ver=1.5.12 HTTP/1.1" 200 8868 "https://locus.pcampus.edu.np/" "Mozilla/5.0 (Macintosh; Intel Mac OS X 10_13_6) AppleWebKit/537.36 (KHTML, like Gecko) Chrome/68.0.3440.106 Safari/537.36"
71.187.157.111 - - [16/Sep/2018:22:11:23 +0545] "GET /wp-content/plugins/contact-form-7/includes/js/scripts.js?ver=4.9.2 HTTP/1.1" 200 14092 "https://locus.pcampus.edu.np/" "Mozilla/5.0 (Macintosh; Intel Mac OS X 10_13_6) AppleWebKit/537.36 (KHTML, like Gecko) Chrome/68.0.3440.106 Safari/537.36"
71.187.157.111 - - [16/Sep/2018:22:11:23 +0545] "GET /wp-content/uploads/2017/12/Locus-Logo_Final__Expanded-Apeearance_-_1_-e1514207204800.png HTTP/1.1" 200 2825 "https://locus.pcampus.edu.np/" "Mozilla/5.0 (Macintosh; Intel Mac OS X 10_13_6) AppleWebKit/537.36 (KHTML, like Gecko) Chrome/68.0.3440.106 Safari/537.36"
71.187.157.111 - - [16/Sep/2018:22:11:23 +0545] "GET /wp-content/plugins/easy-facebook-likebox/public/assets/css/public.css?ver=4.3.5 HTTP/1.1" 200 12658 "https://locus.pcampus.edu.np/" "Mozilla/5.0 (Macintosh; Intel Mac OS X 10_13_6) AppleWebKit/537.36 (KHTML, like Gecko) Chrome/68.0.3440.106 Safari/537.36"
71.187.157.111 - - [16/Sep/2018:22:11:23 +0545] "GET /wp-content/uploads/2017/12/Locus-Logo_Final__Expanded-Apeearance_-_1_-2-e1514309672902.png HTTP/1.1" 200 22029 "https://locus.pcampus.edu.np/" "Mozilla/5.0 (Macintosh; Intel Mac OS X 10_13_6) AppleWebKit/537.36 (KHTML, like Gecko) Chrome/68.0.3440.106 Safari/537.36"
71.187.157.111 - - [16/Sep/2018:22:11:23 +0545] "GET /wp-content/uploads/2018/02/result-image-2.png HTTP/1.1" 206 1 "https://locus.pcampus.edu.np/" "Mozilla/5.0 (Macintosh; Intel Mac OS X 10_13_6) AppleWebKit/537.36 (KHTML, like Gecko) Chrome/68.0.3440.106 Safari/537.36"
71.187.157.111 - - [16/Sep/2018:22:11:24 +0545] "GET /wp-content/themes/flash/fonts/fontawesome-webfont.woff2?v=4.7.0 HTTP/1.1" 200 77160 "https://locus.pcampus.edu.np/wp-content/themes/flash/css/font-awesome.min.css?ver=4.9.8" "Mozilla/5.0 (Macintosh; Intel Mac OS X 10_13_6) AppleWebKit/537.36 (KHTML, like Gecko) Chrome/68.0.3440.106 Safari/537.36"
71.187.157.111 - - [16/Sep/2018:22:11:24 +0545] "GET /wp-content/themes/flash/js/jquery.sticky.min.js?ver=4.9.8 HTTP/1.1" 200 4781 "https://locus.pcampus.edu.np/" "Mozilla/5.0 (Macintosh; Intel Mac OS X 10_13_6) AppleWebKit/537.36 (KHTML, like Gecko) Chrome/68.0.3440.106 Safari/537.36"
71.187.157.111 - - [16/Sep/2018:22:11:24 +0545] "GET /wp-content/themes/flash/js/jquery.nav.min.js?ver=4.9.8 HTTP/1.1" 200 2627 "https://locus.pcampus.edu.np/" "Mozilla/5.0 (Macintosh; Intel Mac OS X 10_13_6) AppleWebKit/537.36 (KHTML, like Gecko) Chrome/68.0.3440.106 Safari/537.36"
71.187.157.111 - - [16/Sep/2018:22:11:24 +0545] "GET /wp-content/themes/flash/js/flash.min.js?ver=4.9.8 HTTP/1.1" 200 3603 "https://locus.pcampus.edu.np/" "Mozilla/5.0 (Macintosh; Intel Mac OS X 10_13_6) AppleWebKit/537.36 (KHTML, like Gecko) Chrome/68.0.3440.106 Safari/537.36"
71.187.157.111 - - [16/Sep/2018:22:11:24 +0545] "GET /wp-content/uploads/2017/12/IOE-Dean-Note-1.jpg HTTP/1.1" 200 21890 "https://locus.pcampus.edu.np/" "Mozilla/5.0 (Macintosh; Intel Mac OS X 10_13_6) AppleWebKit/537.36 (KHTML, like Gecko) Chrome/68.0.3440.106 Safari/537.36"
71.187.157.111 - - [16/Sep/2018:22:11:24 +0545] "GET /wp-content/themes/flash/js/skip-link-focus-fix.js?ver=20151215 HTTP/1.1" 200 880 "https://locus.pcampus.edu.np/" "Mozilla/5.0 (Macintosh; Intel Mac OS X 10_13_6) AppleWebKit/537.36 (KHTML, like Gecko) Chrome/68.0.3440.106 Safari/537.36"
71.187.157.111 - - [16/Sep/2018:22:11:24 +0545] "GET /wp-content/uploads/2018/02/result-image-2.png HTTP/1.1" 206 438904 "https://locus.pcampus.edu.np/" "Mozilla/5.0 (Macintosh; Intel Mac OS X 10_13_6) AppleWebKit/537.36 (KHTML, like Gecko) Chrome/68.0.3440.106 Safari/537.36"
71.187.157.111 - - [16/Sep/2018:22:11:24 +0545] "GET /wp-content/themes/flash/js/swiper.jquery.min.js?ver=4.9.8 HTTP/1.1" 200 68716 "https://locus.pcampus.edu.np/" "Mozilla/5.0 (Macintosh; Intel Mac OS X 10_13_6) AppleWebKit/537.36 (KHTML, like Gecko) Chrome/68.0.3440.106 Safari/537.36"
71.187.157.111 - - [16/Sep/2018:22:11:25 +0545] "GET /wp-content/themes/flash/js/isotope.pkgd.min.js?ver=4.9.8 HTTP/1.1" 200 34695 "https://locus.pcampus.edu.np/" "Mozilla/5.0 (Macintosh; Intel Mac OS X 10_13_6) AppleWebKit/537.36 (KHTML, like Gecko) Chrome/68.0.3440.106 Safari/537.36"
71.187.157.111 - - [16/Sep/2018:22:11:25 +0545] "GET /wp-includes/js/wp-embed.min.js?ver=4.9.8 HTTP/1.1" 200 1398 "https://locus.pcampus.edu.np/" "Mozilla/5.0 (Macintosh; Intel Mac OS X 10_13_6) AppleWebKit/537.36 (KHTML, like Gecko) Chrome/68.0.3440.106 Safari/537.36"
71.187.157.111 - - [16/Sep/2018:22:11:25 +0545] "GET /wp-content/plugins/siteorigin-panels/js/styling-262.min.js?ver=2.6.2 HTTP/1.1" 200 848 "https://locus.pcampus.edu.np/" "Mozilla/5.0 (Macintosh; Intel Mac OS X 10_13_6) AppleWebKit/537.36 (KHTML, like Gecko) Chrome/68.0.3440.106 Safari/537.36"
71.187.157.111 - - [16/Sep/2018:22:11:25 +0545] "GET /wp-content/plugins/google-maps-widget/js/jquery.colorbox.min.js?ver=3.77 HTTP/1.1" 200 11929 "https://locus.pcampus.edu.np/" "Mozilla/5.0 (Macintosh; Intel Mac OS X 10_13_6) AppleWebKit/537.36 (KHTML, like Gecko) Chrome/68.0.3440.106 Safari/537.36"
71.187.157.111 - - [16/Sep/2018:22:11:25 +0545] "GET /wp-content/plugins/google-maps-widget/js/gmw.js?ver=3.77 HTTP/1.1" 200 4372 "https://locus.pcampus.edu.np/" "Mozilla/5.0 (Macintosh; Intel Mac OS X 10_13_6) AppleWebKit/537.36 (KHTML, like Gecko) Chrome/68.0.3440.106 Safari/537.36"
71.187.157.111 - - [16/Sep/2018:22:11:25 +0545] "GET /wp-content/uploads/2017/12/locus-first.jpg HTTP/1.1" 200 81038 "https://locus.pcampus.edu.np/" "Mozilla/5.0 (Macintosh; Intel Mac OS X 10_13_6) AppleWebKit/537.36 (KHTML, like Gecko) Chrome/68.0.3440.106 Safari/537.36"
71.187.157.111 - - [16/Sep/2018:22:11:26 +0545] "GET /wp-content/plugins/easy-twitter-feed-widget/js/twitter-widgets.js?ver=1.0 HTTP/1.1" 200 486 "https://locus.pcampus.edu.np/" "Mozilla/5.0 (Macintosh; Intel Mac OS X 10_13_6) AppleWebKit/537.36 (KHTML, like Gecko) Chrome/68.0.3440.106 Safari/537.36"
71.187.157.111 - - [16/Sep/2018:22:11:25 +0545] "GET /wp-content/uploads/2017/12/Locus-Front-1.jpg HTTP/1.1" 200 380319 "https://locus.pcampus.edu.np/" "Mozilla/5.0 (Macintosh; Intel Mac OS X 10_13_6) AppleWebKit/537.36 (KHTML, like Gecko) Chrome/68.0.3440.106 Safari/537.36"
71.187.157.111 - - [16/Sep/2018:22:11:26 +0545] "GET /wp-content/uploads/2018/01/Picture1-1.jpg HTTP/1.1" 200 53495 "https://locus.pcampus.edu.np/" "Mozilla/5.0 (Macintosh; Intel Mac OS X 10_13_6) AppleWebKit/537.36 (KHTML, like Gecko) Chrome/68.0.3440.106 Safari/537.36"
71.187.157.111 - - [16/Sep/2018:22:11:26 +0545] "GET /wp-content/uploads/2018/01/Code-Jam-01-1-1024x680-1.jpg HTTP/1.1" 200 61942 "https://locus.pcampus.edu.np/" "Mozilla/5.0 (Macintosh; Intel Mac OS X 10_13_6) AppleWebKit/537.36 (KHTML, like Gecko) Chrome/68.0.3440.106 Safari/537.36"
71.187.157.111 - - [16/Sep/2018:22:11:26 +0545] "GET /wp-content/uploads/2017/01/dornacharya.jpg HTTP/1.1" 200 103393 "https://locus.pcampus.edu.np/" "Mozilla/5.0 (Macintosh; Intel Mac OS X 10_13_6) AppleWebKit/537.36 (KHTML, like Gecko) Chrome/68.0.3440.106 Safari/537.36"
71.187.157.111 - - [16/Sep/2018:22:11:25 +0545] "GET /wp-content/uploads/2017/12/Locus-Front-2.jpg HTTP/1.1" 200 355134 "https://locus.pcampus.edu.np/" "Mozilla/5.0 (Macintosh; Intel Mac OS X 10_13_6) AppleWebKit/537.36 (KHTML, like Gecko) Chrome/68.0.3440.106 Safari/537.36"
71.187.157.111 - - [16/Sep/2018:22:11:27 +0545] "GET /wp-content/uploads/2017/01/Hackathon.jpg HTTP/1.1" 200 102588 "https://locus.pcampus.edu.np/" "Mozilla/5.0 (Macintosh; Intel Mac OS X 10_13_6) AppleWebKit/537.36 (KHTML, like Gecko) Chrome/68.0.3440.106 Safari/537.36"
71.187.157.111 - - [16/Sep/2018:22:11:27 +0545] "GET /wp-content/plugins/google-maps-widget/css/gmw.css?ver=3.77 HTTP/1.1" 200 6001 "https://locus.pcampus.edu.np/" "Mozilla/5.0 (Macintosh; Intel Mac OS X 10_13_6) AppleWebKit/537.36 (KHTML, like Gecko) Chrome/68.0.3440.106 Safari/537.36"
71.187.157.111 - - [16/Sep/2018:22:11:28 +0545] "GET /wp-content/uploads/2017/01/Inter-College-Quiz.jpg HTTP/1.1" 200 60574 "https://locus.pcampus.edu.np/" "Mozilla/5.0 (Macintosh; Intel Mac OS X 10_13_6) AppleWebKit/537.36 (KHTML, like Gecko) Chrome/68.0.3440.106 Safari/537.36"
71.187.157.111 - - [16/Sep/2018:22:11:28 +0545] "GET /wp-content/uploads/2017/01/Locus-Project-Competition.jpg HTTP/1.1" 200 92829 "https://locus.pcampus.edu.np/" "Mozilla/5.0 (Macintosh; Intel Mac OS X 10_13_6) AppleWebKit/537.36 (KHTML, like Gecko) Chrome/68.0.3440.106 Safari/537.36"
71.187.157.111 - - [16/Sep/2018:22:11:28 +0545] "GET /wp-content/uploads/2017/01/photography.jpg HTTP/1.1" 200 64712 "https://locus.pcampus.edu.np/" "Mozilla/5.0 (Macintosh; Intel Mac OS X 10_13_6) AppleWebKit/537.36 (KHTML, like Gecko) Chrome/68.0.3440.106 Safari/537.36"
71.187.157.111 - - [16/Sep/2018:22:11:28 +0545] "GET /wp-content/uploads/2017/01/Tech-Debate.jpg HTTP/1.1" 200 50009 "https://locus.pcampus.edu.np/" "Mozilla/5.0 (Macintosh; Intel Mac OS X 10_13_6) AppleWebKit/537.36 (KHTML, like Gecko) Chrome/68.0.3440.106 Safari/537.36"
71.187.157.111 - - [16/Sep/2018:22:11:28 +0545] "GET /wp-content/uploads/2018/02/logpoint-Title-Sponsor.png HTTP/1.1" 200 137508 "https://locus.pcampus.edu.np/" "Mozilla/5.0 (Macintosh; Intel Mac OS X 10_13_6) AppleWebKit/537.36 (KHTML, like Gecko) Chrome/68.0.3440.106 Safari/537.36"
71.187.157.111 - - [16/Sep/2018:22:11:28 +0545] "GET /wp-content/uploads/2018/02/yomari-Associate-Sponsor.png HTTP/1.1" 200 136363 "https://locus.pcampus.edu.np/" "Mozilla/5.0 (Macintosh; Intel Mac OS X 10_13_6) AppleWebKit/537.36 (KHTML, like Gecko) Chrome/68.0.3440.106 Safari/537.36"
71.187.157.111 - - [16/Sep/2018:22:11:29 +0545] "GET /wp-content/uploads/2017/01/Robo-Warz.jpg HTTP/1.1" 200 57135 "https://locus.pcampus.edu.np/" "Mozilla/5.0 (Macintosh; Intel Mac OS X 10_13_6) AppleWebKit/537.36 (KHTML, like Gecko) Chrome/68.0.3440.106 Safari/537.36"
71.187.157.111 - - [16/Sep/2018:22:11:29 +0545] "GET /wp-content/uploads/2018/02/NTA-Gold-Sponsor.png HTTP/1.1" 200 149162 "https://locus.pcampus.edu.np/" "Mozilla/5.0 (Macintosh; Intel Mac OS X 10_13_6) AppleWebKit/537.36 (KHTML, like Gecko) Chrome/68.0.3440.106 Safari/537.36"
71.187.157.111 - - [16/Sep/2018:22:11:26 +0545] "GET /wp-content/uploads/2017/12/Locus-Front-4.jpg HTTP/1.1" 200 396772 "https://locus.pcampus.edu.np/" "Mozilla/5.0 (Macintosh; Intel Mac OS X 10_13_6) AppleWebKit/537.36 (KHTML, like Gecko) Chrome/68.0.3440.106 Safari/537.36"
71.187.157.111 - - [16/Sep/2018:22:11:26 +0545] "GET /wp-content/uploads/2017/01/hackaweeklatest0-01-1-e1516459387969.png HTTP/1.1" 200 1237587 "https://locus.pcampus.edu.np/" "Mozilla/5.0 (Macintosh; Intel Mac OS X 10_13_6) AppleWebKit/537.36 (KHTML, like Gecko) Chrome/68.0.3440.106 Safari/537.36"
71.187.157.111 - - [16/Sep/2018:22:11:29 +0545] "GET /wp-content/uploads/2018/02/slt-Hardware-Partner.png HTTP/1.1" 200 142089 "https://locus.pcampus.edu.np/" "Mozilla/5.0 (Macintosh; Intel Mac OS X 10_13_6) AppleWebKit/537.36 (KHTML, like Gecko) Chrome/68.0.3440.106 Safari/537.36"
71.187.157.111 - - [16/Sep/2018:22:11:29 +0545] "GET /wp-content/uploads/2018/02/rajdhani-print-media-partner.png HTTP/1.1" 200 141569 "https://locus.pcampus.edu.np/" "Mozilla/5.0 (Macintosh; Intel Mac OS X 10_13_6) AppleWebKit/537.36 (KHTML, like Gecko) Chrome/68.0.3440.106 Safari/537.36"
71.187.157.111 - - [16/Sep/2018:22:11:29 +0545] "GET /wp-content/uploads/2018/02/landmark-education-Gold-Sponsor.png HTTP/1.1" 200 139520 "https://locus.pcampus.edu.np/" "Mozilla/5.0 (Macintosh; Intel Mac OS X 10_13_6) AppleWebKit/537.36 (KHTML, like Gecko) Chrome/68.0.3440.106 Safari/537.36"
71.187.157.111 - - [16/Sep/2018:22:11:30 +0545] "GET /wp-content/uploads/2018/02/hello-khabar-Online-Partner.png HTTP/1.1" 200 142273 "https://locus.pcampus.edu.np/" "Mozilla/5.0 (Macintosh; Intel Mac OS X 10_13_6) AppleWebKit/537.36 (KHTML, like Gecko) Chrome/68.0.3440.106 Safari/537.36"
71.187.157.111 - - [16/Sep/2018:22:11:30 +0545] "GET /wp-content/uploads/2018/02/colleges-nepal-Video-Partner.png HTTP/1.1" 200 139846 "https://locus.pcampus.edu.np/" "Mozilla/5.0 (Macintosh; Intel Mac OS X 10_13_6) AppleWebKit/537.36 (KHTML, like Gecko) Chrome/68.0.3440.106 Safari/537.36"
71.187.157.111 - - [16/Sep/2018:22:11:30 +0545] "GET /wp-content/uploads/2018/02/gadget-byte-nepal-Online-Partner.png HTTP/1.1" 200 134963 "https://locus.pcampus.edu.np/" "Mozilla/5.0 (Macintosh; Intel Mac OS X 10_13_6) AppleWebKit/537.36 (KHTML, like Gecko) Chrome/68.0.3440.106 Safari/537.36"
71.187.157.111 - - [16/Sep/2018:22:11:30 +0545] "GET /wp-content/uploads/2018/02/avenues-Tv-Partner.png HTTP/1.1" 200 143070 "https://locus.pcampus.edu.np/" "Mozilla/5.0 (Macintosh; Intel Mac OS X 10_13_6) AppleWebKit/537.36 (KHTML, like Gecko) Chrome/68.0.3440.106 Safari/537.36"
71.187.157.111 - - [16/Sep/2018:22:11:30 +0545] "GET /wp-content/uploads/2018/02/merojob-Career-Partner.png HTTP/1.1" 200 137256 "https://locus.pcampus.edu.np/" "Mozilla/5.0 (Macintosh; Intel Mac OS X 10_13_6) AppleWebKit/537.36 (KHTML, like Gecko) Chrome/68.0.3440.106 Safari/537.36"
71.187.157.111 - - [16/Sep/2018:22:11:30 +0545] "GET /wp-content/uploads/2018/02/sparrow-SMS-Partner.png HTTP/1.1" 200 139383 "https://locus.pcampus.edu.np/" "Mozilla/5.0 (Macintosh; Intel Mac OS X 10_13_6) AppleWebKit/537.36 (KHTML, like Gecko) Chrome/68.0.3440.106 Safari/537.36"
71.187.157.111 - - [16/Sep/2018:22:11:30 +0545] "GET /wp-content/uploads/2018/02/annapurna-Food-Partner-1.png HTTP/1.1" 200 139236 "https://locus.pcampus.edu.np/" "Mozilla/5.0 (Macintosh; Intel Mac OS X 10_13_6) AppleWebKit/537.36 (KHTML, like Gecko) Chrome/68.0.3440.106 Safari/537.36"
71.187.157.111 - - [16/Sep/2018:22:11:31 +0545] "GET /wp-content/uploads/2018/02/Sroth-Code-Gaming-Partner.png HTTP/1.1" 200 130849 "https://locus.pcampus.edu.np/" "Mozilla/5.0 (Macintosh; Intel Mac OS X 10_13_6) AppleWebKit/537.36 (KHTML, like Gecko) Chrome/68.0.3440.106 Safari/537.36"
71.187.157.111 - - [16/Sep/2018:22:11:31 +0545] "GET /wp-content/uploads/2018/02/fusemachine-nepal-Event-Sponsor.png HTTP/1.1" 200 139869 "https://locus.pcampus.edu.np/" "Mozilla/5.0 (Macintosh; Intel Mac OS X 10_13_6) AppleWebKit/537.36 (KHTML, like Gecko) Chrome/68.0.3440.106 Safari/537.36"
71.187.157.111 - - [16/Sep/2018:22:11:31 +0545] "GET /wp-content/uploads/2018/02/f1-soft-Event-Sponsor.png HTTP/1.1" 200 140614 "https://locus.pcampus.edu.np/" "Mozilla/5.0 (Macintosh; Intel Mac OS X 10_13_6) AppleWebKit/537.36 (KHTML, like Gecko) Chrome/68.0.3440.106 Safari/537.36"
71.187.157.111 - - [16/Sep/2018:22:11:31 +0545] "GET /wp-content/uploads/2018/02/islington-college-Locus-Sponsor.png HTTP/1.1" 200 139828 "https://locus.pcampus.edu.np/" "Mozilla/5.0 (Macintosh; Intel Mac OS X 10_13_6) AppleWebKit/537.36 (KHTML, like Gecko) Chrome/68.0.3440.106 Safari/537.36"
71.187.157.111 - - [16/Sep/2018:22:11:31 +0545] "GET /wp-content/uploads/2018/02/endevor-Locus-Sponsor.png HTTP/1.1" 200 137892 "https://locus.pcampus.edu.np/" "Mozilla/5.0 (Macintosh; Intel Mac OS X 10_13_6) AppleWebKit/537.36 (KHTML, like Gecko) Chrome/68.0.3440.106 Safari/537.36"
71.187.157.111 - - [16/Sep/2018:22:11:31 +0545] "GET /wp-content/uploads/2018/02/nepal-telecom-Locus-Sponsor.png HTTP/1.1" 200 139412 "https://locus.pcampus.edu.np/" "Mozilla/5.0 (Macintosh; Intel Mac OS X 10_13_6) AppleWebKit/537.36 (KHTML, like Gecko) Chrome/68.0.3440.106 Safari/537.36"
71.187.157.111 - - [16/Sep/2018:22:11:31 +0545] "GET /wp-content/uploads/2018/02/cambridge-Locus-Sponsor.png HTTP/1.1" 200 143716 "https://locus.pcampus.edu.np/" "Mozilla/5.0 (Macintosh; Intel Mac OS X 10_13_6) AppleWebKit/537.36 (KHTML, like Gecko) Chrome/68.0.3440.106 Safari/537.36"
71.187.157.111 - - [16/Sep/2018:22:11:31 +0545] "GET /wp-content/uploads/2018/02/education-park-Locus-Sponsor.png HTTP/1.1" 200 143733 "https://locus.pcampus.edu.np/" "Mozilla/5.0 (Macintosh; Intel Mac OS X 10_13_6) AppleWebKit/537.36 (KHTML, like Gecko) Chrome/68.0.3440.106 Safari/537.36"
71.187.157.111 - - [16/Sep/2018:22:11:31 +0545] "GET /wp-content/uploads/2018/02/growbydata-Locus-Sponsor.png HTTP/1.1" 200 139229 "https://locus.pcampus.edu.np/" "Mozilla/5.0 (Macintosh; Intel Mac OS X 10_13_6) AppleWebKit/537.36 (KHTML, like Gecko) Chrome/68.0.3440.106 Safari/537.36"
71.187.157.111 - - [16/Sep/2018:22:11:31 +0545] "GET /wp-content/uploads/2018/02/collins-gre-Locus-Sponsor.png HTTP/1.1" 200 141661 "https://locus.pcampus.edu.np/" "Mozilla/5.0 (Macintosh; Intel Mac OS X 10_13_6) AppleWebKit/537.36 (KHTML, like Gecko) Chrome/68.0.3440.106 Safari/537.36"
71.187.157.111 - - [16/Sep/2018:22:11:32 +0545] "GET /wp-content/uploads/2018/02/usoft-computer-technosys-Locus-Sponsor.png HTTP/1.1" 200 146212 "https://locus.pcampus.edu.np/" "Mozilla/5.0 (Macintosh; Intel Mac OS X 10_13_6) AppleWebKit/537.36 (KHTML, like Gecko) Chrome/68.0.3440.106 Safari/537.36"
71.187.157.111 - - [16/Sep/2018:22:11:32 +0545] "GET /wp-content/uploads/2018/02/Breadfruit-Locus-Sponsor.png HTTP/1.1" 200 141128 "https://locus.pcampus.edu.np/" "Mozilla/5.0 (Macintosh; Intel Mac OS X 10_13_6) AppleWebKit/537.36 (KHTML, like Gecko) Chrome/68.0.3440.106 Safari/537.36"
71.187.157.111 - - [16/Sep/2018:22:11:32 +0545] "GET /wp-content/uploads/2018/02/neosphere-Locus-Sponsor.png HTTP/1.1" 200 138846 "https://locus.pcampus.edu.np/" "Mozilla/5.0 (Macintosh; Intel Mac OS X 10_13_6) AppleWebKit/537.36 (KHTML, like Gecko) Chrome/68.0.3440.106 Safari/537.36"
71.187.157.111 - - [16/Sep/2018:22:11:32 +0545] "GET /wp-content/uploads/2018/02/neosphere-Stall-Sponsor.png HTTP/1.1" 200 138739 "https://locus.pcampus.edu.np/" "Mozilla/5.0 (Macintosh; Intel Mac OS X 10_13_6) AppleWebKit/537.36 (KHTML, like Gecko) Chrome/68.0.3440.106 Safari/537.36"
71.187.157.111 - - [16/Sep/2018:22:11:32 +0545] "GET /wp-content/plugins/accesspress-social-icons/icon-sets/png/set8/facebook.png HTTP/1.1" 200 2872 "https://locus.pcampus.edu.np/" "Mozilla/5.0 (Macintosh; Intel Mac OS X 10_13_6) AppleWebKit/537.36 (KHTML, like Gecko) Chrome/68.0.3440.106 Safari/537.36"
71.187.157.111 - - [16/Sep/2018:22:11:33 +0545] "GET /wp-content/plugins/accesspress-social-icons/icon-sets/png/set8/twitter.png HTTP/1.1" 200 3316 "https://locus.pcampus.edu.np/" "Mozilla/5.0 (Macintosh; Intel Mac OS X 10_13_6) AppleWebKit/537.36 (KHTML, like Gecko) Chrome/68.0.3440.106 Safari/537.36"
71.187.157.111 - - [16/Sep/2018:22:11:33 +0545] "GET /wp-content/uploads/2017/12/retina-locus-logo-1.jpg HTTP/1.1" 200 35721 "https://locus.pcampus.edu.np/" "Mozilla/5.0 (Macintosh; Intel Mac OS X 10_13_6) AppleWebKit/537.36 (KHTML, like Gecko) Chrome/68.0.3440.106 Safari/537.36"
66.249.64.203 - - [16/Sep/2018:22:15:35 +0545] "GET /locus-2016/ HTTP/1.1" 200 47467 "-" "Mozilla/5.0 (Linux; Android 6.0.1; Nexus 5X Build/MMB29P) AppleWebKit/537.36 (KHTML, like Gecko) Chrome/41.0.2272.96 Mobile Safari/537.36 (compatible; Googlebot/2.1; +http://www.google.com/bot.html)"
47.28.146.15 - - [16/Sep/2018:22:28:40 +0545] "GET /wp-content/uploads/2017/12/locus-first.jpg HTTP/1.1" 200 81038 "https://www.bing.com/" "Mozilla/5.0 (Linux; Android 5.1.1; KFFOWI Build/LVY48F) AppleWebKit/537.36 (KHTML, like Gecko) Silk/68.4.9 like Chrome/68.0.3440.85 Safari/537.36"
216.244.66.232 - - [16/Sep/2018:22:29:18 +0545] "GET /img/team/ashuta.jpg HTTP/1.1" 404 63387 "-" "Mozilla/5.0 (compatible; DotBot/1.1; http://www.opensiteexplorer.org/dotbot, help@moz.com)"
192.168.10.1 - - [16/Sep/2018:22:40:55 +0545] "POST /wp-cron.php?doing_wp_cron=1537116955.2146310806274414062500 HTTP/1.1" 200 - "http://locus.pcampus.edu.np/wp-cron.php?doing_wp_cron=1537116955.2146310806274414062500" "WordPress/4.9.8; https://locus.pcampus.edu.np"
10.100.60.144 - - [16/Sep/2018:22:40:55 +0545] "GET / HTTP/1.1" 301 - "http://m.facebook.com" "Mozilla/5.0 (iPhone; CPU iPhone OS 11_2 like Mac OS X) AppleWebKit/604.4.7 (KHTML, like Gecko) Mobile/15C114 [FBAN/FBIOS;FBAV/172.0.0.46.94;FBBV/108425359;FBDV/iPhone6,2;FBMD/iPhone;FBSN/iOS;FBSV/11.2;FBSS/2;FBCR/Carrier;FBID/phone;FBLC/en_US;FBOP/5;FBRV/110216689]"
