71.187.157.111 - - [17/Sep/2018:08:48:15 +0545] "GET /wp-content/uploads/2018/02/hello-khabar-Online-Partner.png HTTP/1.1" 200 142273 "https://locus.pcampus.edu.np/" "Mozilla/5.0 (Macintosh; Intel Mac OS X 10_13_6) AppleWebKit/537.36 (KHTML, like Gecko) Chrome/68.0.3440.106 Safari/537.36"
71.187.157.111 - - [17/Sep/2018:08:48:15 +0545] "GET /wp-content/uploads/2018/02/colleges-nepal-Video-Partner.png HTTP/1.1" 200 139846 "https://locus.pcampus.edu.np/" "Mozilla/5.0 (Macintosh; Intel Mac OS X 10_13_6) AppleWebKit/537.36 (KHTML, like Gecko) Chrome/68.0.3440.106 Safari/537.36"
71.187.157.111 - - [17/Sep/2018:08:48:15 +0545] "GET /wp-content/uploads/2018/02/Sroth-Code-Gaming-Partner.png HTTP/1.1" 200 130849 "https://locus.pcampus.edu.np/" "Mozilla/5.0 (Macintosh; Intel Mac OS X 10_13_6) AppleWebKit/537.36 (KHTML, like Gecko) Chrome/68.0.3440.106 Safari/537.36"
71.187.157.111 - - [17/Sep/2018:08:48:15 +0545] "GET /wp-content/uploads/2018/02/avenues-Tv-Partner.png HTTP/1.1" 200 143070 "https://locus.pcampus.edu.np/" "Mozilla/5.0 (Macintosh; Intel Mac OS X 10_13_6) AppleWebKit/537.36 (KHTML, like Gecko) Chrome/68.0.3440.106 Safari/537.36"
71.187.157.111 - - [17/Sep/2018:08:48:15 +0545] "GET /wp-content/uploads/2018/02/merojob-Career-Partner.png HTTP/1.1" 200 137256 "https://locus.pcampus.edu.np/" "Mozilla/5.0 (Macintosh; Intel Mac OS X 10_13_6) AppleWebKit/537.36 (KHTML, like Gecko) Chrome/68.0.3440.106 Safari/537.36"
71.187.157.111 - - [17/Sep/2018:08:48:15 +0545] "GET /wp-content/uploads/2018/02/annapurna-Food-Partner-1.png HTTP/1.1" 200 139236 "https://locus.pcampus.edu.np/" "Mozilla/5.0 (Macintosh; Intel Mac OS X 10_13_6) AppleWebKit/537.36 (KHTML, like Gecko) Chrome/68.0.3440.106 Safari/537.36"
71.187.157.111 - - [17/Sep/2018:08:48:15 +0545] "GET /wp-content/uploads/2018/02/sparrow-SMS-Partner.png HTTP/1.1" 200 139383 "https://locus.pcampus.edu.np/" "Mozilla/5.0 (Macintosh; Intel Mac OS X 10_13_6) AppleWebKit/537.36 (KHTML, like Gecko) Chrome/68.0.3440.106 Safari/537.36"
71.187.157.111 - - [17/Sep/2018:08:48:15 +0545] "GET /wp-content/uploads/2018/02/fusemachine-nepal-Event-Sponsor.png HTTP/1.1" 200 139869 "https://locus.pcampus.edu.np/" "Mozilla/5.0 (Macintosh; Intel Mac OS X 10_13_6) AppleWebKit/537.36 (KHTML, like Gecko) Chrome/68.0.3440.106 Safari/537.36"
71.187.157.111 - - [17/Sep/2018:08:48:15 +0545] "GET /wp-content/uploads/2018/02/growbydata-Locus-Sponsor.png HTTP/1.1" 200 139229 "https://locus.pcampus.edu.np/" "Mozilla/5.0 (Macintosh; Intel Mac OS X 10_13_6) AppleWebKit/537.36 (KHTML, like Gecko) Chrome/68.0.3440.106 Safari/537.36"
71.187.157.111 - - [17/Sep/2018:08:48:15 +0545] "GET /wp-content/uploads/2018/02/f1-soft-Event-Sponsor.png HTTP/1.1" 200 140614 "https://locus.pcampus.edu.np/" "Mozilla/5.0 (Macintosh; Intel Mac OS X 10_13_6) AppleWebKit/537.36 (KHTML, like Gecko) Chrome/68.0.3440.106 Safari/537.36"
71.187.157.111 - - [17/Sep/2018:08:48:15 +0545] "GET /wp-content/uploads/2018/02/endevor-Locus-Sponsor.png HTTP/1.1" 200 137892 "https://locus.pcampus.edu.np/" "Mozilla/5.0 (Macintosh; Intel Mac OS X 10_13_6) AppleWebKit/537.36 (KHTML, like Gecko) Chrome/68.0.3440.106 Safari/537.36"
71.187.157.111 - - [17/Sep/2018:08:48:15 +0545] "GET /wp-content/uploads/2018/02/islington-college-Locus-Sponsor.png HTTP/1.1" 200 139828 "https://locus.pcampus.edu.np/" "Mozilla/5.0 (Macintosh; Intel Mac OS X 10_13_6) AppleWebKit/537.36 (KHTML, like Gecko) Chrome/68.0.3440.106 Safari/537.36"
71.187.157.111 - - [17/Sep/2018:08:48:16 +0545] "GET /wp-content/uploads/2018/02/cambridge-Locus-Sponsor.png HTTP/1.1" 200 143716 "https://locus.pcampus.edu.np/" "Mozilla/5.0 (Macintosh; Intel Mac OS X 10_13_6) AppleWebKit/537.36 (KHTML, like Gecko) Chrome/68.0.3440.106 Safari/537.36"
71.187.157.111 - - [17/Sep/2018:08:48:16 +0545] "GET /wp-content/uploads/2018/02/nepal-telecom-Locus-Sponsor.png HTTP/1.1" 200 139412 "https://locus.pcampus.edu.np/" "Mozilla/5.0 (Macintosh; Intel Mac OS X 10_13_6) AppleWebKit/537.36 (KHTML, like Gecko) Chrome/68.0.3440.106 Safari/537.36"
71.187.157.111 - - [17/Sep/2018:08:48:16 +0545] "GET /wp-content/uploads/2018/02/education-park-Locus-Sponsor.png HTTP/1.1" 200 143733 "https://locus.pcampus.edu.np/" "Mozilla/5.0 (Macintosh; Intel Mac OS X 10_13_6) AppleWebKit/537.36 (KHTML, like Gecko) Chrome/68.0.3440.106 Safari/537.36"
71.187.157.111 - - [17/Sep/2018:08:48:16 +0545] "GET /wp-content/uploads/2018/02/usoft-computer-technosys-Locus-Sponsor.png HTTP/1.1" 200 146212 "https://locus.pcampus.edu.np/" "Mozilla/5.0 (Macintosh; Intel Mac OS X 10_13_6) AppleWebKit/537.36 (KHTML, like Gecko) Chrome/68.0.3440.106 Safari/537.36"
71.187.157.111 - - [17/Sep/2018:08:48:16 +0545] "GET /wp-content/uploads/2018/02/collins-gre-Locus-Sponsor.png HTTP/1.1" 200 141661 "https://locus.pcampus.edu.np/" "Mozilla/5.0 (Macintosh; Intel Mac OS X 10_13_6) AppleWebKit/537.36 (KHTML, like Gecko) Chrome/68.0.3440.106 Safari/537.36"
71.187.157.111 - - [17/Sep/2018:08:48:16 +0545] "GET /wp-content/uploads/2018/02/Breadfruit-Locus-Sponsor.png HTTP/1.1" 200 141128 "https://locus.pcampus.edu.np/" "Mozilla/5.0 (Macintosh; Intel Mac OS X 10_13_6) AppleWebKit/537.36 (KHTML, like Gecko) Chrome/68.0.3440.106 Safari/537.36"
71.187.157.111 - - [17/Sep/2018:08:48:16 +0545] "GET /wp-content/uploads/2018/02/neosphere-Locus-Sponsor.png HTTP/1.1" 200 138846 "https://locus.pcampus.edu.np/" "Mozilla/5.0 (Macintosh; Intel Mac OS X 10_13_6) AppleWebKit/537.36 (KHTML, like Gecko) Chrome/68.0.3440.106 Safari/537.36"
71.187.157.111 - - [17/Sep/2018:08:48:16 +0545] "GET /wp-content/uploads/2018/02/neosphere-Stall-Sponsor.png HTTP/1.1" 200 138739 "https://locus.pcampus.edu.np/" "Mozilla/5.0 (Macintosh; Intel Mac OS X 10_13_6) AppleWebKit/537.36 (KHTML, like Gecko) Chrome/68.0.3440.106 Safari/537.36"
10.100.60.144 - - [17/Sep/2018:08:56:49 +0545] "GET / HTTP/1.1" 301 - "http://m.facebook.com" "Mozilla/5.0 (iPhone; CPU iPhone OS 11_2 like Mac OS X) AppleWebKit/604.4.7 (KHTML, like Gecko) Mobile/15C114 [FBAN/FBIOS;FBAV/172.0.0.46.94;FBBV/108425359;FBDV/iPhone6,2;FBMD/iPhone;FBSN/iOS;FBSV/11.2;FBSS/2;FBCR/Carrier;FBID/phone;FBLC/en_US;FBOP/5;FBRV/110216689]"
10.100.60.144 - - [17/Sep/2018:08:56:56 +0545] "GET / HTTP/1.1" 200 59014 "http://m.facebook.com" "Mozilla/5.0 (iPhone; CPU iPhone OS 11_2 like Mac OS X) AppleWebKit/604.4.7 (KHTML, like Gecko) Mobile/15C114 [FBAN/FBIOS;FBAV/172.0.0.46.94;FBBV/108425359;FBDV/iPhone6,2;FBMD/iPhone;FBSN/iOS;FBSV/11.2;FBSS/2;FBCR/Carrier;FBID/phone;FBLC/en_US;FBOP/5;FBRV/110216689]"
10.100.60.144 - - [17/Sep/2018:08:57:02 +0545] "GET / HTTP/1.1" 200 59013 "http://m.facebook.com" "Mozilla/5.0 (iPhone; CPU iPhone OS 11_2 like Mac OS X) AppleWebKit/604.4.7 (KHTML, like Gecko) Mobile/15C114 [FBAN/FBIOS;FBAV/172.0.0.46.94;FBBV/108425359;FBDV/iPhone6,2;FBMD/iPhone;FBSN/iOS;FBSV/11.2;FBSS/2;FBCR/Carrier;FBID/phone;FBLC/en_US;FBOP/5;FBRV/110216689]"
97.88.57.101 - - [17/Sep/2018:08:57:47 +0545] "GET /wp-content/uploads/2017/01/final-225x300.jpg HTTP/1.1" 200 15641 "https://www.google.com/" "Mozilla/5.0 (Windows NT 10.0; Win64; x64) AppleWebKit/537.36 (KHTML, like Gecko) Chrome/68.0.3440.106 Safari/537.36"
66.249.64.205 - - [17/Sep/2018:09:00:31 +0545] "GET /2018/01/08/robo-warz-registration/ HTTP/1.1" 200 44336 "-" "Mozilla/5.0 (Linux; Android 6.0.1; Nexus 5X Build/MMB29P) AppleWebKit/537.36 (KHTML, like Gecko) Chrome/41.0.2272.96 Mobile Safari/537.36 (compatible; Googlebot/2.1; +http://www.google.com/bot.html)"
10.100.60.144 - - [17/Sep/2018:09:16:18 +0545] "GET / HTTP/1.1" 301 - "http://m.facebook.com" "Mozilla/5.0 (iPhone; CPU iPhone OS 11_2 like Mac OS X) AppleWebKit/604.4.7 (KHTML, like Gecko) Mobile/15C114 [FBAN/FBIOS;FBAV/172.0.0.46.94;FBBV/108425359;FBDV/iPhone6,2;FBMD/iPhone;FBSN/iOS;FBSV/11.2;FBSS/2;FBCR/Carrier;FBID/phone;FBLC/en_US;FBOP/5;FBRV/110216689]"
10.100.60.144 - - [17/Sep/2018:09:16:30 +0545] "GET / HTTP/1.1" 200 59011 "http://m.facebook.com" "Mozilla/5.0 (iPhone; CPU iPhone OS 11_2 like Mac OS X) AppleWebKit/604.4.7 (KHTML, like Gecko) Mobile/15C114 [FBAN/FBIOS;FBAV/172.0.0.46.94;FBBV/108425359;FBDV/iPhone6,2;FBMD/iPhone;FBSN/iOS;FBSV/11.2;FBSS/2;FBCR/Carrier;FBID/phone;FBLC/en_US;FBOP/5;FBRV/110216689]"
66.220.149.3 - - [17/Sep/2018:09:27:24 +0545] "GET /wp-content/uploads/2018/02/result-image-2.png HTTP/1.1" 200 455288 "-" "facebookexternalhit/1.1 (+http://www.facebook.com/externalhit_uatext.php)"
66.220.149.12 - - [17/Sep/2018:09:33:22 +0545] "GET /wp-content/uploads/2017/12/locus-first.jpg HTTP/1.1" 200 81038 "-" "facebookexternalhit/1.1 (+http://www.facebook.com/externalhit_uatext.php)"
192.168.10.1 - - [17/Sep/2018:09:36:54 +0545] "POST /wp-cron.php?doing_wp_cron=1537156314.5731170177459716796875 HTTP/1.1" 200 - "https://locus.pcampus.edu.np/wp-cron.php?doing_wp_cron=1537156314.5731170177459716796875" "WordPress/4.9.8; https://locus.pcampus.edu.np"
66.249.64.205 - - [17/Sep/2018:09:36:54 +0545] "GET /2017/12/28/dornacharya-registration/ HTTP/1.1" 200 46533 "-" "Mozilla/5.0 (Linux; Android 6.0.1; Nexus 5X Build/MMB29P) AppleWebKit/537.36 (KHTML, like Gecko) Chrome/41.0.2272.96 Mobile Safari/537.36 (compatible; Googlebot/2.1; +http://www.google.com/bot.html)"
176.36.21.189 - - [17/Sep/2018:09:41:22 +0545] "GET /portfolio/hack-a-week/ HTTP/1.0" 200 75433 "http://locus.pcampus.edu.np/portfolio/hack-a-week/" "Mozilla/5.0 (Windows NT 10.0; Win64; x64) AppleWebKit/537.36 (KHTML, like Gecko) Chrome/67.0.3396.87 Safari/537.36 OPR/54.0.2952.71"
176.36.21.189 - - [17/Sep/2018:09:41:26 +0545] "POST /wp-comments-post.php HTTP/1.0" 200 2832 "http://locus.pcampus.edu.np/portfolio/hack-a-week/" "Mozilla/5.0 (Windows NT 10.0; Win64; x64) AppleWebKit/537.36 (KHTML, like Gecko) Chrome/67.0.3396.87 Safari/537.36 OPR/54.0.2952.71"
176.36.21.189 - - [17/Sep/2018:09:41:26 +0545] "GET /portfolio/hack-a-week/ HTTP/1.0" 200 45586 "http://locus.pcampus.edu.np/portfolio/hack-a-week/" "Mozilla/5.0 (Windows NT 10.0; Win64; x64) AppleWebKit/537.36 (KHTML, like Gecko) Chrome/67.0.3396.87 Safari/537.36 OPR/54.0.2952.71"
188.213.143.28 - - [17/Sep/2018:09:43:43 +0545] "GET / HTTP/1.1" 301 - "-" "Mozilla/5.0 (X11; Linux x86_64) AppleWebKit/537.31 (KHTML, like Gecko) Chrome/26.0.1410.63 Safari/537.31"
188.213.143.28 - - [17/Sep/2018:09:43:44 +0545] "GET / HTTP/1.1" 200 59012 "-" "Mozilla/5.0 (X11; Linux x86_64) AppleWebKit/537.31 (KHTML, like Gecko) Chrome/26.0.1410.63 Safari/537.31"
188.213.143.28 - - [17/Sep/2018:09:43:46 +0545] "GET /wp-content/uploads/wysija/themes/Gassrini/herewgo.php HTTP/1.1" 404 63387 "-" "Mozilla/5.0 (X11; Linux x86_64) AppleWebKit/537.31 (KHTML, like Gecko) Chrome/26.0.1410.63 Safari/537.31"
188.213.143.28 - - [17/Sep/2018:09:43:48 +0545] "GET /xGSx.php HTTP/1.1" 404 33543 "-" "Mozilla/5.0 (X11; Linux x86_64) AppleWebKit/537.31 (KHTML, like Gecko) Chrome/26.0.1410.63 Safari/537.31"
188.213.143.28 - - [17/Sep/2018:09:43:50 +0545] "GET /wp-admin/admin-ajax.php?action=revslider_show_image&img=../wp-config.php HTTP/1.1" 400 1 "-" "Mozilla/5.0 (X11; U; Linux i686; en-US; rv:0.9.3) Gecko/20010801"
188.213.143.28 - - [17/Sep/2018:09:43:51 +0545] "GET /wp-admin/admin-ajax.php?action=revslider_show_image&img=../../.my.cnf HTTP/1.1" 400 1 "-" "Mozilla/5.0 (X11; U; Linux i686; en-US; rv:0.9.3) Gecko/20010801"
178.159.37.146 - - [17/Sep/2018:09:53:06 +0545] "GET /portfolio/hack-a-week/ HTTP/1.0" 200 45584 "http://locus.pcampus.edu.np/portfolio/hack-a-week/" "Mozilla/5.0 (Windows NT 10.0; Win64; x64) AppleWebKit/537.36 (KHTML, like Gecko) Chrome/66.0.3359.181 Safari/537.36"
178.159.37.146 - - [17/Sep/2018:09:53:08 +0545] "POST /wp-comments-post.php HTTP/1.0" 302 - "http://locus.pcampus.edu.np/portfolio/hack-a-week/" "Mozilla/5.0 (Windows NT 10.0; Win64; x64) AppleWebKit/537.36 (KHTML, like Gecko) Chrome/66.0.3359.181 Safari/537.36"
178.159.37.146 - - [17/Sep/2018:09:53:10 +0545] "GET /portfolio/hack-a-week/ HTTP/1.0" 200 75470 "https://locus.pcampus.edu.np/portfolio/hack-a-week/#comment-6409" "Mozilla/5.0 (Windows NT 10.0; Win64; x64) AppleWebKit/537.36 (KHTML, like Gecko) Chrome/66.0.3359.181 Safari/537.36"
46.229.168.142 - - [17/Sep/2018:09:53:18 +0545] "GET /robots.txt HTTP/1.1" 200 67 "-" "Mozilla/5.0 (compatible; SemrushBot/2~bl; +http://www.semrush.com/bot.html)"
46.229.168.141 - - [17/Sep/2018:09:53:23 +0545] "GET /wp-admin/admin-ajax.php?action=efbl_generate_popup_html&rand_id=1 HTTP/1.1" 200 659 "-" "Mozilla/5.0 (compatible; SemrushBot/2~bl; +http://www.semrush.com/bot.html)"
66.249.64.203 - - [17/Sep/2018:10:15:35 +0545] "GET /2018/01/29/logpoint-codejam-registration/ HTTP/1.1" 200 38654 "-" "Mozilla/5.0 (Linux; Android 6.0.1; Nexus 5X Build/MMB29P) AppleWebKit/537.36 (KHTML, like Gecko) Chrome/41.0.2272.96 Mobile Safari/537.36 (compatible; Googlebot/2.1; +http://www.google.com/bot.html)"
188.213.143.28 - - [17/Sep/2018:10:19:32 +0545] "GET / HTTP/1.1" 301 - "-" "Mozilla/5.0 (X11; Linux x86_64) AppleWebKit/537.31 (KHTML, like Gecko) Chrome/26.0.1410.63 Safari/537.31"
188.213.143.28 - - [17/Sep/2018:10:19:33 +0545] "GET / HTTP/1.1" 200 59012 "-" "Mozilla/5.0 (X11; Linux x86_64) AppleWebKit/537.31 (KHTML, like Gecko) Chrome/26.0.1410.63 Safari/537.31"
188.213.143.28 - - [17/Sep/2018:10:19:34 +0545] "GET /wp-content/uploads/wysija/themes/Gassrini/herewgo.php HTTP/1.1" 404 33543 "-" "Mozilla/5.0 (X11; Linux x86_64) AppleWebKit/537.31 (KHTML, like Gecko) Chrome/26.0.1410.63 Safari/537.31"
188.213.143.28 - - [17/Sep/2018:10:19:36 +0545] "GET /xGSx.php HTTP/1.1" 404 33543 "-" "Mozilla/5.0 (X11; Linux x86_64) AppleWebKit/537.31 (KHTML, like Gecko) Chrome/26.0.1410.63 Safari/537.31"
188.213.143.28 - - [17/Sep/2018:10:19:39 +0545] "GET /wp-admin/admin-ajax.php?action=revslider_show_image&img=../wp-config.php HTTP/1.1" 400 1 "-" "Mozilla/5.0 (X11; U; Linux i686; en-US; rv:0.9.3) Gecko/20010801"
188.213.143.28 - - [17/Sep/2018:10:19:41 +0545] "GET /wp-admin/admin-ajax.php?action=revslider_show_image&img=../../.my.cnf HTTP/1.1" 400 1 "-" "Mozilla/5.0 (X11; U; Linux i686; en-US; rv:0.9.3) Gecko/20010801"
66.220.149.22 - - [17/Sep/2018:10:20:35 +0545] "GET /wp-content/uploads/2018/02/result-image-2.png HTTP/1.1" 200 455288 "-" "facebookexternalhit/1.1 (+http://www.facebook.com/externalhit_uatext.php)"
192.168.10.1 - - [17/Sep/2018:10:52:41 +0545] "POST /wp-cron.php?doing_wp_cron=1537160861.8237349987030029296875 HTTP/1.1" 200 - "https://locus.pcampus.edu.np/wp-cron.php?doing_wp_cron=1537160861.8237349987030029296875" "WordPress/4.9.8; https://locus.pcampus.edu.np"
66.249.64.201 - - [17/Sep/2018:10:52:41 +0545] "GET /2018/01/07/hack-a-week-registration-form/ HTTP/1.1" 200 39968 "-" "Mozilla/5.0 (Linux; Android 6.0.1; Nexus 5X Build/MMB29P) AppleWebKit/537.36 (KHTML, like Gecko) Chrome/41.0.2272.96 Mobile Safari/537.36 (compatible; Googlebot/2.1; +http://www.google.com/bot.html)"
178.154.244.56 - - [17/Sep/2018:11:12:58 +0545] "GET /robots.txt HTTP/1.1" 200 67 "-" "Mozilla/5.0 (compatible; YandexBot/3.0; +http://yandex.com/bots)"
178.154.244.56 - - [17/Sep/2018:11:12:58 +0545] "GET /robots.txt HTTP/1.1" 200 67 "-" "Mozilla/5.0 (compatible; YandexBot/3.0; +http://yandex.com/bots)"
178.154.244.56 - - [17/Sep/2018:11:13:02 +0545] "GET / HTTP/1.1" 301 - "-" "Mozilla/5.0 (compatible; YandexBot/3.0; +http://yandex.com/bots)"
178.154.244.56 - - [17/Sep/2018:11:13:02 +0545] "GET / HTTP/1.1" 200 59012 "-" "Mozilla/5.0 (compatible; YandexBot/3.0; +http://yandex.com/bots)"
180.76.15.5 - - [17/Sep/2018:11:15:30 +0545] "GET /robots.txt HTTP/1.1" 200 67 "-" "Mozilla/5.0 (Windows NT 5.1; rv:6.0.2) Gecko/20100101 Firefox/6.0.2"
180.76.15.158 - - [17/Sep/2018:11:15:31 +0545] "GET /robots.txt HTTP/1.1" 200 67 "-" "Mozilla/5.0 (Windows NT 5.1; rv:6.0.2) Gecko/20100101 Firefox/6.0.2"
180.76.15.19 - - [17/Sep/2018:11:16:47 +0545] "GET /wp-content/plugins/easy-facebook-likebox/public/assets/popup/magnific-popup.css?ver=4.3.5 HTTP/1.1" 200 7789 "-" "Mozilla/5.0 (compatible; Baiduspider/2.0; +http://www.baidu.com/search/spider.html)"
192.168.10.1 - - [17/Sep/2018:11:48:19 +0545] "POST /wp-cron.php?doing_wp_cron=1537164199.8133549690246582031250 HTTP/1.1" 200 - "https://locus.pcampus.edu.np/wp-cron.php?doing_wp_cron=1537164199.8133549690246582031250" "WordPress/4.9.8; https://locus.pcampus.edu.np"
31.184.238.193 - - [17/Sep/2018:11:48:19 +0545] "GET /portfolio/hack-a-week/ HTTP/1.0" 200 45628 "https://locus.pcampus.edu.np/portfolio/hack-a-week/#comment-5153/" "Mozilla/5.0 (Windows NT 6.3; Win64; x64) AppleWebKit/537.36 (KHTML, like Gecko) Chrome/65.0.3325.146 Safari/537.36"
31.184.238.193 - - [17/Sep/2018:11:48:23 +0545] "POST /wp-comments-post.php HTTP/1.0" 200 2832 "https://locus.pcampus.edu.np/portfolio/hack-a-week/#comment-5153/" "Mozilla/5.0 (Windows NT 6.3; Win64; x64) AppleWebKit/537.36 (KHTML, like Gecko) Chrome/65.0.3325.146 Safari/537.36"
31.184.238.193 - - [17/Sep/2018:11:48:24 +0545] "GET /portfolio/hack-a-week/ HTTP/1.0" 200 75429 "http://locus.pcampus.edu.np/portfolio/hack-a-week/#comment-5153/" "Mozilla/5.0 (Windows NT 6.3; Win64; x64) AppleWebKit/537.36 (KHTML, like Gecko) Chrome/65.0.3325.146 Safari/537.36"
31.184.238.193 - - [17/Sep/2018:11:48:26 +0545] "GET /portfolio/hack-a-week/ HTTP/1.0" 200 45588 "http://locus.pcampus.edu.np/portfolio/hack-a-week/#comment-5153/" "Mozilla/5.0 (Windows NT 6.3; Win64; x64) AppleWebKit/537.36 (KHTML, like Gecko) Chrome/65.0.3325.146 Safari/537.36"
31.184.238.193 - - [17/Sep/2018:11:48:28 +0545] "POST /wp-comments-post.php HTTP/1.0" 302 - "http://locus.pcampus.edu.np/portfolio/hack-a-week/#comment-5153/" "Mozilla/5.0 (Windows NT 6.3; Win64; x64) AppleWebKit/537.36 (KHTML, like Gecko) Chrome/65.0.3325.146 Safari/537.36"
31.184.238.193 - - [17/Sep/2018:11:48:30 +0545] "GET /portfolio/hack-a-week/ HTTP/1.0" 200 45627 "https://locus.pcampus.edu.np/portfolio/hack-a-week/#comment-6410" "Mozilla/5.0 (Windows NT 6.3; Win64; x64) AppleWebKit/537.36 (KHTML, like Gecko) Chrome/65.0.3325.146 Safari/537.36"
180.76.15.144 - - [17/Sep/2018:11:50:07 +0545] "GET /wp-content/themes/flash/js/jquery.nav.min.js HTTP/1.1" 200 2627 "-" "Mozilla/5.0 (compatible; Baiduspider/2.0; +http://www.baidu.com/search/spider.html)"
46.229.168.137 - - [17/Sep/2018:11:53:09 +0545] "GET /robots.txt HTTP/1.1" 200 67 "-" "Mozilla/5.0 (compatible; SemrushBot/2~bl; +http://www.semrush.com/bot.html)"
46.229.168.141 - - [17/Sep/2018:11:53:11 +0545] "GET /events/ HTTP/1.1" 200 45683 "-" "Mozilla/5.0 (compatible; SemrushBot/2~bl; +http://www.semrush.com/bot.html)"
31.184.238.193 - - [17/Sep/2018:11:55:35 +0545] "GET /portfolio/hack-a-week/ HTTP/1.0" 200 45628 "https://locus.pcampus.edu.np/portfolio/hack-a-week/#comment-5153/" "Mozilla/5.0 (Windows NT 10.0; Win64; x64) AppleWebKit/537.36 (KHTML, like Gecko) Chrome/67.0.3396.79 Safari/537.36"
31.184.238.193 - - [17/Sep/2018:11:55:38 +0545] "POST /wp-comments-post.php HTTP/1.0" 200 2832 "https://locus.pcampus.edu.np/portfolio/hack-a-week/#comment-5153/" "Mozilla/5.0 (Windows NT 10.0; Win64; x64) AppleWebKit/537.36 (KHTML, like Gecko) Chrome/67.0.3396.79 Safari/537.36"
31.184.238.193 - - [17/Sep/2018:11:55:39 +0545] "GET /portfolio/hack-a-week/ HTTP/1.0" 200 45588 "http://locus.pcampus.edu.np/portfolio/hack-a-week/#comment-5153/" "Mozilla/5.0 (Windows NT 10.0; Win64; x64) AppleWebKit/537.36 (KHTML, like Gecko) Chrome/67.0.3396.79 Safari/537.36"
31.184.238.193 - - [17/Sep/2018:11:55:41 +0545] "GET /portfolio/hack-a-week/ HTTP/1.0" 200 45588 "http://locus.pcampus.edu.np/portfolio/hack-a-week/#comment-5153/" "Mozilla/5.0 (Windows NT 10.0; Win64; x64) AppleWebKit/537.36 (KHTML, like Gecko) Chrome/67.0.3396.79 Safari/537.36"
31.184.238.193 - - [17/Sep/2018:11:55:42 +0545] "POST /wp-comments-post.php HTTP/1.0" 302 - "http://locus.pcampus.edu.np/portfolio/hack-a-week/#comment-5153/" "Mozilla/5.0 (Windows NT 10.0; Win64; x64) AppleWebKit/537.36 (KHTML, like Gecko) Chrome/67.0.3396.79 Safari/537.36"
31.184.238.193 - - [17/Sep/2018:11:55:44 +0545] "GET /portfolio/hack-a-week/ HTTP/1.0" 200 45628 "https://locus.pcampus.edu.np/portfolio/hack-a-week/#comment-6411" "Mozilla/5.0 (Windows NT 10.0; Win64; x64) AppleWebKit/537.36 (KHTML, like Gecko) Chrome/67.0.3396.79 Safari/537.36"
180.76.15.162 - - [17/Sep/2018:12:23:27 +0545] "GET /wp-content/plugins/easy-facebook-likebox/public/assets/css/animate.css?ver=4.3.5 HTTP/1.1" 200 72259 "-" "Mozilla/5.0 (compatible; Baiduspider/2.0; +http://www.baidu.com/search/spider.html)"
27.34.0.6 - - [17/Sep/2018:12:25:13 +0545] "GET /wp-content/uploads/2017/12/Prabesh.jpg HTTP/1.1" 200 21301 "https://www.google.com.np/" "Mozilla/5.0 (Windows NT 10.0; Win64; x64) AppleWebKit/537.36 (KHTML, like Gecko) Chrome/69.0.3497.92 Safari/537.36"
192.168.10.1 - - [17/Sep/2018:12:39:59 +0545] "POST /wp-cron.php?doing_wp_cron=1537167299.6520121097564697265625 HTTP/1.1" 200 - "https://locus.pcampus.edu.np/wp-cron.php?doing_wp_cron=1537167299.6520121097564697265625" "WordPress/4.9.8; https://locus.pcampus.edu.np"
31.184.238.100 - - [17/Sep/2018:12:39:59 +0545] "GET /portfolio/hack-a-week/ HTTP/1.0" 200 45624 "https://locus.pcampus.edu.np/portfolio/hack-a-week/#comment-5153/" "Mozilla/5.0 (Windows NT 5.1) AppleWebKit/537.36 (KHTML, like Gecko) Chrome/49.0.2623.112 Safari/537.36"
31.184.238.100 - - [17/Sep/2018:12:40:01 +0545] "POST /wp-comments-post.php HTTP/1.0" 200 2832 "https://locus.pcampus.edu.np/portfolio/hack-a-week/#comment-5153/" "Mozilla/5.0 (Windows NT 5.1) AppleWebKit/537.36 (KHTML, like Gecko) Chrome/49.0.2623.112 Safari/537.36"
31.184.238.100 - - [17/Sep/2018:12:40:02 +0545] "GET /portfolio/hack-a-week/ HTTP/1.0" 200 45586 "http://locus.pcampus.edu.np/portfolio/hack-a-week/#comment-5153/" "Mozilla/5.0 (Windows NT 5.1) AppleWebKit/537.36 (KHTML, like Gecko) Chrome/49.0.2623.112 Safari/537.36"
31.184.238.100 - - [17/Sep/2018:12:40:04 +0545] "GET /portfolio/hack-a-week/ HTTP/1.0" 200 45586 "http://locus.pcampus.edu.np/portfolio/hack-a-week/#comment-5153/" "Mozilla/5.0 (Windows NT 5.1) AppleWebKit/537.36 (KHTML, like Gecko) Chrome/49.0.2623.112 Safari/537.36"
31.184.238.100 - - [17/Sep/2018:12:40:05 +0545] "POST /wp-comments-post.php HTTP/1.0" 302 - "http://locus.pcampus.edu.np/portfolio/hack-a-week/#comment-5153/" "Mozilla/5.0 (Windows NT 5.1) AppleWebKit/537.36 (KHTML, like Gecko) Chrome/49.0.2623.112 Safari/537.36"
31.184.238.100 - - [17/Sep/2018:12:40:07 +0545] "GET /portfolio/hack-a-week/ HTTP/1.0" 200 45626 "https://locus.pcampus.edu.np/portfolio/hack-a-week/#comment-6412" "Mozilla/5.0 (Windows NT 5.1) AppleWebKit/537.36 (KHTML, like Gecko) Chrome/49.0.2623.112 Safari/537.36"
66.249.64.205 - - [17/Sep/2018:12:42:52 +0545] "GET /author/locus/ HTTP/1.1" 200 40016 "-" "Mozilla/5.0 (Linux; Android 6.0.1; Nexus 5X Build/MMB29P) AppleWebKit/537.36 (KHTML, like Gecko) Chrome/41.0.2272.96 Mobile Safari/537.36 (compatible; Googlebot/2.1; +http://www.google.com/bot.html)"
31.184.238.13 - - [17/Sep/2018:12:46:02 +0545] "GET /portfolio/hack-a-week/ HTTP/1.0" 200 75468 "https://locus.pcampus.edu.np/portfolio/hack-a-week/#comment-5153/" "Mozilla/5.0 (Windows NT 10.0; Win64; x64) AppleWebKit/537.36 (KHTML, like Gecko) Chrome/68.0.3440.75 Safari/537.36"
31.184.238.13 - - [17/Sep/2018:12:46:05 +0545] "POST /wp-comments-post.php HTTP/1.0" 200 2832 "https://locus.pcampus.edu.np/portfolio/hack-a-week/#comment-5153/" "Mozilla/5.0 (Windows NT 10.0; Win64; x64) AppleWebKit/537.36 (KHTML, like Gecko) Chrome/68.0.3440.75 Safari/537.36"
31.184.238.13 - - [17/Sep/2018:12:46:05 +0545] "GET /portfolio/hack-a-week/ HTTP/1.0" 200 45586 "http://locus.pcampus.edu.np/portfolio/hack-a-week/#comment-5153/" "Mozilla/5.0 (Windows NT 10.0; Win64; x64) AppleWebKit/537.36 (KHTML, like Gecko) Chrome/68.0.3440.75 Safari/537.36"
31.184.238.13 - - [17/Sep/2018:12:46:07 +0545] "GET /portfolio/hack-a-week/ HTTP/1.0" 200 45586 "http://locus.pcampus.edu.np/portfolio/hack-a-week/#comment-5153/" "Mozilla/5.0 (Windows NT 10.0; Win64; x64) AppleWebKit/537.36 (KHTML, like Gecko) Chrome/68.0.3440.75 Safari/537.36"
31.184.238.13 - - [17/Sep/2018:12:46:08 +0545] "POST /wp-comments-post.php HTTP/1.0" 302 - "http://locus.pcampus.edu.np/portfolio/hack-a-week/#comment-5153/" "Mozilla/5.0 (Windows NT 10.0; Win64; x64) AppleWebKit/537.36 (KHTML, like Gecko) Chrome/68.0.3440.75 Safari/537.36"
31.184.238.13 - - [17/Sep/2018:12:46:10 +0545] "GET /portfolio/hack-a-week/ HTTP/1.0" 200 45627 "https://locus.pcampus.edu.np/portfolio/hack-a-week/#comment-6413" "Mozilla/5.0 (Windows NT 10.0; Win64; x64) AppleWebKit/537.36 (KHTML, like Gecko) Chrome/68.0.3440.75 Safari/537.36"
66.249.64.205 - - [17/Sep/2018:13:20:46 +0545] "GET /portfolio/dornacharya/ HTTP/1.1" 301 - "-" "Mozilla/5.0 (Linux; Android 6.0.1; Nexus 5X Build/MMB29P) AppleWebKit/537.36 (KHTML, like Gecko) Chrome/41.0.2272.96 Mobile Safari/537.36 (compatible; Googlebot/2.1; +http://www.google.com/bot.html)"
66.249.64.203 - - [17/Sep/2018:13:20:48 +0545] "GET /portfolio/dronacharya/ HTTP/1.1" 200 75357 "-" "Mozilla/5.0 (Linux; Android 6.0.1; Nexus 5X Build/MMB29P) AppleWebKit/537.36 (KHTML, like Gecko) Chrome/41.0.2272.96 Mobile Safari/537.36 (compatible; Googlebot/2.1; +http://www.google.com/bot.html)"
192.168.10.1 - - [17/Sep/2018:13:20:46 +0545] "POST /wp-cron.php?doing_wp_cron=1537169746.3151490688323974609375 HTTP/1.1" 200 - "https://locus.pcampus.edu.np/wp-cron.php?doing_wp_cron=1537169746.3151490688323974609375" "WordPress/4.9.8; https://locus.pcampus.edu.np"
192.168.10.1 - - [17/Sep/2018:13:42:26 +0545] "POST /wp-cron.php?doing_wp_cron=1537171046.4737379550933837890625 HTTP/1.1" 200 - "https://locus.pcampus.edu.np/wp-cron.php?doing_wp_cron=1537171046.4737379550933837890625" "WordPress/4.9.8; https://locus.pcampus.edu.np"
178.154.244.56 - - [17/Sep/2018:13:42:26 +0545] "GET /robots.txt HTTP/1.1" 200 67 "-" "Mozilla/5.0 (compatible; YandexBot/3.0; +http://yandex.com/bots)"
178.154.244.56 - - [17/Sep/2018:13:42:29 +0545] "GET /xmlrpc.php?rsd HTTP/1.1" 200 860 "-" "Mozilla/5.0 (compatible; YandexBot/3.0; +http://yandex.com/bots)"
66.249.64.203 - - [17/Sep/2018:14:00:11 +0545] "GET /category/registration/ HTTP/1.1" 200 40039 "-" "Mozilla/5.0 (Linux; Android 6.0.1; Nexus 5X Build/MMB29P) AppleWebKit/537.36 (KHTML, like Gecko) Chrome/41.0.2272.96 Mobile Safari/537.36 (compatible; Googlebot/2.1; +http://www.google.com/bot.html)"
31.184.238.13 - - [17/Sep/2018:14:02:13 +0545] "GET /portfolio/hack-a-week/ HTTP/1.0" 200 75468 "https://locus.pcampus.edu.np/portfolio/hack-a-week/#comment-5153/" "Mozilla/5.0 (Windows NT 6.3; Win64; x64) AppleWebKit/537.36 (KHTML, like Gecko) Chrome/67.0.3396.87 Safari/537.36"
31.184.238.13 - - [17/Sep/2018:14:02:18 +0545] "POST /wp-comments-post.php HTTP/1.0" 200 2832 "https://locus.pcampus.edu.np/portfolio/hack-a-week/#comment-5153/" "Mozilla/5.0 (Windows NT 6.3; Win64; x64) AppleWebKit/537.36 (KHTML, like Gecko) Chrome/67.0.3396.87 Safari/537.36"
31.184.238.13 - - [17/Sep/2018:14:02:18 +0545] "GET /portfolio/hack-a-week/ HTTP/1.0" 200 45586 "http://locus.pcampus.edu.np/portfolio/hack-a-week/#comment-5153/" "Mozilla/5.0 (Windows NT 6.3; Win64; x64) AppleWebKit/537.36 (KHTML, like Gecko) Chrome/67.0.3396.87 Safari/537.36"
31.184.238.13 - - [17/Sep/2018:14:02:20 +0545] "GET /portfolio/hack-a-week/ HTTP/1.0" 200 75426 "http://locus.pcampus.edu.np/portfolio/hack-a-week/#comment-5153/" "Mozilla/5.0 (Windows NT 6.3; Win64; x64) AppleWebKit/537.36 (KHTML, like Gecko) Chrome/67.0.3396.87 Safari/537.36"
31.184.238.13 - - [17/Sep/2018:14:02:23 +0545] "POST /wp-comments-post.php HTTP/1.0" 302 - "http://locus.pcampus.edu.np/portfolio/hack-a-week/#comment-5153/" "Mozilla/5.0 (Windows NT 6.3; Win64; x64) AppleWebKit/537.36 (KHTML, like Gecko) Chrome/67.0.3396.87 Safari/537.36"
31.184.238.13 - - [17/Sep/2018:14:02:24 +0545] "GET /portfolio/hack-a-week/ HTTP/1.0" 200 45626 "https://locus.pcampus.edu.np/portfolio/hack-a-week/#comment-6414" "Mozilla/5.0 (Windows NT 6.3; Win64; x64) AppleWebKit/537.36 (KHTML, like Gecko) Chrome/67.0.3396.87 Safari/537.36"
178.154.244.56 - - [17/Sep/2018:14:20:09 +0545] "GET / HTTP/1.1" 200 59012 "-" "Mozilla/5.0 (compatible; YandexBot/3.0; +http://yandex.com/bots)"
31.184.238.100 - - [17/Sep/2018:14:22:01 +0545] "GET /portfolio/hack-a-week/ HTTP/1.0" 200 45626 "https://locus.pcampus.edu.np/portfolio/hack-a-week/#comment-5153/" "Mozilla/5.0 (Windows NT 10.0; Win64; x64) AppleWebKit/537.36 (KHTML, like Gecko) Chrome/67.0.3396.87 Safari/537.36 OPR/54.0.2952.64"
31.184.238.100 - - [17/Sep/2018:14:22:05 +0545] "POST /wp-comments-post.php HTTP/1.0" 200 2832 "https://locus.pcampus.edu.np/portfolio/hack-a-week/#comment-5153/" "Mozilla/5.0 (Windows NT 10.0; Win64; x64) AppleWebKit/537.36 (KHTML, like Gecko) Chrome/67.0.3396.87 Safari/537.36 OPR/54.0.2952.64"
31.184.238.100 - - [17/Sep/2018:14:22:05 +0545] "GET /portfolio/hack-a-week/ HTTP/1.0" 200 45586 "http://locus.pcampus.edu.np/portfolio/hack-a-week/#comment-5153/" "Mozilla/5.0 (Windows NT 10.0; Win64; x64) AppleWebKit/537.36 (KHTML, like Gecko) Chrome/67.0.3396.87 Safari/537.36 OPR/54.0.2952.64"
31.184.238.100 - - [17/Sep/2018:14:22:07 +0545] "GET /portfolio/hack-a-week/ HTTP/1.0" 200 75430 "http://locus.pcampus.edu.np/portfolio/hack-a-week/#comment-5153/" "Mozilla/5.0 (Windows NT 10.0; Win64; x64) AppleWebKit/537.36 (KHTML, like Gecko) Chrome/67.0.3396.87 Safari/537.36 OPR/54.0.2952.64"
31.184.238.100 - - [17/Sep/2018:14:22:09 +0545] "POST /wp-comments-post.php HTTP/1.0" 302 - "http://locus.pcampus.edu.np/portfolio/hack-a-week/#comment-5153/" "Mozilla/5.0 (Windows NT 10.0; Win64; x64) AppleWebKit/537.36 (KHTML, like Gecko) Chrome/67.0.3396.87 Safari/537.36 OPR/54.0.2952.64"
31.184.238.100 - - [17/Sep/2018:14:22:11 +0545] "GET /portfolio/hack-a-week/ HTTP/1.0" 200 75470 "https://locus.pcampus.edu.np/portfolio/hack-a-week/#comment-6415" "Mozilla/5.0 (Windows NT 10.0; Win64; x64) AppleWebKit/537.36 (KHTML, like Gecko) Chrome/67.0.3396.87 Safari/537.36 OPR/54.0.2952.64"
66.249.64.203 - - [17/Sep/2018:14:36:32 +0545] "GET /portfolio/tech-debate/feed/ HTTP/1.1" 200 783 "-" "Mozilla/5.0 (Linux; Android 6.0.1; Nexus 5X Build/MMB29P) AppleWebKit/537.36 (KHTML, like Gecko) Chrome/41.0.2272.96 Mobile Safari/537.36 (compatible; Googlebot/2.1; +http://www.google.com/bot.html)"
202.52.231.50 - - [17/Sep/2018:15:07:47 +0545] "GET /wp-content/uploads/2017/01/dornacharya.jpg HTTP/1.1" 200 103393 "https://images.search.yahoo.com/yhs/search?p=logpoint+nepal&fr=yhs-Lkry-newtab&hspart=Lkry&hsimp=yhs-newtab&imgurl=https%3A%2F%2F1.bp.blogspot.com%2F-kWVn6qWwDos%2FWI2CNxtxNPI%2FAAAAAAAAAUI%2FKD8xUufMoO00tBhPYwCq749Ma7iY_XDnwCEw%2Fs1600%2F_DSC1149.JPG" "Mozilla/5.0 (Windows NT 6.1; Win64; x64) AppleWebKit/537.36 (KHTML, like Gecko) Chrome/71.0.3551.3 Safari/537.36"
192.168.10.1 - - [17/Sep/2018:15:12:04 +0545] "POST /wp-cron.php?doing_wp_cron=1537176424.4864110946655273437500 HTTP/1.1" 200 - "http://locus.pcampus.edu.np/wp-cron.php?doing_wp_cron=1537176424.4864110946655273437500" "WordPress/4.9.8; https://locus.pcampus.edu.np"
62.210.213.8 - - [17/Sep/2018:15:12:04 +0545] "GET / HTTP/1.1" 301 - "-" "Mozilla/5.0 (X11; Ubuntu; Linux x86_64; rv:15.0) Gecko/20100101 Firefox/15.0"
62.210.213.8 - - [17/Sep/2018:15:12:05 +0545] "GET / HTTP/1.1" 200 58766 "-" "Mozilla/5.0 (X11; Ubuntu; Linux x86_64; rv:15.0) Gecko/20100101 Firefox/15.0"
178.154.244.56 - - [17/Sep/2018:15:13:34 +0545] "GET /robots.txt HTTP/1.1" 200 67 "-" "Mozilla/5.0 (compatible; YandexBot/3.0; +http://yandex.com/bots)"
141.8.142.38 - - [17/Sep/2018:15:13:34 +0545] "GET /robots.txt HTTP/1.1" 200 67 "-" "Mozilla/5.0 (compatible; YandexBot/3.0; +http://yandex.com/bots)"
178.154.244.56 - - [17/Sep/2018:15:13:37 +0545] "GET / HTTP/1.1" 200 59013 "-" "Mozilla/5.0 (compatible; YandexBot/3.0; +http://yandex.com/bots)"
141.8.142.38 - - [17/Sep/2018:15:13:37 +0545] "GET / HTTP/1.1" 301 - "-" "Mozilla/5.0 (compatible; YandexBot/3.0; +http://yandex.com/bots)"
66.249.64.203 - - [17/Sep/2018:15:15:19 +0545] "GET /portfolio/logpoint-codejam/feed/ HTTP/1.1" 200 798 "-" "Mozilla/5.0 (Linux; Android 6.0.1; Nexus 5X Build/MMB29P) AppleWebKit/537.36 (KHTML, like Gecko) Chrome/41.0.2272.96 Mobile Safari/537.36 (compatible; Googlebot/2.1; +http://www.google.com/bot.html)"
192.168.10.1 - - [17/Sep/2018:16:14:29 +0545] "POST /wp-cron.php?doing_wp_cron=1537180169.9162230491638183593750 HTTP/1.1" 200 - "https://locus.pcampus.edu.np/wp-cron.php?doing_wp_cron=1537180169.9162230491638183593750" "WordPress/4.9.8; https://locus.pcampus.edu.np"
62.210.215.112 - - [17/Sep/2018:16:14:29 +0545] "GET /comments/feed/ HTTP/1.1" 200 7179 "-" "Mozilla/5.0 (X11; Linux i686) AppleWebKit/537.36 (KHTML, like Gecko) Chrome/30.0.1599.66 Safari/537.36"
43.250.86.115 - - [17/Sep/2018:17:02:04 +0545] "GET /wp-content/uploads/2017/01/26196361_628071880696648_5794534421416214484_n.jpg HTTP/1.1" 200 81895 "https://www.google.com.pk/" "Mozilla/5.0 (Windows NT 10.0; Win64; x64) AppleWebKit/537.36 (KHTML, like Gecko) Chrome/68.0.3440.106 Safari/537.36"
173.252.127.5 - - [17/Sep/2018:17:20:36 +0545] "GET /wp-content/uploads/2018/02/result-image-2.png HTTP/1.1" 200 455288 "-" "facebookexternalhit/1.1 (+http://www.facebook.com/externalhit_uatext.php)"
69.171.251.43 - - [17/Sep/2018:17:27:38 +0545] "GET /wp-content/uploads/2017/12/locus-first.jpg HTTP/1.1" 200 81038 "-" "facebookexternalhit/1.1 (+http://www.facebook.com/externalhit_uatext.php)"
192.168.10.1 - - [17/Sep/2018:17:50:25 +0545] "POST /wp-cron.php?doing_wp_cron=1537185925.3860108852386474609375 HTTP/1.1" 200 - "https://locus.pcampus.edu.np/wp-cron.php?doing_wp_cron=1537185925.3860108852386474609375" "WordPress/4.9.8; https://locus.pcampus.edu.np"
31.184.238.13 - - [17/Sep/2018:17:50:25 +0545] "GET /portfolio/hack-a-week/ HTTP/1.0" 200 75470 "https://locus.pcampus.edu.np/portfolio/hack-a-week/#comment-5153/" "Mozilla/5.0 (Windows NT 6.3; Win64; x64) AppleWebKit/537.36 (KHTML, like Gecko) Chrome/65.0.3325.146 Safari/537.36"
31.184.238.13 - - [17/Sep/2018:17:50:30 +0545] "POST /wp-comments-post.php HTTP/1.0" 200 2832 "https://locus.pcampus.edu.np/portfolio/hack-a-week/#comment-5153/" "Mozilla/5.0 (Windows NT 6.3; Win64; x64) AppleWebKit/537.36 (KHTML, like Gecko) Chrome/65.0.3325.146 Safari/537.36"
31.184.238.13 - - [17/Sep/2018:17:50:30 +0545] "GET /portfolio/hack-a-week/ HTTP/1.0" 200 45588 "http://locus.pcampus.edu.np/portfolio/hack-a-week/#comment-5153/" "Mozilla/5.0 (Windows NT 6.3; Win64; x64) AppleWebKit/537.36 (KHTML, like Gecko) Chrome/65.0.3325.146 Safari/537.36"
31.184.238.13 - - [17/Sep/2018:17:50:33 +0545] "GET /portfolio/hack-a-week/ HTTP/1.0" 200 75429 "http://locus.pcampus.edu.np/portfolio/hack-a-week/#comment-5153/" "Mozilla/5.0 (Windows NT 6.3; Win64; x64) AppleWebKit/537.36 (KHTML, like Gecko) Chrome/65.0.3325.146 Safari/537.36"
31.184.238.13 - - [17/Sep/2018:17:50:36 +0545] "POST /wp-comments-post.php HTTP/1.0" 302 - "http://locus.pcampus.edu.np/portfolio/hack-a-week/#comment-5153/" "Mozilla/5.0 (Windows NT 6.3; Win64; x64) AppleWebKit/537.36 (KHTML, like Gecko) Chrome/65.0.3325.146 Safari/537.36"
31.184.238.100 - - [17/Sep/2018:17:50:37 +0545] "GET /portfolio/hack-a-week/ HTTP/1.0" 200 45628 "https://locus.pcampus.edu.np/portfolio/hack-a-week/#comment-5153/" "Mozilla/5.0 (Windows NT 10.0; Win64; x64) AppleWebKit/537.36 (KHTML, like Gecko) Chrome/68.0.3440.106 Safari/537.36"
31.184.238.13 - - [17/Sep/2018:17:50:38 +0545] "GET /portfolio/hack-a-week/ HTTP/1.0" 200 45628 "https://locus.pcampus.edu.np/portfolio/hack-a-week/#comment-6416" "Mozilla/5.0 (Windows NT 6.3; Win64; x64) AppleWebKit/537.36 (KHTML, like Gecko) Chrome/65.0.3325.146 Safari/537.36"
31.184.238.100 - - [17/Sep/2018:17:50:39 +0545] "POST /wp-comments-post.php HTTP/1.0" 200 2832 "https://locus.pcampus.edu.np/portfolio/hack-a-week/#comment-5153/" "Mozilla/5.0 (Windows NT 10.0; Win64; x64) AppleWebKit/537.36 (KHTML, like Gecko) Chrome/68.0.3440.106 Safari/537.36"
31.184.238.100 - - [17/Sep/2018:17:50:40 +0545] "GET /portfolio/hack-a-week/ HTTP/1.0" 200 45587 "http://locus.pcampus.edu.np/portfolio/hack-a-week/#comment-5153/" "Mozilla/5.0 (Windows NT 10.0; Win64; x64) AppleWebKit/537.36 (KHTML, like Gecko) Chrome/68.0.3440.106 Safari/537.36"
31.184.238.100 - - [17/Sep/2018:17:50:42 +0545] "GET /portfolio/hack-a-week/ HTTP/1.0" 200 45588 "http://locus.pcampus.edu.np/portfolio/hack-a-week/#comment-5153/" "Mozilla/5.0 (Windows NT 10.0; Win64; x64) AppleWebKit/537.36 (KHTML, like Gecko) Chrome/68.0.3440.106 Safari/537.36"
31.184.238.100 - - [17/Sep/2018:17:50:43 +0545] "POST /wp-comments-post.php HTTP/1.0" 302 - "http://locus.pcampus.edu.np/portfolio/hack-a-week/#comment-5153/" "Mozilla/5.0 (Windows NT 10.0; Win64; x64) AppleWebKit/537.36 (KHTML, like Gecko) Chrome/68.0.3440.106 Safari/537.36"
31.184.238.100 - - [17/Sep/2018:17:50:44 +0545] "GET /portfolio/hack-a-week/ HTTP/1.0" 200 45628 "https://locus.pcampus.edu.np/portfolio/hack-a-week/#comment-6417" "Mozilla/5.0 (Windows NT 10.0; Win64; x64) AppleWebKit/537.36 (KHTML, like Gecko) Chrome/68.0.3440.106 Safari/537.36"
107.77.173.12 - - [17/Sep/2018:18:11:14 +0545] "GET / HTTP/1.1" 200 59013 "-" "Mozilla/5.0 (iPhone; CPU iPhone OS 11_4_1 like Mac OS X) AppleWebKit/605.1.15 (KHTML, like Gecko) Version/11.0 Mobile/15E148 Safari/604.1"
107.77.173.12 - - [17/Sep/2018:18:11:15 +0545] "GET /wp-content/plugins/contact-form-7/includes/css/styles.css?ver=4.9.2 HTTP/1.1" 200 1606 "https://locus.pcampus.edu.np/" "Mozilla/5.0 (iPhone; CPU iPhone OS 11_4_1 like Mac OS X) AppleWebKit/605.1.15 (KHTML, like Gecko) Version/11.0 Mobile/15E148 Safari/604.1"
107.77.173.12 - - [17/Sep/2018:18:11:15 +0545] "GET /wp-content/plugins/easy-facebook-likebox/public/assets/css/public.css?ver=4.3.5 HTTP/1.1" 200 12658 "https://locus.pcampus.edu.np/" "Mozilla/5.0 (iPhone; CPU iPhone OS 11_4_1 like Mac OS X) AppleWebKit/605.1.15 (KHTML, like Gecko) Version/11.0 Mobile/15E148 Safari/604.1"
107.77.173.12 - - [17/Sep/2018:18:11:15 +0545] "GET /wp-content/plugins/accesspress-social-icons/css/frontend.css?ver=1.6.9 HTTP/1.1" 200 2559 "https://locus.pcampus.edu.np/" "Mozilla/5.0 (iPhone; CPU iPhone OS 11_4_1 like Mac OS X) AppleWebKit/605.1.15 (KHTML, like Gecko) Version/11.0 Mobile/15E148 Safari/604.1"
107.77.173.12 - - [17/Sep/2018:18:11:15 +0545] "GET /wp-content/plugins/easy-facebook-likebox/public/assets/css/font-awesome.css?ver=4.3.5 HTTP/1.1" 200 30546 "https://locus.pcampus.edu.np/" "Mozilla/5.0 (iPhone; CPU iPhone OS 11_4_1 like Mac OS X) AppleWebKit/605.1.15 (KHTML, like Gecko) Version/11.0 Mobile/15E148 Safari/604.1"
107.77.173.12 - - [17/Sep/2018:18:11:15 +0545] "GET /wp-includes/js/wp-emoji-release.min.js?ver=4.9.8 HTTP/1.1" 200 12026 "https://locus.pcampus.edu.np/" "Mozilla/5.0 (iPhone; CPU iPhone OS 11_4_1 like Mac OS X) AppleWebKit/605.1.15 (KHTML, like Gecko) Version/11.0 Mobile/15E148 Safari/604.1"
107.77.173.12 - - [17/Sep/2018:18:11:15 +0545] "GET /wp-content/plugins/accesspress-social-icons/css/animate.css?ver=1.6.9 HTTP/1.1" 200 72922 "https://locus.pcampus.edu.np/" "Mozilla/5.0 (iPhone; CPU iPhone OS 11_4_1 like Mac OS X) AppleWebKit/605.1.15 (KHTML, like Gecko) Version/11.0 Mobile/15E148 Safari/604.1"
107.77.173.12 - - [17/Sep/2018:18:11:16 +0545] "GET /wp-content/plugins/easy-facebook-likebox/public/assets/popup/magnific-popup.css?ver=4.3.5 HTTP/1.1" 200 7789 "https://locus.pcampus.edu.np/" "Mozilla/5.0 (iPhone; CPU iPhone OS 11_4_1 like Mac OS X) AppleWebKit/605.1.15 (KHTML, like Gecko) Version/11.0 Mobile/15E148 Safari/604.1"
107.77.173.12 - - [17/Sep/2018:18:11:15 +0545] "GET /wp-content/plugins/easy-facebook-likebox/public/assets/css/animate.css?ver=4.3.5 HTTP/1.1" 200 72259 "https://locus.pcampus.edu.np/" "Mozilla/5.0 (iPhone; CPU iPhone OS 11_4_1 like Mac OS X) AppleWebKit/605.1.15 (KHTML, like Gecko) Version/11.0 Mobile/15E148 Safari/604.1"
107.77.173.12 - - [17/Sep/2018:18:11:16 +0545] "GET /wp-content/plugins/jquery-t-countdown-widget/css/cloud-city/style.css?ver=2.0 HTTP/1.1" 200 2055 "https://locus.pcampus.edu.np/" "Mozilla/5.0 (iPhone; CPU iPhone OS 11_4_1 like Mac OS X) AppleWebKit/605.1.15 (KHTML, like Gecko) Version/11.0 Mobile/15E148 Safari/604.1"
107.77.173.12 - - [17/Sep/2018:18:11:16 +0545] "GET /wp-content/plugins/siteorigin-panels/css/front-flex.css?ver=2.6.2 HTTP/1.1" 200 1315 "https://locus.pcampus.edu.np/" "Mozilla/5.0 (iPhone; CPU iPhone OS 11_4_1 like Mac OS X) AppleWebKit/605.1.15 (KHTML, like Gecko) Version/11.0 Mobile/15E148 Safari/604.1"
107.77.173.12 - - [17/Sep/2018:18:11:16 +0545] "GET /wp-content/plugins/ultimate-faqs/css/ewd-ufaq-styles.css?ver=4.9.8 HTTP/1.1" 200 10645 "https://locus.pcampus.edu.np/" "Mozilla/5.0 (iPhone; CPU iPhone OS 11_4_1 like Mac OS X) AppleWebKit/605.1.15 (KHTML, like Gecko) Version/11.0 Mobile/15E148 Safari/604.1"
107.77.173.12 - - [17/Sep/2018:18:11:16 +0545] "GET /wp-content/plugins/ultimate-faqs/css/rrssb-min.css?ver=4.9.8 HTTP/1.1" 200 11079 "https://locus.pcampus.edu.np/" "Mozilla/5.0 (iPhone; CPU iPhone OS 11_4_1 like Mac OS X) AppleWebKit/605.1.15 (KHTML, like Gecko) Version/11.0 Mobile/15E148 Safari/604.1"
107.77.173.12 - - [17/Sep/2018:18:11:16 +0545] "GET /wp-content/themes/flash/css/font-awesome.min.css?ver=4.9.8 HTTP/1.1" 200 31000 "https://locus.pcampus.edu.np/" "Mozilla/5.0 (iPhone; CPU iPhone OS 11_4_1 like Mac OS X) AppleWebKit/605.1.15 (KHTML, like Gecko) Version/11.0 Mobile/15E148 Safari/604.1"
107.77.173.12 - - [17/Sep/2018:18:11:16 +0545] "GET /wp-content/themes/flash/style.css?ver=4.9.8 HTTP/1.1" 200 78834 "https://locus.pcampus.edu.np/" "Mozilla/5.0 (iPhone; CPU iPhone OS 11_4_1 like Mac OS X) AppleWebKit/605.1.15 (KHTML, like Gecko) Version/11.0 Mobile/15E148 Safari/604.1"
107.77.173.12 - - [17/Sep/2018:18:11:16 +0545] "GET /wp-content/themes/flash/css/responsive.min.css?ver=4.9.8 HTTP/1.1" 200 10127 "https://locus.pcampus.edu.np/" "Mozilla/5.0 (iPhone; CPU iPhone OS 11_4_1 like Mac OS X) AppleWebKit/605.1.15 (KHTML, like Gecko) Version/11.0 Mobile/15E148 Safari/604.1"
107.77.173.12 - - [17/Sep/2018:18:11:16 +0545] "GET /wp-content/themes/flash/css/swiper.min.css?ver=4.9.8 HTTP/1.1" 200 17216 "https://locus.pcampus.edu.np/" "Mozilla/5.0 (iPhone; CPU iPhone OS 11_4_1 like Mac OS X) AppleWebKit/605.1.15 (KHTML, like Gecko) Version/11.0 Mobile/15E148 Safari/604.1"
107.77.173.12 - - [17/Sep/2018:18:11:17 +0545] "GET /wp-includes/js/jquery/jquery.js?ver=1.12.4 HTTP/1.1" 200 97184 "https://locus.pcampus.edu.np/" "Mozilla/5.0 (iPhone; CPU iPhone OS 11_4_1 like Mac OS X) AppleWebKit/605.1.15 (KHTML, like Gecko) Version/11.0 Mobile/15E148 Safari/604.1"
107.77.173.12 - - [17/Sep/2018:18:11:17 +0545] "GET /wp-includes/js/jquery/jquery-migrate.min.js?ver=1.4.1 HTTP/1.1" 200 10056 "https://locus.pcampus.edu.np/" "Mozilla/5.0 (iPhone; CPU iPhone OS 11_4_1 like Mac OS X) AppleWebKit/605.1.15 (KHTML, like Gecko) Version/11.0 Mobile/15E148 Safari/604.1"
107.77.173.12 - - [17/Sep/2018:18:11:17 +0545] "GET /wp-content/plugins/accesspress-social-icons/js/frontend.js?ver=1.6.9 HTTP/1.1" 200 1729 "https://locus.pcampus.edu.np/" "Mozilla/5.0 (iPhone; CPU iPhone OS 11_4_1 like Mac OS X) AppleWebKit/605.1.15 (KHTML, like Gecko) Version/11.0 Mobile/15E148 Safari/604.1"
107.77.173.12 - - [17/Sep/2018:18:11:17 +0545] "GET /wp-content/plugins/easy-facebook-likebox/public/assets/popup/jquery.magnific-popup.min.js?ver=4.3.5 HTTP/1.1" 200 21094 "https://locus.pcampus.edu.np/" "Mozilla/5.0 (iPhone; CPU iPhone OS 11_4_1 like Mac OS X) AppleWebKit/605.1.15 (KHTML, like Gecko) Version/11.0 Mobile/15E148 Safari/604.1"
107.77.173.12 - - [17/Sep/2018:18:11:17 +0545] "GET /wp-content/plugins/easy-facebook-likebox/public/assets/js/jquery.cookie.js?ver=4.3.5 HTTP/1.1" 200 3128 "https://locus.pcampus.edu.np/" "Mozilla/5.0 (iPhone; CPU iPhone OS 11_4_1 like Mac OS X) AppleWebKit/605.1.15 (KHTML, like Gecko) Version/11.0 Mobile/15E148 Safari/604.1"
107.77.173.12 - - [17/Sep/2018:18:11:17 +0545] "GET /wp-content/plugins/easy-facebook-likebox/public/assets/js/public.js?ver=4.3.5 HTTP/1.1" 200 5553 "https://locus.pcampus.edu.np/" "Mozilla/5.0 (iPhone; CPU iPhone OS 11_4_1 like Mac OS X) AppleWebKit/605.1.15 (KHTML, like Gecko) Version/11.0 Mobile/15E148 Safari/604.1"
107.77.173.12 - - [17/Sep/2018:18:11:17 +0545] "GET /wp-content/plugins/contact-form-7/includes/js/scripts.js?ver=4.9.2 HTTP/1.1" 200 14092 "https://locus.pcampus.edu.np/" "Mozilla/5.0 (iPhone; CPU iPhone OS 11_4_1 like Mac OS X) AppleWebKit/605.1.15 (KHTML, like Gecko) Version/11.0 Mobile/15E148 Safari/604.1"
107.77.173.12 - - [17/Sep/2018:18:11:17 +0545] "GET /wp-content/plugins/jquery-t-countdown-widget/js/jquery.t-countdown.js?ver=1.5.12 HTTP/1.1" 200 8868 "https://locus.pcampus.edu.np/" "Mozilla/5.0 (iPhone; CPU iPhone OS 11_4_1 like Mac OS X) AppleWebKit/605.1.15 (KHTML, like Gecko) Version/11.0 Mobile/15E148 Safari/604.1"
107.77.173.12 - - [17/Sep/2018:18:11:17 +0545] "GET /wp-content/themes/flash/js/jquery.sticky.min.js?ver=4.9.8 HTTP/1.1" 200 4781 "https://locus.pcampus.edu.np/" "Mozilla/5.0 (iPhone; CPU iPhone OS 11_4_1 like Mac OS X) AppleWebKit/605.1.15 (KHTML, like Gecko) Version/11.0 Mobile/15E148 Safari/604.1"
107.77.173.12 - - [17/Sep/2018:18:11:17 +0545] "GET /wp-content/themes/flash/js/jquery.nav.min.js?ver=4.9.8 HTTP/1.1" 200 2627 "https://locus.pcampus.edu.np/" "Mozilla/5.0 (iPhone; CPU iPhone OS 11_4_1 like Mac OS X) AppleWebKit/605.1.15 (KHTML, like Gecko) Version/11.0 Mobile/15E148 Safari/604.1"
107.77.173.12 - - [17/Sep/2018:18:11:18 +0545] "GET /wp-content/themes/flash/js/flash.min.js?ver=4.9.8 HTTP/1.1" 200 3603 "https://locus.pcampus.edu.np/" "Mozilla/5.0 (iPhone; CPU iPhone OS 11_4_1 like Mac OS X) AppleWebKit/605.1.15 (KHTML, like Gecko) Version/11.0 Mobile/15E148 Safari/604.1"
107.77.173.12 - - [17/Sep/2018:18:11:18 +0545] "GET /wp-content/themes/flash/js/skip-link-focus-fix.js?ver=20151215 HTTP/1.1" 200 880 "https://locus.pcampus.edu.np/" "Mozilla/5.0 (iPhone; CPU iPhone OS 11_4_1 like Mac OS X) AppleWebKit/605.1.15 (KHTML, like Gecko) Version/11.0 Mobile/15E148 Safari/604.1"
107.77.173.12 - - [17/Sep/2018:18:11:18 +0545] "GET /wp-content/plugins/easy-twitter-feed-widget/js/twitter-widgets.js?ver=1.0 HTTP/1.1" 200 486 "https://locus.pcampus.edu.np/" "Mozilla/5.0 (iPhone; CPU iPhone OS 11_4_1 like Mac OS X) AppleWebKit/605.1.15 (KHTML, like Gecko) Version/11.0 Mobile/15E148 Safari/604.1"
107.77.173.12 - - [17/Sep/2018:18:11:18 +0545] "GET /wp-content/themes/flash/js/isotope.pkgd.min.js?ver=4.9.8 HTTP/1.1" 200 34695 "https://locus.pcampus.edu.np/" "Mozilla/5.0 (iPhone; CPU iPhone OS 11_4_1 like Mac OS X) AppleWebKit/605.1.15 (KHTML, like Gecko) Version/11.0 Mobile/15E148 Safari/604.1"
107.77.173.12 - - [17/Sep/2018:18:11:18 +0545] "GET /wp-includes/js/wp-embed.min.js?ver=4.9.8 HTTP/1.1" 200 1398 "https://locus.pcampus.edu.np/" "Mozilla/5.0 (iPhone; CPU iPhone OS 11_4_1 like Mac OS X) AppleWebKit/605.1.15 (KHTML, like Gecko) Version/11.0 Mobile/15E148 Safari/604.1"
107.77.173.12 - - [17/Sep/2018:18:11:18 +0545] "GET /wp-content/themes/flash/js/swiper.jquery.min.js?ver=4.9.8 HTTP/1.1" 200 68716 "https://locus.pcampus.edu.np/" "Mozilla/5.0 (iPhone; CPU iPhone OS 11_4_1 like Mac OS X) AppleWebKit/605.1.15 (KHTML, like Gecko) Version/11.0 Mobile/15E148 Safari/604.1"
107.77.173.12 - - [17/Sep/2018:18:11:18 +0545] "GET /wp-content/plugins/siteorigin-panels/js/styling-262.min.js?ver=2.6.2 HTTP/1.1" 200 848 "https://locus.pcampus.edu.np/" "Mozilla/5.0 (iPhone; CPU iPhone OS 11_4_1 like Mac OS X) AppleWebKit/605.1.15 (KHTML, like Gecko) Version/11.0 Mobile/15E148 Safari/604.1"
107.77.173.12 - - [17/Sep/2018:18:11:18 +0545] "GET /wp-content/plugins/google-maps-widget/js/jquery.colorbox.min.js?ver=3.77 HTTP/1.1" 200 11929 "https://locus.pcampus.edu.np/" "Mozilla/5.0 (iPhone; CPU iPhone OS 11_4_1 like Mac OS X) AppleWebKit/605.1.15 (KHTML, like Gecko) Version/11.0 Mobile/15E148 Safari/604.1"
107.77.173.12 - - [17/Sep/2018:18:11:18 +0545] "GET /wp-content/plugins/google-maps-widget/js/gmw.js?ver=3.77 HTTP/1.1" 200 4372 "https://locus.pcampus.edu.np/" "Mozilla/5.0 (iPhone; CPU iPhone OS 11_4_1 like Mac OS X) AppleWebKit/605.1.15 (KHTML, like Gecko) Version/11.0 Mobile/15E148 Safari/604.1"
107.77.173.12 - - [17/Sep/2018:18:11:18 +0545] "GET /wp-content/uploads/2017/12/Locus-Logo_Final__Expanded-Apeearance_-_1_-e1514207204800.png HTTP/1.1" 200 2825 "https://locus.pcampus.edu.np/" "Mozilla/5.0 (iPhone; CPU iPhone OS 11_4_1 like Mac OS X) AppleWebKit/605.1.15 (KHTML, like Gecko) Version/11.0 Mobile/15E148 Safari/604.1"
107.77.173.12 - - [17/Sep/2018:18:11:18 +0545] "GET /wp-content/themes/flash/fonts/fontawesome-webfont.woff2?v=4.7.0 HTTP/1.1" 200 77160 "https://locus.pcampus.edu.np/" "Mozilla/5.0 (iPhone; CPU iPhone OS 11_4_1 like Mac OS X) AppleWebKit/605.1.15 (KHTML, like Gecko) Version/11.0 Mobile/15E148 Safari/604.1"
107.77.173.12 - - [17/Sep/2018:18:11:19 +0545] "GET /wp-content/uploads/2017/12/locus-first.jpg HTTP/1.1" 200 81038 "https://locus.pcampus.edu.np/" "Mozilla/5.0 (iPhone; CPU iPhone OS 11_4_1 like Mac OS X) AppleWebKit/605.1.15 (KHTML, like Gecko) Version/11.0 Mobile/15E148 Safari/604.1"
107.77.173.12 - - [17/Sep/2018:18:11:19 +0545] "GET /wp-content/uploads/2018/02/result-image-2.png HTTP/1.1" 200 455288 "https://locus.pcampus.edu.np/" "Mozilla/5.0 (iPhone; CPU iPhone OS 11_4_1 like Mac OS X) AppleWebKit/605.1.15 (KHTML, like Gecko) Version/11.0 Mobile/15E148 Safari/604.1"
107.77.173.12 - - [17/Sep/2018:18:11:19 +0545] "GET /wp-content/plugins/google-maps-widget/css/gmw.css?ver=3.77 HTTP/1.1" 200 6001 "https://locus.pcampus.edu.np/" "Mozilla/5.0 (iPhone; CPU iPhone OS 11_4_1 like Mac OS X) AppleWebKit/605.1.15 (KHTML, like Gecko) Version/11.0 Mobile/15E148 Safari/604.1"
107.77.173.12 - - [17/Sep/2018:18:11:19 +0545] "GET /wp-content/uploads/2017/12/Locus-Front-2.jpg HTTP/1.1" 200 355134 "https://locus.pcampus.edu.np/" "Mozilla/5.0 (iPhone; CPU iPhone OS 11_4_1 like Mac OS X) AppleWebKit/605.1.15 (KHTML, like Gecko) Version/11.0 Mobile/15E148 Safari/604.1"
107.77.173.12 - - [17/Sep/2018:18:11:19 +0545] "GET /wp-content/uploads/2017/12/Locus-Front-1.jpg HTTP/1.1" 200 380319 "https://locus.pcampus.edu.np/" "Mozilla/5.0 (iPhone; CPU iPhone OS 11_4_1 like Mac OS X) AppleWebKit/605.1.15 (KHTML, like Gecko) Version/11.0 Mobile/15E148 Safari/604.1"
