31.184.238.13 - - [18/Sep/2018:23:58:59 +0545] "POST /wp-comments-post.php HTTP/1.0" 302 - "http://locus.pcampus.edu.np/portfolio/hack-a-week/#comment-5153/" "Mozilla/5.0 (Windows NT 10.0; Win64; x64) AppleWebKit/537.36 (KHTML, like Gecko) Chrome/65.0.3325.181 Safari/537.36"
31.184.238.13 - - [18/Sep/2018:23:59:01 +0545] "GET /portfolio/hack-a-week/ HTTP/1.0" 200 45624 "https://locus.pcampus.edu.np/portfolio/hack-a-week/#comment-6427" "Mozilla/5.0 (Windows NT 10.0; Win64; x64) AppleWebKit/537.36 (KHTML, like Gecko) Chrome/65.0.3325.181 Safari/537.36"
129.107.80.61 - - [19/Sep/2018:00:02:31 +0545] "GET /wp-content/uploads/2017/01/26196361_628071880696648_5794534421416214484_n.jpg HTTP/1.1" 200 81895 "https://www.google.com/" "Mozilla/5.0 (Macintosh; Intel Mac OS X 10_11_6) AppleWebKit/601.7.7 (KHTML, like Gecko) Version/9.1.2 Safari/601.7.7"
207.46.13.25 - - [19/Sep/2018:00:04:04 +0545] "GET /wp-admin/admin-ajax.php?rand_id=3 HTTP/1.1" 400 1 "-" "Mozilla/5.0 (compatible; bingbot/2.0; +http://www.bing.com/bingbot.htm)"
192.168.10.1 - - [19/Sep/2018:00:41:50 +0545] "POST /wp-cron.php?doing_wp_cron=1537297010.2613279819488525390625 HTTP/1.1" 200 - "https://locus.pcampus.edu.np/wp-cron.php?doing_wp_cron=1537297010.2613279819488525390625" "WordPress/4.9.8; https://locus.pcampus.edu.np"
220.181.108.89 - - [19/Sep/2018:00:41:50 +0545] "GET /wp-json/oembed/1.0/embed?url=https%3A%2F%2Flocus.pcampus.edu.np%2F&format=xml HTTP/1.1" 200 2285 "-" "Mozilla/5.0 (compatible; Baiduspider/2.0; +http://www.baidu.com/search/spider.html)"
157.55.39.71 - - [19/Sep/2018:00:57:17 +0545] "GET / HTTP/1.1" 301 - "-" "Mozilla/5.0 (compatible; bingbot/2.0; +http://www.bing.com/bingbot.htm)"
157.55.39.63 - - [19/Sep/2018:01:06:03 +0545] "GET /2018/01/08/robo-warz-registration/feed/ HTTP/1.1" 200 1830 "-" "Mozilla/5.0 (compatible; bingbot/2.0; +http://www.bing.com/bingbot.htm)"
54.158.52.166 - - [19/Sep/2018:01:23:25 +0545] "GET /robots.txt HTTP/1.1" 200 67 "-" "CCBot/2.0 (https://commoncrawl.org/faq/)"
54.158.52.166 - - [19/Sep/2018:01:23:28 +0545] "GET / HTTP/1.1" 301 - "-" "CCBot/2.0 (https://commoncrawl.org/faq/)"
54.158.52.166 - - [19/Sep/2018:01:23:29 +0545] "GET /robots.txt HTTP/1.1" 200 67 "-" "CCBot/2.0 (https://commoncrawl.org/faq/)"
54.158.52.166 - - [19/Sep/2018:01:23:30 +0545] "GET / HTTP/1.1" 200 59013 "-" "CCBot/2.0 (https://commoncrawl.org/faq/)"
192.168.10.1 - - [19/Sep/2018:01:23:25 +0545] "POST /wp-cron.php?doing_wp_cron=1537299505.7251970767974853515625 HTTP/1.1" 200 - "http://locus.pcampus.edu.np/wp-cron.php?doing_wp_cron=1537299505.7251970767974853515625" "WordPress/4.9.8; https://locus.pcampus.edu.np"
107.173.27.146 - - [19/Sep/2018:01:33:09 +0545] "GET /2018/01/08/robo-warz-registration/ HTTP/1.0" 200 44338 "-" "Mozilla/5.0 (Windows NT 6.1; Win64; x64) AppleWebKit/537.36 (KHTML, like Gecko) Chrome/62.0.3202.94 Safari/537.36"
192.168.10.1 - - [19/Sep/2018:01:37:46 +0545] "POST /wp-cron.php?doing_wp_cron=1537300366.4976251125335693359375 HTTP/1.1" 200 - "https://locus.pcampus.edu.np/wp-cron.php?doing_wp_cron=1537300366.4976251125335693359375" "WordPress/4.9.8; https://locus.pcampus.edu.np"
31.184.238.13 - - [19/Sep/2018:01:37:46 +0545] "GET /portfolio/hack-a-week/ HTTP/1.0" 200 45630 "https://locus.pcampus.edu.np/portfolio/hack-a-week/#comment-5153/" "Mozilla/5.0 (Windows NT 6.3; Win64; x64) AppleWebKit/537.36 (KHTML, like Gecko) Chrome/65.0.3325.146 Safari/537.36"
31.184.238.13 - - [19/Sep/2018:01:37:50 +0545] "POST /wp-comments-post.php HTTP/1.0" 200 2832 "https://locus.pcampus.edu.np/portfolio/hack-a-week/#comment-5153/" "Mozilla/5.0 (Windows NT 6.3; Win64; x64) AppleWebKit/537.36 (KHTML, like Gecko) Chrome/65.0.3325.146 Safari/537.36"
31.184.238.13 - - [19/Sep/2018:01:37:50 +0545] "GET /portfolio/hack-a-week/ HTTP/1.0" 200 45589 "http://locus.pcampus.edu.np/portfolio/hack-a-week/#comment-5153/" "Mozilla/5.0 (Windows NT 6.3; Win64; x64) AppleWebKit/537.36 (KHTML, like Gecko) Chrome/65.0.3325.146 Safari/537.36"
31.184.238.13 - - [19/Sep/2018:01:37:52 +0545] "GET /portfolio/hack-a-week/ HTTP/1.0" 200 75435 "http://locus.pcampus.edu.np/portfolio/hack-a-week/#comment-5153/" "Mozilla/5.0 (Windows NT 6.3; Win64; x64) AppleWebKit/537.36 (KHTML, like Gecko) Chrome/65.0.3325.146 Safari/537.36"
31.184.238.13 - - [19/Sep/2018:01:37:54 +0545] "POST /wp-comments-post.php HTTP/1.0" 302 - "http://locus.pcampus.edu.np/portfolio/hack-a-week/#comment-5153/" "Mozilla/5.0 (Windows NT 6.3; Win64; x64) AppleWebKit/537.36 (KHTML, like Gecko) Chrome/65.0.3325.146 Safari/537.36"
31.184.238.13 - - [19/Sep/2018:01:37:55 +0545] "GET /portfolio/hack-a-week/ HTTP/1.0" 200 75473 "https://locus.pcampus.edu.np/portfolio/hack-a-week/#comment-6428" "Mozilla/5.0 (Windows NT 6.3; Win64; x64) AppleWebKit/537.36 (KHTML, like Gecko) Chrome/65.0.3325.146 Safari/537.36"
40.77.167.155 - - [19/Sep/2018:01:47:56 +0545] "GET /wp-admin/admin-ajax.php?action=130&rand_id=3 HTTP/1.1" 400 1 "-" "Mozilla/5.0 (compatible; bingbot/2.0; +http://www.bing.com/bingbot.htm)"
66.249.64.201 - - [19/Sep/2018:01:52:59 +0545] "GET /portfolio/tech-debate/ HTTP/1.1" 200 38642 "-" "Mozilla/5.0 (compatible; Googlebot/2.1; +http://www.google.com/bot.html)"
31.184.238.193 - - [19/Sep/2018:01:53:25 +0545] "GET /portfolio/hack-a-week/ HTTP/1.0" 200 45630 "https://locus.pcampus.edu.np/portfolio/hack-a-week/#comment-5153/" "Mozilla/5.0 (Windows NT 10.0; Win64; x64) AppleWebKit/537.36 (KHTML, like Gecko) Chrome/65.0.3325.181 Safari/537.36"
31.184.238.193 - - [19/Sep/2018:01:53:29 +0545] "POST /wp-comments-post.php HTTP/1.0" 200 2832 "https://locus.pcampus.edu.np/portfolio/hack-a-week/#comment-5153/" "Mozilla/5.0 (Windows NT 10.0; Win64; x64) AppleWebKit/537.36 (KHTML, like Gecko) Chrome/65.0.3325.181 Safari/537.36"
31.184.238.193 - - [19/Sep/2018:01:53:30 +0545] "GET /portfolio/hack-a-week/ HTTP/1.0" 200 75431 "http://locus.pcampus.edu.np/portfolio/hack-a-week/#comment-5153/" "Mozilla/5.0 (Windows NT 10.0; Win64; x64) AppleWebKit/537.36 (KHTML, like Gecko) Chrome/65.0.3325.181 Safari/537.36"
31.184.238.193 - - [19/Sep/2018:01:53:34 +0545] "GET /portfolio/hack-a-week/ HTTP/1.0" 200 45590 "http://locus.pcampus.edu.np/portfolio/hack-a-week/#comment-5153/" "Mozilla/5.0 (Windows NT 10.0; Win64; x64) AppleWebKit/537.36 (KHTML, like Gecko) Chrome/65.0.3325.181 Safari/537.36"
31.184.238.193 - - [19/Sep/2018:01:53:37 +0545] "POST /wp-comments-post.php HTTP/1.0" 302 - "http://locus.pcampus.edu.np/portfolio/hack-a-week/#comment-5153/" "Mozilla/5.0 (Windows NT 10.0; Win64; x64) AppleWebKit/537.36 (KHTML, like Gecko) Chrome/65.0.3325.181 Safari/537.36"
31.184.238.193 - - [19/Sep/2018:01:53:39 +0545] "GET /portfolio/hack-a-week/ HTTP/1.0" 200 75472 "https://locus.pcampus.edu.np/portfolio/hack-a-week/#comment-6429" "Mozilla/5.0 (Windows NT 10.0; Win64; x64) AppleWebKit/537.36 (KHTML, like Gecko) Chrome/65.0.3325.181 Safari/537.36"
40.77.167.155 - - [19/Sep/2018:02:03:28 +0545] "GET /wp-admin/admin-ajax.php?rand_id=2 HTTP/1.1" 400 1 "-" "Mozilla/5.0 (compatible; bingbot/2.0; +http://www.bing.com/bingbot.htm)"
192.168.10.1 - - [19/Sep/2018:02:38:11 +0545] "POST /wp-cron.php?doing_wp_cron=1537303991.2951900959014892578125 HTTP/1.1" 200 - "https://locus.pcampus.edu.np/wp-cron.php?doing_wp_cron=1537303991.2951900959014892578125" "WordPress/4.9.8; https://locus.pcampus.edu.np"
157.55.39.71 - - [19/Sep/2018:02:38:11 +0545] "GET /2018/01/07/hack-a-week-registration-form/feed/ HTTP/1.1" 200 1687 "-" "Mozilla/5.0 (compatible; bingbot/2.0; +http://www.bing.com/bingbot.htm)"
207.46.13.25 - - [19/Sep/2018:02:38:15 +0545] "GET /wp-admin/admin-ajax.php?rand_id=10 HTTP/1.1" 400 1 "-" "Mozilla/5.0 (compatible; bingbot/2.0; +http://www.bing.com/bingbot.htm)"
141.8.142.38 - - [19/Sep/2018:02:38:38 +0545] "GET /robots.txt HTTP/1.1" 200 67 "-" "Mozilla/5.0 (compatible; YandexBot/3.0; +http://yandex.com/bots)"
178.154.244.56 - - [19/Sep/2018:02:38:39 +0545] "GET /robots.txt HTTP/1.1" 200 67 "-" "Mozilla/5.0 (compatible; YandexBot/3.0; +http://yandex.com/bots)"
178.154.244.56 - - [19/Sep/2018:02:38:42 +0545] "GET / HTTP/1.1" 200 59014 "-" "Mozilla/5.0 (compatible; YandexBot/3.0; +http://yandex.com/bots)"
141.8.142.38 - - [19/Sep/2018:02:38:42 +0545] "GET / HTTP/1.1" 301 - "-" "Mozilla/5.0 (compatible; YandexBot/3.0; +http://yandex.com/bots)"
207.46.13.25 - - [19/Sep/2018:03:07:45 +0545] "GET /wp-admin/admin-ajax.php?action=974&rand_id=1 HTTP/1.1" 400 1 "-" "Mozilla/5.0 (compatible; bingbot/2.0; +http://www.bing.com/bingbot.htm)"
207.46.13.25 - - [19/Sep/2018:03:07:46 +0545] "GET /wp-admin/admin-ajax.php?action=efbl_generate_popup_html&rand_id=2 HTTP/1.1" 200 659 "-" "Mozilla/5.0 (compatible; bingbot/2.0; +http://www.bing.com/bingbot.htm)"
31.184.238.100 - - [19/Sep/2018:03:08:21 +0545] "GET /portfolio/hack-a-week/ HTTP/1.0" 200 45628 "https://locus.pcampus.edu.np/portfolio/hack-a-week/#comment-5153/" "Mozilla/5.0 (Windows NT 6.1; Win64; x64) AppleWebKit/537.36 (KHTML, like Gecko) Chrome/66.0.3359.170 Safari/537.36 OPR/53.0.2907.99"
31.184.238.100 - - [19/Sep/2018:03:08:24 +0545] "POST /wp-comments-post.php HTTP/1.0" 200 2832 "https://locus.pcampus.edu.np/portfolio/hack-a-week/#comment-5153/" "Mozilla/5.0 (Windows NT 6.1; Win64; x64) AppleWebKit/537.36 (KHTML, like Gecko) Chrome/66.0.3359.170 Safari/537.36 OPR/53.0.2907.99"
31.184.238.100 - - [19/Sep/2018:03:08:25 +0545] "GET /portfolio/hack-a-week/ HTTP/1.0" 200 45588 "http://locus.pcampus.edu.np/portfolio/hack-a-week/#comment-5153/" "Mozilla/5.0 (Windows NT 6.1; Win64; x64) AppleWebKit/537.36 (KHTML, like Gecko) Chrome/66.0.3359.170 Safari/537.36 OPR/53.0.2907.99"
31.184.238.100 - - [19/Sep/2018:03:08:27 +0545] "GET /portfolio/hack-a-week/ HTTP/1.0" 200 45588 "http://locus.pcampus.edu.np/portfolio/hack-a-week/#comment-5153/" "Mozilla/5.0 (Windows NT 6.1; Win64; x64) AppleWebKit/537.36 (KHTML, like Gecko) Chrome/66.0.3359.170 Safari/537.36 OPR/53.0.2907.99"
31.184.238.100 - - [19/Sep/2018:03:08:29 +0545] "POST /wp-comments-post.php HTTP/1.0" 302 - "http://locus.pcampus.edu.np/portfolio/hack-a-week/#comment-5153/" "Mozilla/5.0 (Windows NT 6.1; Win64; x64) AppleWebKit/537.36 (KHTML, like Gecko) Chrome/66.0.3359.170 Safari/537.36 OPR/53.0.2907.99"
31.184.238.100 - - [19/Sep/2018:03:08:31 +0545] "GET /portfolio/hack-a-week/ HTTP/1.0" 200 45628 "https://locus.pcampus.edu.np/portfolio/hack-a-week/#comment-6430" "Mozilla/5.0 (Windows NT 6.1; Win64; x64) AppleWebKit/537.36 (KHTML, like Gecko) Chrome/66.0.3359.170 Safari/537.36 OPR/53.0.2907.99"
31.184.238.193 - - [19/Sep/2018:03:09:54 +0545] "GET /portfolio/hack-a-week/ HTTP/1.0" 200 75474 "https://locus.pcampus.edu.np/portfolio/hack-a-week/#comment-5153/" "Mozilla/5.0 (Windows NT 6.1; Win64; x64) AppleWebKit/537.36 (KHTML, like Gecko) Chrome/66.0.3359.181 Safari/537.36"
31.184.238.193 - - [19/Sep/2018:03:09:58 +0545] "POST /wp-comments-post.php HTTP/1.0" 200 2832 "https://locus.pcampus.edu.np/portfolio/hack-a-week/#comment-5153/" "Mozilla/5.0 (Windows NT 6.1; Win64; x64) AppleWebKit/537.36 (KHTML, like Gecko) Chrome/66.0.3359.181 Safari/537.36"
31.184.238.193 - - [19/Sep/2018:03:09:58 +0545] "GET /portfolio/hack-a-week/ HTTP/1.0" 200 45588 "http://locus.pcampus.edu.np/portfolio/hack-a-week/#comment-5153/" "Mozilla/5.0 (Windows NT 6.1; Win64; x64) AppleWebKit/537.36 (KHTML, like Gecko) Chrome/66.0.3359.181 Safari/537.36"
31.184.238.193 - - [19/Sep/2018:03:10:00 +0545] "GET /portfolio/hack-a-week/ HTTP/1.0" 200 45586 "http://locus.pcampus.edu.np/portfolio/hack-a-week/#comment-5153/" "Mozilla/5.0 (Windows NT 6.1; Win64; x64) AppleWebKit/537.36 (KHTML, like Gecko) Chrome/66.0.3359.181 Safari/537.36"
31.184.238.193 - - [19/Sep/2018:03:10:02 +0545] "POST /wp-comments-post.php HTTP/1.0" 302 - "http://locus.pcampus.edu.np/portfolio/hack-a-week/#comment-5153/" "Mozilla/5.0 (Windows NT 6.1; Win64; x64) AppleWebKit/537.36 (KHTML, like Gecko) Chrome/66.0.3359.181 Safari/537.36"
31.184.238.193 - - [19/Sep/2018:03:10:03 +0545] "GET /portfolio/hack-a-week/ HTTP/1.0" 200 75471 "https://locus.pcampus.edu.np/portfolio/hack-a-week/#comment-6431" "Mozilla/5.0 (Windows NT 6.1; Win64; x64) AppleWebKit/537.36 (KHTML, like Gecko) Chrome/66.0.3359.181 Safari/537.36"
216.244.66.232 - - [19/Sep/2018:03:24:20 +0545] "GET /robots.txt HTTP/1.1" 200 67 "-" "Mozilla/5.0 (compatible; DotBot/1.1; http://www.opensiteexplorer.org/dotbot, help@moz.com)"
216.244.66.232 - - [19/Sep/2018:03:31:21 +0545] "GET /portfolio/logpoint-codejam/ HTTP/1.1" 200 72261 "-" "Mozilla/5.0 (compatible; DotBot/1.1; http://www.opensiteexplorer.org/dotbot, help@moz.com)"
40.77.167.155 - - [19/Sep/2018:03:31:34 +0545] "GET /wp-admin/admin-ajax.php?action=efbl_generate_popup_html&rand_id=4 HTTP/1.1" 200 659 "-" "Mozilla/5.0 (compatible; bingbot/2.0; +http://www.bing.com/bingbot.htm)"
192.168.10.1 - - [19/Sep/2018:03:55:35 +0545] "POST /wp-cron.php?doing_wp_cron=1537308635.6920070648193359375000 HTTP/1.1" 200 - "https://locus.pcampus.edu.np/wp-cron.php?doing_wp_cron=1537308635.6920070648193359375000" "WordPress/4.9.8; https://locus.pcampus.edu.np"
157.55.39.63 - - [19/Sep/2018:03:55:35 +0545] "GET /wp-admin/admin-ajax.php?rand_id=6 HTTP/1.1" 400 1 "-" "Mozilla/5.0 (compatible; bingbot/2.0; +http://www.bing.com/bingbot.htm)"
31.184.238.100 - - [19/Sep/2018:04:10:33 +0545] "GET /portfolio/hack-a-week/ HTTP/1.0" 200 75473 "https://locus.pcampus.edu.np/portfolio/hack-a-week/#comment-5153/" "Mozilla/5.0 (Windows NT 10.0; Win64; x64) AppleWebKit/537.36 (KHTML, like Gecko) Chrome/66.0.3359.170 Safari/537.36 OPR/53.0.2907.68"
31.184.238.100 - - [19/Sep/2018:04:10:37 +0545] "POST /wp-comments-post.php HTTP/1.0" 200 2832 "https://locus.pcampus.edu.np/portfolio/hack-a-week/#comment-5153/" "Mozilla/5.0 (Windows NT 10.0; Win64; x64) AppleWebKit/537.36 (KHTML, like Gecko) Chrome/66.0.3359.170 Safari/537.36 OPR/53.0.2907.68"
31.184.238.100 - - [19/Sep/2018:04:10:38 +0545] "GET /portfolio/hack-a-week/ HTTP/1.0" 200 75432 "http://locus.pcampus.edu.np/portfolio/hack-a-week/#comment-5153/" "Mozilla/5.0 (Windows NT 10.0; Win64; x64) AppleWebKit/537.36 (KHTML, like Gecko) Chrome/66.0.3359.170 Safari/537.36 OPR/53.0.2907.68"
31.184.238.100 - - [19/Sep/2018:04:10:40 +0545] "GET /portfolio/hack-a-week/ HTTP/1.0" 200 45588 "http://locus.pcampus.edu.np/portfolio/hack-a-week/#comment-5153/" "Mozilla/5.0 (Windows NT 10.0; Win64; x64) AppleWebKit/537.36 (KHTML, like Gecko) Chrome/66.0.3359.170 Safari/537.36 OPR/53.0.2907.68"
31.184.238.100 - - [19/Sep/2018:04:10:41 +0545] "POST /wp-comments-post.php HTTP/1.0" 302 - "http://locus.pcampus.edu.np/portfolio/hack-a-week/#comment-5153/" "Mozilla/5.0 (Windows NT 10.0; Win64; x64) AppleWebKit/537.36 (KHTML, like Gecko) Chrome/66.0.3359.170 Safari/537.36 OPR/53.0.2907.68"
31.184.238.100 - - [19/Sep/2018:04:10:43 +0545] "GET /portfolio/hack-a-week/ HTTP/1.0" 200 45630 "https://locus.pcampus.edu.np/portfolio/hack-a-week/#comment-6432" "Mozilla/5.0 (Windows NT 10.0; Win64; x64) AppleWebKit/537.36 (KHTML, like Gecko) Chrome/66.0.3359.170 Safari/537.36 OPR/53.0.2907.68"
195.201.171.107 - - [19/Sep/2018:04:13:05 +0545] "GET / HTTP/1.1" 200 59013 "-" "Mozilla/5.0 (X11; Ubuntu; Linux i686; rv:60.0.1) Gecko/20100101 Firefox/60.0.1"
203.245.8.51 - - [19/Sep/2018:04:19:12 +0545] "GET /portfolio/hack-a-week/ HTTP/1.1" 200 75471 "https://locus.pcampus.edu.np" "Mozilla/5.0 (Windows NT 10.0; Win64; x64) AppleWebKit/537.36 (KHTML, like Gecko) Chrome/62.0.3202.94 Safari/537.36"
203.245.8.51 - - [19/Sep/2018:04:19:15 +0545] "POST /wp-comments-post.php HTTP/1.1" 302 - "https://locus.pcampus.edu.np" "Mozilla/5.0 (Windows NT 10.0; Win64; x64) AppleWebKit/537.36 (KHTML, like Gecko) Chrome/62.0.3202.94 Safari/537.36"
203.245.8.51 - - [19/Sep/2018:04:19:18 +0545] "GET /portfolio/hack-a-week/ HTTP/1.1" 200 45628 "https://locus.pcampus.edu.np" "Mozilla/4.0 (compatible; MSIE 6.0; Windows NT 5.1; en) Opera 8.50"
40.77.167.155 - - [19/Sep/2018:04:24:20 +0545] "GET /wp-admin/admin-ajax.php?action=192&rand_id=6 HTTP/1.1" 400 1 "-" "Mozilla/5.0 (compatible; bingbot/2.0; +http://www.bing.com/bingbot.htm)"
66.249.64.205 - - [19/Sep/2018:04:33:50 +0545] "GET /portfolio/tech-debate/ HTTP/1.1" 200 38643 "-" "Mozilla/5.0 (Linux; Android 6.0.1; Nexus 5X Build/MMB29P) AppleWebKit/537.36 (KHTML, like Gecko) Chrome/41.0.2272.96 Mobile Safari/537.36 (compatible; Googlebot/2.1; +http://www.google.com/bot.html)"
46.229.168.146 - - [19/Sep/2018:04:36:11 +0545] "GET /robots.txt HTTP/1.1" 200 67 "-" "Mozilla/5.0 (compatible; SemrushBot/2~bl; +http://www.semrush.com/bot.html)"
46.229.168.141 - - [19/Sep/2018:04:36:14 +0545] "GET /2017/12/28/dornacharya-registration/ HTTP/1.1" 200 46535 "-" "Mozilla/5.0 (compatible; SemrushBot/2~bl; +http://www.semrush.com/bot.html)"
192.168.10.1 - - [19/Sep/2018:04:39:39 +0545] "POST /wp-cron.php?doing_wp_cron=1537311279.8798379898071289062500 HTTP/1.1" 200 - "https://locus.pcampus.edu.np/wp-cron.php?doing_wp_cron=1537311279.8798379898071289062500" "WordPress/4.9.8; https://locus.pcampus.edu.np"
207.46.13.25 - - [19/Sep/2018:04:39:39 +0545] "GET /wp-admin/admin-ajax.php?rand_id=4 HTTP/1.1" 400 1 "-" "Mozilla/5.0 (compatible; bingbot/2.0; +http://www.bing.com/bingbot.htm)"
157.55.39.71 - - [19/Sep/2018:04:43:28 +0545] "GET /category/registration/feed/ HTTP/1.1" 200 13935 "-" "Mozilla/5.0 (compatible; bingbot/2.0; +http://www.bing.com/bingbot.htm)"
40.77.167.155 - - [19/Sep/2018:04:53:46 +0545] "GET /wp-admin/admin-ajax.php?rand_id=5 HTTP/1.1" 400 1 "-" "Mozilla/5.0 (compatible; bingbot/2.0; +http://www.bing.com/bingbot.htm)"
178.122.203.211 - - [19/Sep/2018:04:54:00 +0545] "GET /portfolio/hack-a-week/ HTTP/1.0" 200 75429 "http://locus.pcampus.edu.np/portfolio/hack-a-week/" "Mozilla/5.0 (Windows NT 10.0; Win64; x64) AppleWebKit/537.36 (KHTML, like Gecko) Chrome/66.0.3359.181 Safari/537.36"
178.122.203.211 - - [19/Sep/2018:04:54:02 +0545] "POST /wp-comments-post.php HTTP/1.0" 302 - "http://locus.pcampus.edu.np/portfolio/hack-a-week/" "Mozilla/5.0 (Windows NT 10.0; Win64; x64) AppleWebKit/537.36 (KHTML, like Gecko) Chrome/66.0.3359.181 Safari/537.36"
178.122.203.211 - - [19/Sep/2018:04:54:13 +0545] "GET /portfolio/hack-a-week/ HTTP/1.0" 200 75473 "https://locus.pcampus.edu.np/portfolio/hack-a-week/#comment-6434" "Mozilla/5.0 (Windows NT 10.0; Win64; x64) AppleWebKit/537.36 (KHTML, like Gecko) Chrome/66.0.3359.181 Safari/537.36"
31.184.238.13 - - [19/Sep/2018:05:06:59 +0545] "GET /portfolio/hack-a-week/ HTTP/1.0" 200 45624 "https://locus.pcampus.edu.np/portfolio/hack-a-week/#comment-5153/" "Mozilla/5.0 (Windows NT 6.1) AppleWebKit/537.36 (KHTML, like Gecko) Chrome/67.0.3396.99 Safari/537.36 Kinza/4.8.2"
31.184.238.13 - - [19/Sep/2018:05:07:01 +0545] "POST /wp-comments-post.php HTTP/1.0" 200 2832 "https://locus.pcampus.edu.np/portfolio/hack-a-week/#comment-5153/" "Mozilla/5.0 (Windows NT 6.1) AppleWebKit/537.36 (KHTML, like Gecko) Chrome/67.0.3396.99 Safari/537.36 Kinza/4.8.2"
31.184.238.13 - - [19/Sep/2018:05:07:01 +0545] "GET /portfolio/hack-a-week/ HTTP/1.0" 200 45584 "http://locus.pcampus.edu.np/portfolio/hack-a-week/#comment-5153/" "Mozilla/5.0 (Windows NT 6.1) AppleWebKit/537.36 (KHTML, like Gecko) Chrome/67.0.3396.99 Safari/537.36 Kinza/4.8.2"
31.184.238.13 - - [19/Sep/2018:05:07:03 +0545] "GET /portfolio/hack-a-week/ HTTP/1.0" 200 75426 "http://locus.pcampus.edu.np/portfolio/hack-a-week/#comment-5153/" "Mozilla/5.0 (Windows NT 6.1) AppleWebKit/537.36 (KHTML, like Gecko) Chrome/67.0.3396.99 Safari/537.36 Kinza/4.8.2"
31.184.238.13 - - [19/Sep/2018:05:07:06 +0545] "POST /wp-comments-post.php HTTP/1.0" 302 - "http://locus.pcampus.edu.np/portfolio/hack-a-week/#comment-5153/" "Mozilla/5.0 (Windows NT 6.1) AppleWebKit/537.36 (KHTML, like Gecko) Chrome/67.0.3396.99 Safari/537.36 Kinza/4.8.2"
31.184.238.13 - - [19/Sep/2018:05:07:08 +0545] "GET /portfolio/hack-a-week/ HTTP/1.0" 200 75470 "https://locus.pcampus.edu.np/portfolio/hack-a-week/#comment-6435" "Mozilla/5.0 (Windows NT 6.1) AppleWebKit/537.36 (KHTML, like Gecko) Chrome/67.0.3396.99 Safari/537.36 Kinza/4.8.2"
207.46.13.25 - - [19/Sep/2018:05:13:41 +0545] "GET /wp-admin/admin-ajax.php?action=32&rand_id=10 HTTP/1.1" 400 1 "-" "Mozilla/5.0 (compatible; bingbot/2.0; +http://www.bing.com/bingbot.htm)"
157.55.39.63 - - [19/Sep/2018:05:24:35 +0545] "GET /wp-admin/admin-ajax.php?rand_id=1 HTTP/1.1" 400 1 "-" "Mozilla/5.0 (compatible; bingbot/2.0; +http://www.bing.com/bingbot.htm)"
54.36.150.125 - - [19/Sep/2018:05:35:19 +0545] "GET /robots.txt HTTP/1.1" 200 67 "-" "Mozilla/5.0 (compatible; AhrefsBot/5.2; +http://ahrefs.com/robot/)"
192.168.10.1 - - [19/Sep/2018:05:37:42 +0545] "POST /wp-cron.php?doing_wp_cron=1537314762.5479030609130859375000 HTTP/1.1" 200 - "https://locus.pcampus.edu.np/wp-cron.php?doing_wp_cron=1537314762.5479030609130859375000" "WordPress/4.9.8; https://locus.pcampus.edu.np"
40.77.167.155 - - [19/Sep/2018:05:37:42 +0545] "GET /author/locus/feed/ HTTP/1.1" 200 13912 "-" "Mozilla/5.0 (compatible; bingbot/2.0; +http://www.bing.com/bingbot.htm)"
157.55.39.71 - - [19/Sep/2018:05:40:53 +0545] "GET /portfolio/logpoint-codejam/feed/ HTTP/1.1" 200 798 "-" "Mozilla/5.0 (compatible; bingbot/2.0; +http://www.bing.com/bingbot.htm)"
40.77.167.155 - - [19/Sep/2018:05:58:07 +0545] "GET /portfolio/feed/ HTTP/1.1" 200 58654 "-" "Mozilla/5.0 (compatible; bingbot/2.0; +http://www.bing.com/bingbot.htm)"
123.125.71.40 - - [19/Sep/2018:06:14:08 +0545] "GET /xmlrpc.php?rsd HTTP/1.1" 200 860 "-" "Mozilla/5.0 (compatible; Baiduspider/2.0; +http://www.baidu.com/search/spider.html)"
207.46.13.196 - - [19/Sep/2018:06:57:39 +0545] "GET /robots.txt HTTP/1.1" 200 67 "-" "Mozilla/5.0 (compatible; bingbot/2.0; +http://www.bing.com/bingbot.htm)"
192.168.10.1 - - [19/Sep/2018:06:57:40 +0545] "POST /wp-cron.php?doing_wp_cron=1537319560.2944080829620361328125 HTTP/1.1" 200 - "https://locus.pcampus.edu.np/wp-cron.php?doing_wp_cron=1537319560.2944080829620361328125" "WordPress/4.9.8; https://locus.pcampus.edu.np"
207.46.13.196 - - [19/Sep/2018:06:57:43 +0545] "GET /robots.txt HTTP/1.1" 200 67 "-" "Mozilla/5.0 (compatible; bingbot/2.0; +http://www.bing.com/bingbot.htm)"
31.184.238.13 - - [19/Sep/2018:07:02:16 +0545] "GET /portfolio/hack-a-week/ HTTP/1.0" 200 45628 "https://locus.pcampus.edu.np/portfolio/hack-a-week/#comment-5153/" "Mozilla/5.0 (Windows NT 6.3; Win64; x64) AppleWebKit/537.36 (KHTML, like Gecko) Chrome/67.0.3396.99 Safari/537.36"
31.184.238.13 - - [19/Sep/2018:07:02:20 +0545] "POST /wp-comments-post.php HTTP/1.0" 200 2832 "https://locus.pcampus.edu.np/portfolio/hack-a-week/#comment-5153/" "Mozilla/5.0 (Windows NT 6.3; Win64; x64) AppleWebKit/537.36 (KHTML, like Gecko) Chrome/67.0.3396.99 Safari/537.36"
31.184.238.13 - - [19/Sep/2018:07:02:20 +0545] "GET /portfolio/hack-a-week/ HTTP/1.0" 200 45588 "http://locus.pcampus.edu.np/portfolio/hack-a-week/#comment-5153/" "Mozilla/5.0 (Windows NT 6.3; Win64; x64) AppleWebKit/537.36 (KHTML, like Gecko) Chrome/67.0.3396.99 Safari/537.36"
31.184.238.13 - - [19/Sep/2018:07:02:23 +0545] "GET /portfolio/hack-a-week/ HTTP/1.0" 200 45588 "http://locus.pcampus.edu.np/portfolio/hack-a-week/#comment-5153/" "Mozilla/5.0 (Windows NT 6.3; Win64; x64) AppleWebKit/537.36 (KHTML, like Gecko) Chrome/67.0.3396.99 Safari/537.36"
31.184.238.13 - - [19/Sep/2018:07:02:24 +0545] "POST /wp-comments-post.php HTTP/1.0" 302 - "http://locus.pcampus.edu.np/portfolio/hack-a-week/#comment-5153/" "Mozilla/5.0 (Windows NT 6.3; Win64; x64) AppleWebKit/537.36 (KHTML, like Gecko) Chrome/67.0.3396.99 Safari/537.36"
31.184.238.13 - - [19/Sep/2018:07:02:26 +0545] "GET /portfolio/hack-a-week/ HTTP/1.0" 200 75471 "https://locus.pcampus.edu.np/portfolio/hack-a-week/#comment-6436" "Mozilla/5.0 (Windows NT 6.3; Win64; x64) AppleWebKit/537.36 (KHTML, like Gecko) Chrome/67.0.3396.99 Safari/537.36"
40.77.167.155 - - [19/Sep/2018:07:09:59 +0545] "GET /events/ HTTP/1.1" 200 75524 "-" "Mozilla/5.0 (compatible; bingbot/2.0; +http://www.bing.com/bingbot.htm)"
157.55.39.63 - - [19/Sep/2018:07:10:03 +0545] "GET /robots.txt HTTP/1.1" 200 67 "-" "Mozilla/5.0 (compatible; bingbot/2.0; +http://www.bing.com/bingbot.htm)"
157.55.39.63 - - [19/Sep/2018:07:10:05 +0545] "GET /wp-content/plugins/contact-form-7/includes/css/styles.css?ver=4.9.2 HTTP/1.1" 200 1606 "-" "Mozilla/5.0 (compatible; bingbot/2.0; +http://www.bing.com/bingbot.htm)"
157.55.39.63 - - [19/Sep/2018:07:10:07 +0545] "GET /wp-content/plugins/ultimate-faqs/css/rrssb-min.css?ver=4.9.8 HTTP/1.1" 200 11079 "-" "Mozilla/5.0 (compatible; bingbot/2.0; +http://www.bing.com/bingbot.htm)"
157.55.39.63 - - [19/Sep/2018:07:10:07 +0545] "GET /wp-content/themes/flash/js/jquery.sticky.min.js?ver=4.9.8 HTTP/1.1" 200 4781 "-" "Mozilla/5.0 (compatible; bingbot/2.0; +http://www.bing.com/bingbot.htm)"
157.55.39.63 - - [19/Sep/2018:07:10:07 +0545] "GET /wp-content/plugins/easy-twitter-feed-widget/js/twitter-widgets.js?ver=1.0 HTTP/1.1" 200 486 "-" "Mozilla/5.0 (compatible; bingbot/2.0; +http://www.bing.com/bingbot.htm)"
207.46.13.25 - - [19/Sep/2018:07:10:09 +0545] "GET /wp-content/plugins/accesspress-social-icons/css/animate.css?ver=1.6.9 HTTP/1.1" 200 72922 "-" "Mozilla/5.0 (compatible; bingbot/2.0; +http://www.bing.com/bingbot.htm)"
207.46.13.25 - - [19/Sep/2018:07:10:09 +0545] "GET /wp-content/plugins/accesspress-social-icons/css/frontend.css?ver=1.6.9 HTTP/1.1" 200 2559 "-" "Mozilla/5.0 (compatible; bingbot/2.0; +http://www.bing.com/bingbot.htm)"
207.46.13.25 - - [19/Sep/2018:07:10:10 +0545] "GET /wp-content/plugins/easy-facebook-likebox/public/assets/css/public.css?ver=4.3.5 HTTP/1.1" 200 12658 "-" "Mozilla/5.0 (compatible; bingbot/2.0; +http://www.bing.com/bingbot.htm)"
207.46.13.25 - - [19/Sep/2018:07:10:10 +0545] "GET /wp-content/plugins/siteorigin-panels/css/front-flex.css?ver=2.6.2 HTTP/1.1" 200 1315 "-" "Mozilla/5.0 (compatible; bingbot/2.0; +http://www.bing.com/bingbot.htm)"
207.46.13.25 - - [19/Sep/2018:07:10:10 +0545] "GET /wp-content/themes/flash/css/responsive.min.css?ver=4.9.8 HTTP/1.1" 200 10127 "-" "Mozilla/5.0 (compatible; bingbot/2.0; +http://www.bing.com/bingbot.htm)"
207.46.13.25 - - [19/Sep/2018:07:10:11 +0545] "GET /wp-includes/js/jquery/jquery.js?ver=1.12.4 HTTP/1.1" 200 97184 "-" "Mozilla/5.0 (compatible; bingbot/2.0; +http://www.bing.com/bingbot.htm)"
207.46.13.25 - - [19/Sep/2018:07:10:11 +0545] "GET /wp-content/plugins/easy-facebook-likebox/public/assets/js/public.js?ver=4.3.5 HTTP/1.1" 200 5553 "-" "Mozilla/5.0 (compatible; bingbot/2.0; +http://www.bing.com/bingbot.htm)"
207.46.13.25 - - [19/Sep/2018:07:10:11 +0545] "GET /wp-content/themes/flash/js/flash.min.js?ver=4.9.8 HTTP/1.1" 200 3603 "-" "Mozilla/5.0 (compatible; bingbot/2.0; +http://www.bing.com/bingbot.htm)"
207.46.13.25 - - [19/Sep/2018:07:10:12 +0545] "GET /wp-content/themes/flash/js/isotope.pkgd.min.js?ver=4.9.8 HTTP/1.1" 200 34695 "-" "Mozilla/5.0 (compatible; bingbot/2.0; +http://www.bing.com/bingbot.htm)"
207.46.13.25 - - [19/Sep/2018:07:10:12 +0545] "GET /wp-content/plugins/google-maps-widget/js/jquery.colorbox.min.js?ver=3.77 HTTP/1.1" 200 11929 "-" "Mozilla/5.0 (compatible; bingbot/2.0; +http://www.bing.com/bingbot.htm)"
157.55.39.63 - - [19/Sep/2018:07:10:18 +0545] "GET /wp-content/themes/flash/js/swiper.jquery.min.js?ver=4.9.8 HTTP/1.1" 200 68716 "-" "Mozilla/5.0 (compatible; bingbot/2.0; +http://www.bing.com/bingbot.htm)"
40.77.167.155 - - [19/Sep/2018:07:10:23 +0545] "GET /wp-content/plugins/easy-facebook-likebox/public/assets/css/font-awesome.css?ver=4.3.5 HTTP/1.1" 200 30546 "-" "Mozilla/5.0 (compatible; bingbot/2.0; +http://www.bing.com/bingbot.htm)"
40.77.167.155 - - [19/Sep/2018:07:10:24 +0545] "GET /wp-content/plugins/easy-facebook-likebox/public/assets/css/animate.css?ver=4.3.5 HTTP/1.1" 200 72259 "-" "Mozilla/5.0 (compatible; bingbot/2.0; +http://www.bing.com/bingbot.htm)"
40.77.167.155 - - [19/Sep/2018:07:10:25 +0545] "GET /wp-content/plugins/easy-facebook-likebox/public/assets/popup/magnific-popup.css?ver=4.3.5 HTTP/1.1" 200 7789 "-" "Mozilla/5.0 (compatible; bingbot/2.0; +http://www.bing.com/bingbot.htm)"
40.77.167.155 - - [19/Sep/2018:07:10:25 +0545] "GET /wp-content/themes/flash/css/font-awesome.min.css?ver=4.9.8 HTTP/1.1" 200 31000 "-" "Mozilla/5.0 (compatible; bingbot/2.0; +http://www.bing.com/bingbot.htm)"
40.77.167.155 - - [19/Sep/2018:07:10:26 +0545] "GET /wp-content/themes/flash/style.css?ver=4.9.8 HTTP/1.1" 200 78834 "-" "Mozilla/5.0 (compatible; bingbot/2.0; +http://www.bing.com/bingbot.htm)"
40.77.167.155 - - [19/Sep/2018:07:10:26 +0545] "GET /wp-content/themes/flash/css/swiper.min.css?ver=4.9.8 HTTP/1.1" 200 17216 "-" "Mozilla/5.0 (compatible; bingbot/2.0; +http://www.bing.com/bingbot.htm)"
40.77.167.155 - - [19/Sep/2018:07:10:27 +0545] "GET /wp-content/plugins/easy-facebook-likebox/public/assets/js/jquery.cookie.js?ver=4.3.5 HTTP/1.1" 200 3128 "-" "Mozilla/5.0 (compatible; bingbot/2.0; +http://www.bing.com/bingbot.htm)"
40.77.167.155 - - [19/Sep/2018:07:10:27 +0545] "GET /wp-content/plugins/contact-form-7/includes/js/scripts.js?ver=4.9.2 HTTP/1.1" 200 14092 "-" "Mozilla/5.0 (compatible; bingbot/2.0; +http://www.bing.com/bingbot.htm)"
40.77.167.155 - - [19/Sep/2018:07:10:27 +0545] "GET /wp-content/themes/flash/js/skip-link-focus-fix.js?ver=20151215 HTTP/1.1" 200 880 "-" "Mozilla/5.0 (compatible; bingbot/2.0; +http://www.bing.com/bingbot.htm)"
40.77.167.155 - - [19/Sep/2018:07:10:28 +0545] "GET /wp-includes/js/wp-embed.min.js?ver=4.9.8 HTTP/1.1" 200 1398 "-" "Mozilla/5.0 (compatible; bingbot/2.0; +http://www.bing.com/bingbot.htm)"
40.77.167.155 - - [19/Sep/2018:07:10:28 +0545] "GET /wp-content/plugins/google-maps-widget/js/gmw.js?ver=3.77 HTTP/1.1" 200 4372 "-" "Mozilla/5.0 (compatible; bingbot/2.0; +http://www.bing.com/bingbot.htm)"
157.55.39.71 - - [19/Sep/2018:07:10:34 +0545] "GET /wp-content/plugins/jquery-t-countdown-widget/css/cloud-city/style.css?ver=2.0 HTTP/1.1" 200 2055 "-" "Mozilla/5.0 (compatible; bingbot/2.0; +http://www.bing.com/bingbot.htm)"
157.55.39.71 - - [19/Sep/2018:07:10:34 +0545] "GET /wp-content/plugins/ultimate-faqs/css/ewd-ufaq-styles.css?ver=4.9.8 HTTP/1.1" 200 10645 "-" "Mozilla/5.0 (compatible; bingbot/2.0; +http://www.bing.com/bingbot.htm)"
157.55.39.71 - - [19/Sep/2018:07:10:34 +0545] "GET /wp-includes/js/jquery/jquery-migrate.min.js?ver=1.4.1 HTTP/1.1" 200 10056 "-" "Mozilla/5.0 (compatible; bingbot/2.0; +http://www.bing.com/bingbot.htm)"
157.55.39.71 - - [19/Sep/2018:07:10:35 +0545] "GET /wp-content/plugins/accesspress-social-icons/js/frontend.js?ver=1.6.9 HTTP/1.1" 200 1729 "-" "Mozilla/5.0 (compatible; bingbot/2.0; +http://www.bing.com/bingbot.htm)"
157.55.39.71 - - [19/Sep/2018:07:10:35 +0545] "GET /wp-content/plugins/easy-facebook-likebox/public/assets/popup/jquery.magnific-popup.min.js?ver=4.3.5 HTTP/1.1" 200 21094 "-" "Mozilla/5.0 (compatible; bingbot/2.0; +http://www.bing.com/bingbot.htm)"
157.55.39.71 - - [19/Sep/2018:07:10:35 +0545] "GET /wp-content/plugins/jquery-t-countdown-widget/js/jquery.t-countdown.js?ver=1.5.12 HTTP/1.1" 200 8868 "-" "Mozilla/5.0 (compatible; bingbot/2.0; +http://www.bing.com/bingbot.htm)"
157.55.39.71 - - [19/Sep/2018:07:10:36 +0545] "GET /wp-content/themes/flash/js/jquery.nav.min.js?ver=4.9.8 HTTP/1.1" 200 2627 "-" "Mozilla/5.0 (compatible; bingbot/2.0; +http://www.bing.com/bingbot.htm)"
14.215.176.17 - - [19/Sep/2018:07:13:40 +0545] "GET / HTTP/1.1" 301 - "http://www.baidu.com/s?wd=spinr5t" "Mozilla/5.0 (Windows NT 6.1; WOW64; rv:43.0) Gecko/20100101 Firefox/43.0"
14.215.176.141 - - [19/Sep/2018:07:13:42 +0545] "GET / HTTP/1.1" 200 59014 "-" "Mozilla/5.0 (Windows NT 6.1; WOW64; rv:43.0) Gecko/20100101 Firefox/43.0"
14.215.176.132 - - [19/Sep/2018:07:13:43 +0545] "GET /wp-content/plugins/contact-form-7/includes/css/styles.css?ver=4.9.2 HTTP/1.1" 200 1606 "https://locus.pcampus.edu.np/" "Mozilla/5.0 (Windows NT 6.1; WOW64; rv:43.0) Gecko/20100101 Firefox/43.0"
14.215.176.138 - - [19/Sep/2018:07:13:43 +0545] "GET /wp-content/plugins/accesspress-social-icons/css/frontend.css?ver=1.6.9 HTTP/1.1" 200 2559 "https://locus.pcampus.edu.np/" "Mozilla/5.0 (Windows NT 6.1; WOW64; rv:43.0) Gecko/20100101 Firefox/43.0"
14.215.176.133 - - [19/Sep/2018:07:13:43 +0545] "GET /wp-includes/js/wp-emoji-release.min.js?ver=4.9.8 HTTP/1.1" 200 12026 "https://locus.pcampus.edu.np/" "Mozilla/5.0 (Windows NT 6.1; WOW64; rv:43.0) Gecko/20100101 Firefox/43.0"
14.215.176.136 - - [19/Sep/2018:07:13:43 +0545] "GET /wp-content/plugins/easy-facebook-likebox/public/assets/css/public.css?ver=4.3.5 HTTP/1.1" 200 12658 "https://locus.pcampus.edu.np/" "Mozilla/5.0 (Windows NT 6.1; WOW64; rv:43.0) Gecko/20100101 Firefox/43.0"
14.215.176.138 - - [19/Sep/2018:07:13:43 +0545] "GET /wp-content/plugins/accesspress-social-icons/css/animate.css?ver=1.6.9 HTTP/1.1" 200 72922 "https://locus.pcampus.edu.np/" "Mozilla/5.0 (Windows NT 6.1; WOW64; rv:43.0) Gecko/20100101 Firefox/43.0"
14.215.176.133 - - [19/Sep/2018:07:13:44 +0545] "GET /wp-content/plugins/easy-facebook-likebox/public/assets/css/font-awesome.css?ver=4.3.5 HTTP/1.1" 200 30546 "https://locus.pcampus.edu.np/" "Mozilla/5.0 (Windows NT 6.1; WOW64; rv:43.0) Gecko/20100101 Firefox/43.0"
14.215.176.132 - - [19/Sep/2018:07:13:44 +0545] "GET /wp-content/plugins/easy-facebook-likebox/public/assets/css/animate.css?ver=4.3.5 HTTP/1.1" 200 72259 "https://locus.pcampus.edu.np/" "Mozilla/5.0 (Windows NT 6.1; WOW64; rv:43.0) Gecko/20100101 Firefox/43.0"
14.215.176.138 - - [19/Sep/2018:07:13:44 +0545] "GET /wp-content/plugins/easy-facebook-likebox/public/assets/popup/magnific-popup.css?ver=4.3.5 HTTP/1.1" 200 7789 "https://locus.pcampus.edu.np/" "Mozilla/5.0 (Windows NT 6.1; WOW64; rv:43.0) Gecko/20100101 Firefox/43.0"
14.215.176.136 - - [19/Sep/2018:07:13:44 +0545] "GET /wp-content/plugins/jquery-t-countdown-widget/css/cloud-city/style.css?ver=2.0 HTTP/1.1" 200 2055 "https://locus.pcampus.edu.np/" "Mozilla/5.0 (Windows NT 6.1; WOW64; rv:43.0) Gecko/20100101 Firefox/43.0"
14.215.176.138 - - [19/Sep/2018:07:13:44 +0545] "GET /wp-content/plugins/siteorigin-panels/css/front-flex.css?ver=2.6.2 HTTP/1.1" 200 1315 "https://locus.pcampus.edu.np/" "Mozilla/5.0 (Windows NT 6.1; WOW64; rv:43.0) Gecko/20100101 Firefox/43.0"
14.215.176.136 - - [19/Sep/2018:07:13:44 +0545] "GET /wp-content/plugins/ultimate-faqs/css/ewd-ufaq-styles.css?ver=4.9.8 HTTP/1.1" 200 10645 "https://locus.pcampus.edu.np/" "Mozilla/5.0 (Windows NT 6.1; WOW64; rv:43.0) Gecko/20100101 Firefox/43.0"
14.215.176.133 - - [19/Sep/2018:07:13:44 +0545] "GET /wp-content/plugins/ultimate-faqs/css/rrssb-min.css?ver=4.9.8 HTTP/1.1" 200 11079 "https://locus.pcampus.edu.np/" "Mozilla/5.0 (Windows NT 6.1; WOW64; rv:43.0) Gecko/20100101 Firefox/43.0"
14.215.176.138 - - [19/Sep/2018:07:13:44 +0545] "GET /wp-content/themes/flash/css/font-awesome.min.css?ver=4.9.8 HTTP/1.1" 200 31000 "https://locus.pcampus.edu.np/" "Mozilla/5.0 (Windows NT 6.1; WOW64; rv:43.0) Gecko/20100101 Firefox/43.0"
14.215.176.136 - - [19/Sep/2018:07:13:44 +0545] "GET /wp-content/themes/flash/style.css?ver=4.9.8 HTTP/1.1" 200 78834 "https://locus.pcampus.edu.np/" "Mozilla/5.0 (Windows NT 6.1; WOW64; rv:43.0) Gecko/20100101 Firefox/43.0"
14.215.176.132 - - [19/Sep/2018:07:13:45 +0545] "GET /wp-content/themes/flash/css/swiper.min.css?ver=4.9.8 HTTP/1.1" 200 17216 "https://locus.pcampus.edu.np/" "Mozilla/5.0 (Windows NT 6.1; WOW64; rv:43.0) Gecko/20100101 Firefox/43.0"
14.215.176.133 - - [19/Sep/2018:07:13:45 +0545] "GET /wp-content/themes/flash/css/responsive.min.css?ver=4.9.8 HTTP/1.1" 200 10127 "https://locus.pcampus.edu.np/" "Mozilla/5.0 (Windows NT 6.1; WOW64; rv:43.0) Gecko/20100101 Firefox/43.0"
14.215.176.141 - - [19/Sep/2018:07:13:45 +0545] "GET /wp-includes/js/jquery/jquery.js?ver=1.12.4 HTTP/1.1" 200 97184 "https://locus.pcampus.edu.np/" "Mozilla/5.0 (Windows NT 6.1; WOW64; rv:43.0) Gecko/20100101 Firefox/43.0"
14.215.176.133 - - [19/Sep/2018:07:13:45 +0545] "GET /wp-includes/js/jquery/jquery-migrate.min.js?ver=1.4.1 HTTP/1.1" 200 10056 "https://locus.pcampus.edu.np/" "Mozilla/5.0 (Windows NT 6.1; WOW64; rv:43.0) Gecko/20100101 Firefox/43.0"
14.215.176.132 - - [19/Sep/2018:07:13:45 +0545] "GET /wp-content/plugins/accesspress-social-icons/js/frontend.js?ver=1.6.9 HTTP/1.1" 200 1729 "https://locus.pcampus.edu.np/" "Mozilla/5.0 (Windows NT 6.1; WOW64; rv:43.0) Gecko/20100101 Firefox/43.0"
14.215.176.133 - - [19/Sep/2018:07:13:45 +0545] "GET /wp-content/plugins/easy-facebook-likebox/public/assets/popup/jquery.magnific-popup.min.js?ver=4.3.5 HTTP/1.1" 200 21094 "https://locus.pcampus.edu.np/" "Mozilla/5.0 (Windows NT 6.1; WOW64; rv:43.0) Gecko/20100101 Firefox/43.0"
14.215.176.132 - - [19/Sep/2018:07:13:45 +0545] "GET /wp-content/plugins/easy-facebook-likebox/public/assets/js/jquery.cookie.js?ver=4.3.5 HTTP/1.1" 200 3128 "https://locus.pcampus.edu.np/" "Mozilla/5.0 (Windows NT 6.1; WOW64; rv:43.0) Gecko/20100101 Firefox/43.0"
14.215.176.138 - - [19/Sep/2018:07:13:45 +0545] "GET /wp-content/plugins/easy-facebook-likebox/public/assets/js/public.js?ver=4.3.5 HTTP/1.1" 200 5553 "https://locus.pcampus.edu.np/" "Mozilla/5.0 (Windows NT 6.1; WOW64; rv:43.0) Gecko/20100101 Firefox/43.0"
14.215.176.136 - - [19/Sep/2018:07:13:45 +0545] "GET /wp-content/plugins/contact-form-7/includes/js/scripts.js?ver=4.9.2 HTTP/1.1" 200 14092 "https://locus.pcampus.edu.np/" "Mozilla/5.0 (Windows NT 6.1; WOW64; rv:43.0) Gecko/20100101 Firefox/43.0"
14.215.176.133 - - [19/Sep/2018:07:13:46 +0545] "GET /wp-content/plugins/jquery-t-countdown-widget/js/jquery.t-countdown.js?ver=1.5.12 HTTP/1.1" 200 8868 "https://locus.pcampus.edu.np/" "Mozilla/5.0 (Windows NT 6.1; WOW64; rv:43.0) Gecko/20100101 Firefox/43.0"
14.215.176.132 - - [19/Sep/2018:07:13:46 +0545] "GET /wp-content/themes/flash/js/jquery.sticky.min.js?ver=4.9.8 HTTP/1.1" 200 4781 "https://locus.pcampus.edu.np/" "Mozilla/5.0 (Windows NT 6.1; WOW64; rv:43.0) Gecko/20100101 Firefox/43.0"
14.215.176.138 - - [19/Sep/2018:07:13:46 +0545] "GET /wp-content/themes/flash/js/jquery.nav.min.js?ver=4.9.8 HTTP/1.1" 200 2627 "https://locus.pcampus.edu.np/" "Mozilla/5.0 (Windows NT 6.1; WOW64; rv:43.0) Gecko/20100101 Firefox/43.0"
14.215.176.138 - - [19/Sep/2018:07:13:46 +0545] "GET /wp-content/themes/flash/js/flash.min.js?ver=4.9.8 HTTP/1.1" 200 3603 "https://locus.pcampus.edu.np/" "Mozilla/5.0 (Windows NT 6.1; WOW64; rv:43.0) Gecko/20100101 Firefox/43.0"
14.215.176.136 - - [19/Sep/2018:07:13:46 +0545] "GET /wp-content/themes/flash/js/skip-link-focus-fix.js?ver=20151215 HTTP/1.1" 200 880 "https://locus.pcampus.edu.np/" "Mozilla/5.0 (Windows NT 6.1; WOW64; rv:43.0) Gecko/20100101 Firefox/43.0"
14.215.176.133 - - [19/Sep/2018:07:13:46 +0545] "GET /wp-content/plugins/easy-twitter-feed-widget/js/twitter-widgets.js?ver=1.0 HTTP/1.1" 200 486 "https://locus.pcampus.edu.np/" "Mozilla/5.0 (Windows NT 6.1; WOW64; rv:43.0) Gecko/20100101 Firefox/43.0"
14.215.176.132 - - [19/Sep/2018:07:13:46 +0545] "GET /wp-content/themes/flash/js/swiper.jquery.min.js?ver=4.9.8 HTTP/1.1" 200 68716 "https://locus.pcampus.edu.np/" "Mozilla/5.0 (Windows NT 6.1; WOW64; rv:43.0) Gecko/20100101 Firefox/43.0"
14.215.176.138 - - [19/Sep/2018:07:13:46 +0545] "GET /wp-content/themes/flash/js/isotope.pkgd.min.js?ver=4.9.8 HTTP/1.1" 200 34695 "https://locus.pcampus.edu.np/" "Mozilla/5.0 (Windows NT 6.1; WOW64; rv:43.0) Gecko/20100101 Firefox/43.0"
14.215.176.138 - - [19/Sep/2018:07:13:46 +0545] "GET /wp-includes/js/wp-embed.min.js?ver=4.9.8 HTTP/1.1" 200 1398 "https://locus.pcampus.edu.np/" "Mozilla/5.0 (Windows NT 6.1; WOW64; rv:43.0) Gecko/20100101 Firefox/43.0"
14.215.176.136 - - [19/Sep/2018:07:13:46 +0545] "GET /wp-content/plugins/siteorigin-panels/js/styling-262.min.js?ver=2.6.2 HTTP/1.1" 200 848 "https://locus.pcampus.edu.np/" "Mozilla/5.0 (Windows NT 6.1; WOW64; rv:43.0) Gecko/20100101 Firefox/43.0"
14.215.176.133 - - [19/Sep/2018:07:13:46 +0545] "GET /wp-content/plugins/google-maps-widget/js/jquery.colorbox.min.js?ver=3.77 HTTP/1.1" 200 11929 "https://locus.pcampus.edu.np/" "Mozilla/5.0 (Windows NT 6.1; WOW64; rv:43.0) Gecko/20100101 Firefox/43.0"
14.215.176.132 - - [19/Sep/2018:07:13:47 +0545] "GET /wp-content/plugins/google-maps-widget/js/gmw.js?ver=3.77 HTTP/1.1" 200 4372 "https://locus.pcampus.edu.np/" "Mozilla/5.0 (Windows NT 6.1; WOW64; rv:43.0) Gecko/20100101 Firefox/43.0"
14.215.176.141 - - [19/Sep/2018:07:13:49 +0545] "GET /wp-content/themes/flash/fonts/fontawesome-webfont.woff?v=4.7.0 HTTP/1.1" 200 98024 "https://locus.pcampus.edu.np/" "Mozilla/5.0 (Windows NT 6.1; WOW64; rv:43.0) Gecko/20100101 Firefox/43.0"
14.215.176.138 - - [19/Sep/2018:07:13:49 +0545] "GET /wp-content/plugins/easy-facebook-likebox/public/assets/fonts/fontawesome-webfont.woff?v=4.3.0 HTTP/1.1" 200 90412 "https://locus.pcampus.edu.np/" "Mozilla/5.0 (Windows NT 6.1; WOW64; rv:43.0) Gecko/20100101 Firefox/43.0"
14.215.176.133 - - [19/Sep/2018:07:13:49 +0545] "GET /wp-content/plugins/google-maps-widget/css/gmw.css?ver=3.77 HTTP/1.1" 200 6001 "https://locus.pcampus.edu.np/" "Mozilla/5.0 (Windows NT 6.1; WOW64; rv:43.0) Gecko/20100101 Firefox/43.0"
54.36.150.125 - - [19/Sep/2018:07:28:02 +0545] "GET /robots.txt HTTP/1.1" 200 67 "-" "Mozilla/5.0 (compatible; AhrefsBot/5.2; +http://ahrefs.com/robot/)"
54.36.148.37 - - [19/Sep/2018:07:28:03 +0545] "GET /gallery HTTP/1.1" 404 33545 "-" "Mozilla/5.0 (compatible; AhrefsBot/5.2; +http://ahrefs.com/robot/)"
27.34.104.237 - - [19/Sep/2018:07:32:23 +0545] "GET /locus-2016/ HTTP/1.1" 200 47467 "-" "Mozilla/5.0 (Windows NT 10.0; Win64; x64) AppleWebKit/537.36 (KHTML, like Gecko) Chrome/64.0.3282.140 Safari/537.36 Edge/17.17134"
27.34.104.237 - - [19/Sep/2018:07:32:23 +0545] "GET /wp-content/plugins/contact-form-7/includes/css/styles.css?ver=4.9.2 HTTP/1.1" 200 1606 "https://locus.pcampus.edu.np/locus-2016/" "Mozilla/5.0 (Windows NT 10.0; Win64; x64) AppleWebKit/537.36 (KHTML, like Gecko) Chrome/64.0.3282.140 Safari/537.36 Edge/17.17134"
27.34.104.237 - - [19/Sep/2018:07:32:23 +0545] "GET /wp-content/plugins/easy-facebook-likebox/public/assets/css/public.css?ver=4.3.5 HTTP/1.1" 200 12658 "https://locus.pcampus.edu.np/locus-2016/" "Mozilla/5.0 (Windows NT 10.0; Win64; x64) AppleWebKit/537.36 (KHTML, like Gecko) Chrome/64.0.3282.140 Safari/537.36 Edge/17.17134"
27.34.104.237 - - [19/Sep/2018:07:32:23 +0545] "GET /wp-content/plugins/accesspress-social-icons/css/animate.css?ver=1.6.9 HTTP/1.1" 200 72922 "https://locus.pcampus.edu.np/locus-2016/" "Mozilla/5.0 (Windows NT 10.0; Win64; x64) AppleWebKit/537.36 (KHTML, like Gecko) Chrome/64.0.3282.140 Safari/537.36 Edge/17.17134"
27.34.104.237 - - [19/Sep/2018:07:32:23 +0545] "GET /wp-content/plugins/easy-facebook-likebox/public/assets/popup/magnific-popup.css?ver=4.3.5 HTTP/1.1" 200 7789 "https://locus.pcampus.edu.np/locus-2016/" "Mozilla/5.0 (Windows NT 10.0; Win64; x64) AppleWebKit/537.36 (KHTML, like Gecko) Chrome/64.0.3282.140 Safari/537.36 Edge/17.17134"
27.34.104.237 - - [19/Sep/2018:07:32:23 +0545] "GET /wp-content/plugins/easy-facebook-likebox/public/assets/css/font-awesome.css?ver=4.3.5 HTTP/1.1" 200 30546 "https://locus.pcampus.edu.np/locus-2016/" "Mozilla/5.0 (Windows NT 10.0; Win64; x64) AppleWebKit/537.36 (KHTML, like Gecko) Chrome/64.0.3282.140 Safari/537.36 Edge/17.17134"
27.34.104.237 - - [19/Sep/2018:07:32:23 +0545] "GET /wp-content/plugins/jquery-t-countdown-widget/css/cloud-city/style.css?ver=2.0 HTTP/1.1" 200 2055 "https://locus.pcampus.edu.np/locus-2016/" "Mozilla/5.0 (Windows NT 10.0; Win64; x64) AppleWebKit/537.36 (KHTML, like Gecko) Chrome/64.0.3282.140 Safari/537.36 Edge/17.17134"
27.34.104.237 - - [19/Sep/2018:07:32:23 +0545] "GET /wp-content/plugins/siteorigin-panels/css/front-flex.css?ver=2.6.2 HTTP/1.1" 200 1315 "https://locus.pcampus.edu.np/locus-2016/" "Mozilla/5.0 (Windows NT 10.0; Win64; x64) AppleWebKit/537.36 (KHTML, like Gecko) Chrome/64.0.3282.140 Safari/537.36 Edge/17.17134"
27.34.104.237 - - [19/Sep/2018:07:32:23 +0545] "GET /wp-content/plugins/ultimate-faqs/css/ewd-ufaq-styles.css?ver=4.9.8 HTTP/1.1" 200 10645 "https://locus.pcampus.edu.np/locus-2016/" "Mozilla/5.0 (Windows NT 10.0; Win64; x64) AppleWebKit/537.36 (KHTML, like Gecko) Chrome/64.0.3282.140 Safari/537.36 Edge/17.17134"
27.34.104.237 - - [19/Sep/2018:07:32:23 +0545] "GET /wp-content/plugins/ultimate-faqs/css/rrssb-min.css?ver=4.9.8 HTTP/1.1" 200 11079 "https://locus.pcampus.edu.np/locus-2016/" "Mozilla/5.0 (Windows NT 10.0; Win64; x64) AppleWebKit/537.36 (KHTML, like Gecko) Chrome/64.0.3282.140 Safari/537.36 Edge/17.17134"
27.34.104.237 - - [19/Sep/2018:07:32:23 +0545] "GET /wp-content/plugins/accesspress-social-icons/css/frontend.css?ver=1.6.9 HTTP/1.1" 200 2559 "https://locus.pcampus.edu.np/locus-2016/" "Mozilla/5.0 (Windows NT 10.0; Win64; x64) AppleWebKit/537.36 (KHTML, like Gecko) Chrome/64.0.3282.140 Safari/537.36 Edge/17.17134"
27.34.104.237 - - [19/Sep/2018:07:32:23 +0545] "GET /wp-content/plugins/easy-facebook-likebox/public/assets/js/jquery.cookie.js?ver=4.3.5 HTTP/1.1" 200 3128 "https://locus.pcampus.edu.np/locus-2016/" "Mozilla/5.0 (Windows NT 10.0; Win64; x64) AppleWebKit/537.36 (KHTML, like Gecko) Chrome/64.0.3282.140 Safari/537.36 Edge/17.17134"
27.34.104.237 - - [19/Sep/2018:07:32:23 +0545] "GET /wp-content/plugins/easy-facebook-likebox/public/assets/css/animate.css?ver=4.3.5 HTTP/1.1" 200 72259 "https://locus.pcampus.edu.np/locus-2016/" "Mozilla/5.0 (Windows NT 10.0; Win64; x64) AppleWebKit/537.36 (KHTML, like Gecko) Chrome/64.0.3282.140 Safari/537.36 Edge/17.17134"
27.34.104.237 - - [19/Sep/2018:07:32:23 +0545] "GET /wp-content/plugins/easy-facebook-likebox/public/assets/js/public.js?ver=4.3.5 HTTP/1.1" 200 5553 "https://locus.pcampus.edu.np/locus-2016/" "Mozilla/5.0 (Windows NT 10.0; Win64; x64) AppleWebKit/537.36 (KHTML, like Gecko) Chrome/64.0.3282.140 Safari/537.36 Edge/17.17134"
27.34.104.237 - - [19/Sep/2018:07:32:23 +0545] "GET /wp-content/uploads/2017/12/Locus-Logo_Final__Expanded-Apeearance_-_1_-e1514207204800.png HTTP/1.1" 200 2825 "https://locus.pcampus.edu.np/locus-2016/" "Mozilla/5.0 (Windows NT 10.0; Win64; x64) AppleWebKit/537.36 (KHTML, like Gecko) Chrome/64.0.3282.140 Safari/537.36 Edge/17.17134"
27.34.104.237 - - [19/Sep/2018:07:32:23 +0545] "GET /wp-content/themes/flash/css/font-awesome.min.css?ver=4.9.8 HTTP/1.1" 200 31000 "https://locus.pcampus.edu.np/locus-2016/" "Mozilla/5.0 (Windows NT 10.0; Win64; x64) AppleWebKit/537.36 (KHTML, like Gecko) Chrome/64.0.3282.140 Safari/537.36 Edge/17.17134"
27.34.104.237 - - [19/Sep/2018:07:32:23 +0545] "GET /wp-content/themes/flash/css/swiper.min.css?ver=4.9.8 HTTP/1.1" 200 17216 "https://locus.pcampus.edu.np/locus-2016/" "Mozilla/5.0 (Windows NT 10.0; Win64; x64) AppleWebKit/537.36 (KHTML, like Gecko) Chrome/64.0.3282.140 Safari/537.36 Edge/17.17134"
27.34.104.237 - - [19/Sep/2018:07:32:23 +0545] "GET /wp-content/plugins/easy-facebook-likebox/public/assets/popup/jquery.magnific-popup.min.js?ver=4.3.5 HTTP/1.1" 200 21094 "https://locus.pcampus.edu.np/locus-2016/" "Mozilla/5.0 (Windows NT 10.0; Win64; x64) AppleWebKit/537.36 (KHTML, like Gecko) Chrome/64.0.3282.140 Safari/537.36 Edge/17.17134"
27.34.104.237 - - [19/Sep/2018:07:32:23 +0545] "GET /wp-content/themes/flash/style.css?ver=4.9.8 HTTP/1.1" 200 78834 "https://locus.pcampus.edu.np/locus-2016/" "Mozilla/5.0 (Windows NT 10.0; Win64; x64) AppleWebKit/537.36 (KHTML, like Gecko) Chrome/64.0.3282.140 Safari/537.36 Edge/17.17134"
27.34.104.237 - - [19/Sep/2018:07:32:23 +0545] "GET /wp-includes/js/jquery/jquery.js?ver=1.12.4 HTTP/1.1" 200 97184 "https://locus.pcampus.edu.np/locus-2016/" "Mozilla/5.0 (Windows NT 10.0; Win64; x64) AppleWebKit/537.36 (KHTML, like Gecko) Chrome/64.0.3282.140 Safari/537.36 Edge/17.17134"
27.34.104.237 - - [19/Sep/2018:07:32:23 +0545] "GET /wp-includes/js/jquery/jquery-migrate.min.js?ver=1.4.1 HTTP/1.1" 200 10056 "https://locus.pcampus.edu.np/locus-2016/" "Mozilla/5.0 (Windows NT 10.0; Win64; x64) AppleWebKit/537.36 (KHTML, like Gecko) Chrome/64.0.3282.140 Safari/537.36 Edge/17.17134"
27.34.104.237 - - [19/Sep/2018:07:32:23 +0545] "GET /wp-content/themes/flash/css/responsive.min.css?ver=4.9.8 HTTP/1.1" 200 10127 "https://locus.pcampus.edu.np/locus-2016/" "Mozilla/5.0 (Windows NT 10.0; Win64; x64) AppleWebKit/537.36 (KHTML, like Gecko) Chrome/64.0.3282.140 Safari/537.36 Edge/17.17134"
27.34.104.237 - - [19/Sep/2018:07:32:23 +0545] "GET /wp-content/uploads/2017/12/bibek.jpg HTTP/1.1" 200 45985 "https://locus.pcampus.edu.np/locus-2016/" "Mozilla/5.0 (Windows NT 10.0; Win64; x64) AppleWebKit/537.36 (KHTML, like Gecko) Chrome/64.0.3282.140 Safari/537.36 Edge/17.17134"
27.34.104.237 - - [19/Sep/2018:07:32:23 +0545] "GET /wp-content/uploads/2017/12/saroj.jpg HTTP/1.1" 200 82172 "https://locus.pcampus.edu.np/locus-2016/" "Mozilla/5.0 (Windows NT 10.0; Win64; x64) AppleWebKit/537.36 (KHTML, like Gecko) Chrome/64.0.3282.140 Safari/537.36 Edge/17.17134"
27.34.104.237 - - [19/Sep/2018:07:32:23 +0545] "GET /wp-content/uploads/2018/01/11988557_1035314953191579_2921420005874158569_n.jpg HTTP/1.1" 200 116633 "https://locus.pcampus.edu.np/locus-2016/" "Mozilla/5.0 (Windows NT 10.0; Win64; x64) AppleWebKit/537.36 (KHTML, like Gecko) Chrome/64.0.3282.140 Safari/537.36 Edge/17.17134"
27.34.104.237 - - [19/Sep/2018:07:32:23 +0545] "GET /wp-content/uploads/2017/12/Bimal.jpg HTTP/1.1" 200 162085 "https://locus.pcampus.edu.np/locus-2016/" "Mozilla/5.0 (Windows NT 10.0; Win64; x64) AppleWebKit/537.36 (KHTML, like Gecko) Chrome/64.0.3282.140 Safari/537.36 Edge/17.17134"
27.34.104.237 - - [19/Sep/2018:07:32:24 +0545] "GET /wp-content/plugins/accesspress-social-icons/js/frontend.js?ver=1.6.9 HTTP/1.1" 200 1729 "https://locus.pcampus.edu.np/locus-2016/" "Mozilla/5.0 (Windows NT 10.0; Win64; x64) AppleWebKit/537.36 (KHTML, like Gecko) Chrome/64.0.3282.140 Safari/537.36 Edge/17.17134"
27.34.104.237 - - [19/Sep/2018:07:32:24 +0545] "GET /wp-content/uploads/2017/12/angeela-1.jpg HTTP/1.1" 200 89788 "https://locus.pcampus.edu.np/locus-2016/" "Mozilla/5.0 (Windows NT 10.0; Win64; x64) AppleWebKit/537.36 (KHTML, like Gecko) Chrome/64.0.3282.140 Safari/537.36 Edge/17.17134"
